Component: ARM Compiler 5.06 update 4 (build 422) Tool: armlink [4d35d2]

==============================================================================

Section Cross References

    mpu6050.o(i.MPU_Get_Accelerometer) refers to mpu6050.o(i.MPU_Read_Len) for MPU_Read_Len
    mpu6050.o(i.MPU_Get_Gyroscope) refers to mpu6050.o(i.MPU_Read_Len) for MPU_Read_Len
    mpu6050.o(i.MPU_Get_Temperature) refers to mpu6050.o(i.MPU_Read_Len) for MPU_Read_Len
    mpu6050.o(i.MPU_Get_Temperature) refers to dflt_clz.o(x$fpl$dflt) for __aeabi_i2d
    mpu6050.o(i.MPU_Get_Temperature) refers to ddiv.o(x$fpl$ddiv) for __aeabi_ddiv
    mpu6050.o(i.MPU_Get_Temperature) refers to daddsub_clz.o(x$fpl$dadd) for __aeabi_dadd
    mpu6050.o(i.MPU_Get_Temperature) refers to d2f.o(x$fpl$d2f) for __aeabi_d2f
    mpu6050.o(i.MPU_Get_Temperature) refers to fmul.o(x$fpl$fmul) for __aeabi_fmul
    mpu6050.o(i.MPU_Get_Temperature) refers to ffix.o(x$fpl$ffix) for __aeabi_f2iz
    mpu6050.o(i.MPU_Init) refers to mpu6050.o(i.MPU_Write_Byte) for MPU_Write_Byte
    mpu6050.o(i.MPU_Init) refers to stm32f1xx_hal.o(i.HAL_Delay) for HAL_Delay
    mpu6050.o(i.MPU_Init) refers to mpu6050.o(i.MPU_Set_Gyro_Fsr) for MPU_Set_Gyro_Fsr
    mpu6050.o(i.MPU_Init) refers to mpu6050.o(i.MPU_Set_Accel_Fsr) for MPU_Set_Accel_Fsr
    mpu6050.o(i.MPU_Init) refers to mpu6050.o(i.MPU_Set_Rate) for MPU_Set_Rate
    mpu6050.o(i.MPU_Init) refers to mpu6050.o(i.MPU_Read_Byte) for MPU_Read_Byte
    mpu6050.o(i.MPU_Read_Byte) refers to stm32f1xx_hal_i2c.o(i.HAL_I2C_Mem_Read) for HAL_I2C_Mem_Read
    mpu6050.o(i.MPU_Read_Byte) refers to i2c.o(.bss) for hi2c1
    mpu6050.o(i.MPU_Read_Len) refers to stm32f1xx_hal_i2c.o(i.HAL_I2C_Mem_Read) for HAL_I2C_Mem_Read
    mpu6050.o(i.MPU_Read_Len) refers to i2c.o(.bss) for hi2c1
    mpu6050.o(i.MPU_Set_Accel_Fsr) refers to mpu6050.o(i.MPU_Write_Byte) for MPU_Write_Byte
    mpu6050.o(i.MPU_Set_Gyro_Fsr) refers to mpu6050.o(i.MPU_Write_Byte) for MPU_Write_Byte
    mpu6050.o(i.MPU_Set_LPF) refers to mpu6050.o(i.MPU_Write_Byte) for MPU_Write_Byte
    mpu6050.o(i.MPU_Set_Rate) refers to mpu6050.o(i.MPU_Write_Byte) for MPU_Write_Byte
    mpu6050.o(i.MPU_Set_Rate) refers to mpu6050.o(i.MPU_Set_LPF) for MPU_Set_LPF
    mpu6050.o(i.MPU_Write_Byte) refers to stm32f1xx_hal_i2c.o(i.HAL_I2C_Mem_Write) for HAL_I2C_Mem_Write
    mpu6050.o(i.MPU_Write_Byte) refers to i2c.o(.bss) for hi2c1
    mpu6050.o(i.MPU_Write_Len) refers to stm32f1xx_hal_i2c.o(i.HAL_I2C_Mem_Write) for HAL_I2C_Mem_Write
    mpu6050.o(i.MPU_Write_Len) refers to i2c.o(.bss) for hi2c1
    inv_mpu.o(i.accel_self_test) refers to inv_mpu.o(i.get_accel_prod_shift) for get_accel_prod_shift
    inv_mpu.o(i.accel_self_test) refers to fflt_clz.o(x$fpl$fflt) for __aeabi_i2f
    inv_mpu.o(i.accel_self_test) refers to fdiv.o(x$fpl$fdiv) for __aeabi_fdiv
    inv_mpu.o(i.accel_self_test) refers to feqf.o(x$fpl$feqf) for __aeabi_cfcmpeq
    inv_mpu.o(i.accel_self_test) refers to faddsub_clz.o(x$fpl$fsub) for __aeabi_fsub
    inv_mpu.o(i.accel_self_test) refers to frleqf.o(x$fpl$frleqf) for __aeabi_cfrcmple
    inv_mpu.o(i.accel_self_test) refers to fleqf.o(x$fpl$fleqf) for __aeabi_cfcmple
    inv_mpu.o(i.accel_self_test) refers to inv_mpu.o(.constdata) for test
    inv_mpu.o(i.get_accel_prod_shift) refers to mpu6050.o(i.MPU_Read_Len) for MPU_Read_Len
    inv_mpu.o(i.get_accel_prod_shift) refers to fmul.o(x$fpl$fmul) for __aeabi_fmul
    inv_mpu.o(i.get_accel_prod_shift) refers to inv_mpu.o(.data) for st
    inv_mpu.o(i.get_st_biases) refers to mpu6050.o(i.MPU_Write_Len) for MPU_Write_Len
    inv_mpu.o(i.get_st_biases) refers to stm32f1xx_hal.o(i.HAL_Delay) for HAL_Delay
    inv_mpu.o(i.get_st_biases) refers to mpu6050.o(i.MPU_Read_Len) for MPU_Read_Len
    inv_mpu.o(i.get_st_biases) refers to llsdiv.o(.text) for __aeabi_ldivmod
    inv_mpu.o(i.get_st_biases) refers to inv_mpu.o(.data) for st
    inv_mpu.o(i.get_st_biases) refers to inv_mpu.o(.constdata) for test
    inv_mpu.o(i.gyro_self_test) refers to mpu6050.o(i.MPU_Read_Len) for MPU_Read_Len
    inv_mpu.o(i.gyro_self_test) refers to fflt_clz.o(x$fpl$fflt) for __aeabi_i2f
    inv_mpu.o(i.gyro_self_test) refers to fdiv.o(x$fpl$fdiv) for __aeabi_fdiv
    inv_mpu.o(i.gyro_self_test) refers to fflt_clz.o(x$fpl$ffltu) for __aeabi_ui2f
    inv_mpu.o(i.gyro_self_test) refers to fmul.o(x$fpl$fmul) for __aeabi_fmul
    inv_mpu.o(i.gyro_self_test) refers to faddsub_clz.o(x$fpl$fsub) for __aeabi_fsub
    inv_mpu.o(i.gyro_self_test) refers to frleqf.o(x$fpl$frleqf) for __aeabi_cfrcmple
    inv_mpu.o(i.gyro_self_test) refers to fleqf.o(x$fpl$fleqf) for __aeabi_cfcmple
    inv_mpu.o(i.gyro_self_test) refers to inv_mpu.o(.data) for st
    inv_mpu.o(i.gyro_self_test) refers to inv_mpu.o(.constdata) for test
    inv_mpu.o(i.inv_orientation_matrix_to_scalar) refers to inv_mpu.o(i.inv_row_2_scale) for inv_row_2_scale
    inv_mpu.o(i.mpu_configure_fifo) refers to inv_mpu.o(i.set_int_enable) for set_int_enable
[...]
    __rt_entry_main                          0x0800018d   Thumb Code     0  __rtentry2.o(.ARM.Collect$$rtentry$$0000000D)
    __rt_entry_postli_1                      0x0800018d   Thumb Code     0  __rtentry2.o(.ARM.Collect$$rtentry$$0000000C)
    __rt_exit                                0x08000195   Thumb Code     0  rtexit.o(.ARM.Collect$$rtexit$$00000000)
    __rt_exit_ls                             0x08000197   Thumb Code     0  rtexit2.o(.ARM.Collect$$rtexit$$00000003)
    __rt_exit_prels_1                        0x08000197   Thumb Code     0  rtexit2.o(.ARM.Collect$$rtexit$$00000002)
    __rt_exit_exit                           0x0800019b   Thumb Code     0  rtexit2.o(.ARM.Collect$$rtexit$$00000004)
    Reset_Handler                            0x080001a1   Thumb Code     8  startup_stm32f10x_md.o(.text)
    ADC1_2_IRQHandler                        0x080001bb   Thumb Code     0  startup_stm32f10x_md.o(.text)
    CAN1_RX1_IRQHandler                      0x080001bb   Thumb Code     0  startup_stm32f10x_md.o(.text)
    CAN1_SCE_IRQHandler                      0x080001bb   Thumb Code     0  startup_stm32f10x_md.o(.text)
    DMA1_Channel1_IRQHandler                 0x080001bb   Thumb Code     0  startup_stm32f10x_md.o(.text)
    DMA1_Channel2_IRQHandler                 0x080001bb   Thumb Code     0  startup_stm32f10x_md.o(.text)
    DMA1_Channel3_IRQHandler                 0x080001bb   Thumb Code     0  startup_stm32f10x_md.o(.text)
    DMA1_Channel4_IRQHandler                 0x080001bb   Thumb Code     0  startup_stm32f10x_md.o(.text)
    DMA1_Channel5_IRQHandler                 0x080001bb   Thumb Code     0  startup_stm32f10x_md.o(.text)
    DMA1_Channel6_IRQHandler                 0x080001bb   Thumb Code     0  startup_stm32f10x_md.o(.text)
    DMA1_Channel7_IRQHandler                 0x080001bb   Thumb Code     0  startup_stm32f10x_md.o(.text)
    EXTI0_IRQHandler                         0x080001bb   Thumb Code     0  startup_stm32f10x_md.o(.text)
    EXTI15_10_IRQHandler                     0x080001bb   Thumb Code     0  startup_stm32f10x_md.o(.text)
    EXTI1_IRQHandler                         0x080001bb   Thumb Code     0  startup_stm32f10x_md.o(.text)
    EXTI2_IRQHandler                         0x080001bb   Thumb Code     0  startup_stm32f10x_md.o(.text)
    EXTI3_IRQHandler                         0x080001bb   Thumb Code     0  startup_stm32f10x_md.o(.text)
    EXTI4_IRQHandler                         0x080001bb   Thumb Code     0  startup_stm32f10x_md.o(.text)
    EXTI9_5_IRQHandler                       0x080001bb   Thumb Code     0  startup_stm32f10x_md.o(.text)
    FLASH_IRQHandler                         0x080001bb   Thumb Code     0  startup_stm32f10x_md.o(.text)
    I2C1_ER_IRQHandler                       0x080001bb   Thumb Code     0  startup_stm32f10x_md.o(.text)
    I2C1_EV_IRQHandler                       0x080001bb   Thumb Code     0  startup_stm32f10x_md.o(.text)
    I2C2_ER_IRQHandler                       0x080001bb   Thumb Code     0  startup_stm32f10x_md.o(.text)
    I2C2_EV_IRQHandler                       0x080001bb   Thumb Code     0  startup_stm32f10x_md.o(.text)
    PVD_IRQHandler                           0x080001bb   Thumb Code     0  startup_stm32f10x_md.o(.text)
    RCC_IRQHandler                           0x080001bb   Thumb Code     0  startup_stm32f10x_md.o(.text)
    RTCAlarm_IRQHandler                      0x080001bb   Thumb Code     0  startup_stm32f10x_md.o(.text)
    RTC_IRQHandler                           0x080001bb   Thumb Code     0  startup_stm32f10x_md.o(.text)
    SPI1_IRQHandler                          0x080001bb   Thumb Code     0  startup_stm32f10x_md.o(.text)
    SPI2_IRQHandler                          0x080001bb   Thumb Code     0  startup_stm32f10x_md.o(.text)
    TAMPER_IRQHandler                        0x080001bb   Thumb Code     0  startup_stm32f10x_md.o(.text)
    TIM1_BRK_IRQHandler                      0x080001bb   Thumb Code     0  startup_stm32f10x_md.o(.text)
    TIM1_CC_IRQHandler                       0x080001bb   Thumb Code     0  startup_stm32f10x_md.o(.text)
    TIM1_TRG_COM_IRQHandler                  0x080001bb   Thumb Code     0  startup_stm32f10x_md.o(.text)
    TIM1_UP_IRQHandler                       0x080001bb   Thumb Code     0  startup_stm32f10x_md.o(.text)
    TIM3_IRQHandler                          0x080001bb   Thumb Code     0  startup_stm32f10x_md.o(.text)
    TIM4_IRQHandler                          0x080001bb   Thumb Code     0  startup_stm32f10x_md.o(.text)
    USART1_IRQHandler                        0x080001bb   Thumb Code     0  startup_stm32f10x_md.o(.text)
    USART2_IRQHandler                        0x080001bb   Thumb Code     0  startup_stm32f10x_md.o(.text)
    USBWakeUp_IRQHandler                     0x080001bb   Thumb Code     0  startup_stm32f10x_md.o(.text)
    USB_HP_CAN1_TX_IRQHandler                0x080001bb   Thumb Code     0  startup_stm32f10x_md.o(.text)
    USB_LP_CAN1_RX0_IRQHandler               0x080001bb   Thumb Code     0  startup_stm32f10x_md.o(.text)
    WWDG_IRQHandler                          0x080001bb   Thumb Code     0  startup_stm32f10x_md.o(.text)
    __user_initial_stackheap                 0x080001bd   Thumb Code     0  startup_stm32f10x_md.o(.text)
    __aeabi_ldivmod                          0x080001e1   Thumb Code     0  llsdiv.o(.text)
    _ll_sdiv                                 0x080001e1   Thumb Code    72  llsdiv.o(.text)
    __2sprintf                               0x08000229   Thumb Code    34  noretval__2sprintf.o(.text)
    __printf                                 0x08000251   Thumb Code   308  __printf_flags_wp.o(.text)
    memcmp                                   0x08000389   Thumb Code    88  memcmp.o(.text)
    __aeabi_memset                           0x080003e1   Thumb Code    16  aeabi_memset.o(.text)
    __aeabi_memclr4                          0x080003f1   Thumb Code     0  rt_memclr_w.o(.text)
    __aeabi_memclr8                          0x080003f1   Thumb Code     0  rt_memclr_w.o(.text)
    __rt_memclr_w                            0x080003f1   Thumb Code    78  rt_memclr_w.o(.text)
    _memset_w                                0x080003f5   Thumb Code     0  rt_memclr_w.o(.text)
    strcmp                                   0x08000441   Thumb Code   128  strcmpv7m.o(.text)
    __use_two_region_memory                  0x080004c1   Thumb Code     2  heapauxi.o(.text)
    __rt_heap_escrow                         0x080004c3   Thumb Code     2  heapauxi.o(.text)
    __rt_heap_expand                         0x080004c5   Thumb Code     2  heapauxi.o(.text)
    __aeabi_uldivmod                         0x080004c7   Thumb Code     0  lludivv7m.o(.text)
    _ll_udiv                                 0x080004c7   Thumb Code   238  lludivv7m.o(.text)
    __read_errno                             0x080005b5   Thumb Code    10  _rserrno.o(.text)
    __set_errno                              0x080005bf   Thumb Code    12  _rserrno.o(.text)
    __lib_sel_fp_printf                      0x080005cb   Thumb Code     2  _printf_fp_dec.o(.text)
    _printf_fp_dec_real                      0x08000779   Thumb Code   620  _printf_fp_dec.o(.text)
    _printf_char_common                      0x080009ef   Thumb Code    32  _printf_char_common.o(.text)
    _sputc                                   0x08000a15   Thumb Code    10  _sputc.o(.text)
    __aeabi_memclr                           0x08000a1f   Thumb Code     0  rt_memclr.o(.text)
    __rt_memclr                              0x08000a1f   Thumb Code    68  rt_memclr.o(.text)
    _memset                                  0x08000a23   Thumb Code     0  rt_memclr.o(.text)
    __rt_locale                              0x08000a65   Thumb Code     8  rt_locale_intlibspace.o(.text)
    __aeabi_errno_addr                       0x08000a6d   Thumb Code     8  rt_errno_addr_intlibspace.o(.text)
    __errno$intlibspace                      0x08000a6d   Thumb Code     0  rt_errno_addr_intlibspace.o(.text)
    __rt_errno_addr$intlibspace              0x08000a6d   Thumb Code     0  rt_errno_addr_intlibspace.o(.text)
    _ll_udiv10                               0x08000a75   Thumb Code   138  lludiv10.o(.text)
    _printf_fp_infnan                        0x08000b01   Thumb Code   112  _printf_fp_infnan.o(.text)
    _btod_etento                             0x08000b81   Thumb Code   216  bigflt0.o(.text)
    __user_libspace                          0x08000c5d   Thumb Code     8  libspace.o(.text)
    __user_perproc_libspace                  0x08000c5d   Thumb Code     0  libspace.o(.text)
    __user_perthread_libspace                0x08000c5d   Thumb Code     0  libspace.o(.text)
    __user_setup_stackheap                   0x08000c65   Thumb Code    74  sys_stackheap_outer.o(.text)
    exit                                     0x08000caf   Thumb Code    18  exit.o(.text)
    __I$use$semihosting                      0x08000cc1   Thumb Code     0  use_no_semi.o(.text)
    __use_no_semihosting_swi                 0x08000cc1   Thumb Code     2  use_no_semi.o(.text)
    __semihosting_library_function           0x08000cc3   Thumb Code     0  indicate_semi.o(.text)
    _sys_exit                                0x08000cc5   Thumb Code     8  sys_exit.o(.text)
    _btod_d2e                                0x08000cd1   Thumb Code    62  btod.o(CL$$btod_d2e)
    _d2e_denorm_low                          0x08000d0f   Thumb Code    70  btod.o(CL$$btod_d2e_denorm_low)
    _d2e_norm_op1                            0x08000d55   Thumb Code    96  btod.o(CL$$btod_d2e_norm_op1)
    __btod_div_common                        0x08000db5   Thumb Code   696  btod.o(CL$$btod_div_common)
    _e2e                                     0x080010ed   Thumb Code   198  btod.o(CL$$btod_e2e)
    _btod_ediv                               0x080011b3   Thumb Code    40  btod.o(CL$$btod_ediv)
    _btod_emul                               0x080011db   Thumb Code    40  btod.o(CL$$btod_emul)
    __btod_mult_common                       0x08001203   Thumb Code   580  btod.o(CL$$btod_mult_common)
    BigLeft                                  0x08001449   Thumb Code    14  my_main.o(i.BigLeft)
    BigRight                                 0x08001469   Thumb Code    16  my_main.o(i.BigRight)
    BusFault_Handler                         0x08001485   Thumb Code     4  stm32f1xx_it.o(i.BusFault_Handler)
    Contrl                                   0x08001489   Thumb Code    60  my_main.o(i.Contrl)
    DebugMon_Handler                         0x080014d9   Thumb Code     2  stm32f1xx_it.o(i.DebugMon_Handler)
    Error_Handler                            0x080014db   Thumb Code     6  main.o(i.Error_Handler)
    GetVelocity                              0x080014e1   Thumb Code   268  my_main.o(i.GetVelocity)
    HAL_DMA_Abort                            0x0800163d   Thumb Code    86  stm32f1xx_hal_dma.o(i.HAL_DMA_Abort)
    HAL_DMA_Abort_IT                         0x08001695   Thumb Code   172  stm32f1xx_hal_dma.o(i.HAL_DMA_Abort_IT)
    HAL_Delay                                0x08001745   Thumb Code    36  stm32f1xx_hal.o(i.HAL_Delay)
    HAL_GPIO_Init                            0x0800176d   Thumb Code   766  stm32f1xx_hal_gpio.o(i.HAL_GPIO_Init)
    HAL_GPIO_ReadPin                         0x08001a8d   Thumb Code    16  stm32f1xx_hal_gpio.o(i.HAL_GPIO_ReadPin)
    HAL_GPIO_WritePin                        0x08001a9d   Thumb Code    12  stm32f1xx_hal_gpio.o(i.HAL_GPIO_WritePin)
    HAL_GetTick                              0x08001aa9   Thumb Code     6  stm32f1xx_hal.o(i.HAL_GetTick)
    HAL_I2C_Init                             0x08001ab5   Thumb Code   446  stm32f1xx_hal_i2c.o(i.HAL_I2C_Init)
    HAL_I2C_Mem_Read                         0x08001c85   Thumb Code   850  stm32f1xx_hal_i2c.o(i.HAL_I2C_Mem_Read)
    HAL_I2C_Mem_Write                        0x08001fe9   Thumb Code   348  stm32f1xx_hal_i2c.o(i.HAL_I2C_Mem_Write)
    HAL_I2C_MspInit                          0x0800214d   Thumb Code   124  i2c.o(i.HAL_I2C_MspInit)
    HAL_IncTick                              0x080021d9   Thumb Code    16  stm32f1xx_hal.o(i.HAL_IncTick)
    HAL_Init                                 0x080021f1   Thumb Code    34  stm32f1xx_hal.o(i.HAL_Init)
    HAL_InitTick                             0x08002219   Thumb Code    64  stm32f1xx_hal.o(i.HAL_InitTick)
    HAL_MspInit                              0x08002265   Thumb Code    76  stm32f1xx_hal_msp.o(i.HAL_MspInit)
    HAL_NVIC_EnableIRQ                       0x080022b9   Thumb Code    32  stm32f1xx_hal_cortex.o(i.HAL_NVIC_EnableIRQ)
    HAL_NVIC_SetPriority                     0x080022d9   Thumb Code   124  stm32f1xx_hal_cortex.o(i.HAL_NVIC_SetPriority)
    HAL_NVIC_SetPriorityGrouping             0x08002355   Thumb Code    32  stm32f1xx_hal_cortex.o(i.HAL_NVIC_SetPriorityGrouping)
    HAL_RCC_ClockConfig                      0x0800237d   Thumb Code   376  stm32f1xx_hal_rcc.o(i.HAL_RCC_ClockConfig)
    HAL_RCC_GetHCLKFreq                      0x08002509   Thumb Code     6  stm32f1xx_hal_rcc.o(i.HAL_RCC_GetHCLKFreq)
    HAL_RCC_GetPCLK1Freq                     0x08002515   Thumb Code    22  stm32f1xx_hal_rcc.o(i.HAL_RCC_GetPCLK1Freq)
    HAL_RCC_GetPCLK2Freq                     0x08002535   Thumb Code    22  stm32f1xx_hal_rcc.o(i.HAL_RCC_GetPCLK2Freq)
    HAL_RCC_GetSysClockFreq                  0x08002555   Thumb Code    92  stm32f1xx_hal_rcc.o(i.HAL_RCC_GetSysClockFreq)
    HAL_RCC_OscConfig                        0x080025c5   Thumb Code  1114  stm32f1xx_hal_rcc.o(i.HAL_RCC_OscConfig)
    HAL_SYSTICK_Config                       0x08002a29   Thumb Code    52  stm32f1xx_hal_cortex.o(i.HAL_SYSTICK_Config)
    HAL_TIMEx_BreakCallback                  0x08002a5d   Thumb Code     2  stm32f1xx_hal_tim_ex.o(i.HAL_TIMEx_BreakCallback)
    HAL_TIMEx_CommutCallback                 0x08002a5f   Thumb Code     2  stm32f1xx_hal_tim_ex.o(i.HAL_TIMEx_CommutCallback)
    HAL_TIMEx_ConfigBreakDeadTime            0x08002a61   Thumb Code   116  stm32f1xx_hal_tim_ex.o(i.HAL_TIMEx_ConfigBreakDeadTime)
    HAL_TIMEx_MasterConfigSynchronization    0x08002ad5   Thumb Code   118  stm32f1xx_hal_tim_ex.o(i.HAL_TIMEx_MasterConfigSynchronization)
    HAL_TIM_Base_Init                        0x08002b59   Thumb Code   102  stm32f1xx_hal_tim.o(i.HAL_TIM_Base_Init)
    HAL_TIM_Base_MspInit                     0x08002bc1   Thumb Code    94  tim.o(i.HAL_TIM_Base_MspInit)
    HAL_TIM_Base_Start_IT                    0x08002c29   Thumb Code   106  stm32f1xx_hal_tim.o(i.HAL_TIM_Base_Start_IT)
    HAL_TIM_ConfigClockSource                0x08002ca1   Thumb Code   268  stm32f1xx_hal_tim.o(i.HAL_TIM_ConfigClockSource)
    HAL_TIM_Encoder_Init                     0x08002dad   Thumb Code   196  stm32f1xx_hal_tim.o(i.HAL_TIM_Encoder_Init)
    HAL_TIM_Encoder_MspInit                  0x08002e71   Thumb Code   182  tim.o(i.HAL_TIM_Encoder_MspInit)
    HAL_TIM_Encoder_Start                    0x08002f3d   Thumb Code   204  stm32f1xx_hal_tim.o(i.HAL_TIM_Encoder_Start)
    HAL_TIM_IC_CaptureCallback               0x08003009   Thumb Code     2  stm32f1xx_hal_tim.o(i.HAL_TIM_IC_CaptureCallback)
    HAL_TIM_IRQHandler                       0x0800300b   Thumb Code   406  stm32f1xx_hal_tim.o(i.HAL_TIM_IRQHandler)
    HAL_TIM_MspPostInit                      0x080031a1   Thumb Code    76  tim.o(i.HAL_TIM_MspPostInit)
    HAL_TIM_OC_DelayElapsedCallback          0x080031f9   Thumb Code     2  stm32f1xx_hal_tim.o(i.HAL_TIM_OC_DelayElapsedCallback)
    HAL_TIM_PWM_ConfigChannel                0x080031fb   Thumb Code   260  stm32f1xx_hal_tim.o(i.HAL_TIM_PWM_ConfigChannel)
    HAL_TIM_PWM_Init                         0x080032ff   Thumb Code   102  stm32f1xx_hal_tim.o(i.HAL_TIM_PWM_Init)
    HAL_TIM_PWM_MspInit                      0x08003365   Thumb Code     2  stm32f1xx_hal_tim.o(i.HAL_TIM_PWM_MspInit)
    HAL_TIM_PWM_PulseFinishedCallback        0x08003367   Thumb Code     2  stm32f1xx_hal_tim.o(i.HAL_TIM_PWM_PulseFinishedCallback)
    HAL_TIM_PWM_Start                        0x08003369   Thumb Code   198  stm32f1xx_hal_tim.o(i.HAL_TIM_PWM_Start)
    HAL_TIM_PeriodElapsedCallback            0x0800343d   Thumb Code   172  my_main.o(i.HAL_TIM_PeriodElapsedCallback)
    HAL_TIM_TriggerCallback                  0x0800352d   Thumb Code     2  stm32f1xx_hal_tim.o(i.HAL_TIM_TriggerCallback)
    HAL_UARTEx_ReceiveToIdle_IT              0x0800352f   Thumb Code   114  stm32f1xx_hal_uart.o(i.HAL_UARTEx_ReceiveToIdle_IT)
    HAL_UARTEx_RxEventCallback               0x080035a1   Thumb Code   144  my_main.o(i.HAL_UARTEx_RxEventCallback)
    HAL_UART_ErrorCallback                   0x0800365d   Thumb Code     2  stm32f1xx_hal_uart.o(i.HAL_UART_ErrorCallback)
    HAL_UART_IRQHandler                      0x08003661   Thumb Code   736  stm32f1xx_hal_uart.o(i.HAL_UART_IRQHandler)
    HAL_UART_Init                            0x08003945   Thumb Code   118  stm32f1xx_hal_uart.o(i.HAL_UART_Init)
    HAL_UART_MspInit                         0x080039bd   Thumb Code   138  usart.o(i.HAL_UART_MspInit)
    HAL_UART_RxCpltCallback                  0x08003a55   Thumb Code     2  stm32f1xx_hal_uart.o(i.HAL_UART_RxCpltCallback)
    HAL_UART_TxCpltCallback                  0x08003a57   Thumb Code     2  stm32f1xx_hal_uart.o(i.HAL_UART_TxCpltCallback)
    HardFault_Handler                        0x08003a59   Thumb Code     4  stm32f1xx_it.o(i.HardFault_Handler)
    I2CS_Init                                0x08003a5d   Thumb Code    60  i2cs.o(i.I2CS_Init)
    I2C_Start                                0x08003d21   Thumb Code    48  i2cs.o(i.I2C_Start)
    I2C_Stop                                 0x08003d55   Thumb Code    36  i2cs.o(i.I2C_Stop)
    I2C_WaitAck                              0x08003d7d   Thumb Code    26  i2cs.o(i.I2C_WaitAck)
    Limit                                    0x080040ad   Thumb Code    54  my_main.o(i.Limit)
    MPU_Get_Accelerometer                    0x080040e9   Thumb Code    80  mpu6050.o(i.MPU_Get_Accelerometer)
    MPU_Get_Gyroscope                        0x08004139   Thumb Code    80  mpu6050.o(i.MPU_Get_Gyroscope)
    MPU_Read_Len                             0x08004189   Thumb Code    42  mpu6050.o(i.MPU_Read_Len)
    MPU_Write_Len                            0x080041b9   Thumb Code    42  mpu6050.o(i.MPU_Write_Len)
    MX_GPIO_Init                             0x080041e9   Thumb Code   280  gpio.o(i.MX_GPIO_Init)
    MX_I2C1_Init                             0x08004311   Thumb Code    48  i2c.o(i.MX_I2C1_Init)
    MX_TIM1_Init                             0x0800434d   Thumb Code   222  tim.o(i.MX_TIM1_Init)
    MX_TIM2_Init                             0x08004435   Thumb Code   104  tim.o(i.MX_TIM2_Init)
    MX_TIM3_Init                             0x080044a1   Thumb Code   114  tim.o(i.MX_TIM3_Init)
    MX_TIM4_Init                             0x0800451d   Thumb Code   114  tim.o(i.MX_TIM4_Init)
    MX_USART3_UART_Init                      0x08004599   Thumb Code    46  usart.o(i.MX_USART3_UART_Init)
    MemManage_Handler                        0x080045d1   Thumb Code     4  stm32f1xx_it.o(i.MemManage_Handler)
    NMI_Handler                              0x080045d5   Thumb Code     4  stm32f1xx_it.o(i.NMI_Handler)
    OLED_Clear                               0x080045d9   Thumb Code    42  oled.o(i.OLED_Clear)
    OLED_ClearPoint                          0x08004609   Thumb Code    90  oled.o(i.OLED_ClearPoint)
    OLED_DrawPoint                           0x08004669   Thumb Code    54  oled.o(i.OLED_DrawPoint)
    OLED_Init                                0x080046a5   Thumb Code   244  oled.o(i.OLED_Init)
    OLED_Pow                                 0x08004799   Thumb Code    22  oled.o(i.OLED_Pow)
    OLED_Refresh                             0x080047b1   Thumb Code    70  oled.o(i.OLED_Refresh)
    OLED_ShowChar                            0x080047fd   Thumb Code   240  oled.o(i.OLED_ShowChar)
    OLED_ShowFNum                            0x080048f9   Thumb Code    54  oled.o(i.OLED_ShowFNum)
    OLED_ShowNum                             0x0800493d   Thumb Code   116  oled.o(i.OLED_ShowNum)
    OLED_ShowSignedNum                       0x080049b1   Thumb Code   120  oled.o(i.OLED_ShowSignedNum)
    OLED_ShowString                          0x08004a29   Thumb Code    66  oled.o(i.OLED_ShowString)
    OLED_WR_Byte                             0x08004a6b   Thumb Code    56  oled.o(i.OLED_WR_Byte)
    PendSV_Handler                           0x08004aa3   Thumb Code     2  stm32f1xx_it.o(i.PendSV_Handler)
    Read_Encoder                             0x08004acd   Thumb Code    56  tim.o(i.Read_Encoder)
    SVC_Handler                              0x08004b0d   Thumb Code     2  stm32f1xx_it.o(i.SVC_Handler)
    Send_Byte                                0x08004b11   Thumb Code    86  i2cs.o(i.Send_Byte)
    Set_Pwm                                  0x08004b6d   Thumb Code   152  my_main.o(i.Set_Pwm)
    Stop                                     0x08004c25   Thumb Code    28  my_main.o(i.Stop)
    SysTick_Handler                          0x08004c49   Thumb Code     8  stm32f1xx_it.o(i.SysTick_Handler)
    SystemClock_Config                       0x08004c51   Thumb Code   102  main.o(i.SystemClock_Config)
    SystemInit                               0x08004cb7   Thumb Code     2  system_stm32f1xx.o(i.SystemInit)
    TIM2_IRQHandler                          0x08004cb9   Thumb Code    10  stm32f1xx_it.o(i.TIM2_IRQHandler)
    TIM_Base_SetConfig                       0x08004cc9   Thumb Code   104  stm32f1xx_hal_tim.o(i.TIM_Base_SetConfig)
    TIM_CCxChannelCmd                        0x08004d3d   Thumb Code    34  stm32f1xx_hal_tim.o(i.TIM_CCxChannelCmd)
    TIM_ETR_SetConfig                        0x08004d5f   Thumb Code    22  stm32f1xx_hal_tim.o(i.TIM_ETR_SetConfig)
    TIM_OC2_SetConfig                        0x08004de9   Thumb Code   100  stm32f1xx_hal_tim.o(i.TIM_OC2_SetConfig)
    UART_Proc                                0x08004ff1   Thumb Code    30  my_main.o(i.UART_Proc)
    UART_Start_Receive_IT                    0x08005211   Thumb Code    64  stm32f1xx_hal_uart.o(i.UART_Start_Receive_IT)
    USART3_IRQHandler                        0x080052b1   Thumb Code    10  stm32f1xx_it.o(i.USART3_IRQHandler)
    UsageFault_Handler                       0x080052c1   Thumb Code     4  stm32f1xx_it.o(i.UsageFault_Handler)
    Vertical                                 0x080052c5   Thumb Code    82  my_main.o(i.Vertical)
    __ARM_fpclassify                         0x0800532d   Thumb Code    40  fpclassify.o(i.__ARM_fpclassify)
    __kernel_poly                            0x0800538d   Thumb Code   170  poly.o(i.__kernel_poly)
    __mathlib_dbl_infnan                     0x08005437   Thumb Code     6  dunder.o(i.__mathlib_dbl_infnan)
    __mathlib_dbl_infnan2                    0x0800543d   Thumb Code     4  dunder.o(i.__mathlib_dbl_infnan2)
    __mathlib_dbl_invalid                    0x08005441   Thumb Code    12  dunder.o(i.__mathlib_dbl_invalid)
    __mathlib_dbl_underflow                  0x0800544d   Thumb Code    10  dunder.o(i.__mathlib_dbl_underflow)
    _is_digit                                0x0800545d   Thumb Code    14  __printf_wp.o(i._is_digit)
    asin                                     0x08005515   Thumb Code   572  asin.o(i.asin)
    atan                                     0x08005785   Thumb Code   474  atan.o(i.atan)
    atan2                                    0x080059a5   Thumb Code   346  atan2.o(i.atan2)
    dmp_enable_6x_lp_quat                    0x08005b89   Thumb Code    60  inv_mpu_dmp_motion_driver.o(i.dmp_enable_6x_lp_quat)
    dmp_enable_feature                       0x08005bc5   Thumb Code   530  inv_mpu_dmp_motion_driver.o(i.dmp_enable_feature)
    dmp_enable_gyro_cal                      0x08005de1   Thumb Code    62  inv_mpu_dmp_motion_driver.o(i.dmp_enable_gyro_cal)
    dmp_enable_lp_quat                       0x08005e39   Thumb Code    60  inv_mpu_dmp_motion_driver.o(i.dmp_enable_lp_quat)
    dmp_load_motion_driver_firmware          0x08005e75   Thumb Code    20  inv_mpu_dmp_motion_driver.o(i.dmp_load_motion_driver_firmware)
    dmp_read_fifo                            0x08005e8d   Thumb Code   456  inv_mpu_dmp_motion_driver.o(i.dmp_read_fifo)
    dmp_set_accel_bias                       0x08006059   Thumb Code   300  inv_mpu_dmp_motion_driver.o(i.dmp_set_accel_bias)
    dmp_set_fifo_rate                        0x08006189   Thumb Code    96  inv_mpu_dmp_motion_driver.o(i.dmp_set_fifo_rate)
    dmp_set_gyro_bias                        0x080061f9   Thumb Code   294  inv_mpu_dmp_motion_driver.o(i.dmp_set_gyro_bias)
    dmp_set_orientation                      0x08006329   Thumb Code   290  inv_mpu_dmp_motion_driver.o(i.dmp_set_orientation)
    dmp_set_shake_reject_thresh              0x08006461   Thumb Code    56  inv_mpu_dmp_motion_driver.o(i.dmp_set_shake_reject_thresh)
    dmp_set_shake_reject_time                0x08006499   Thumb Code    38  inv_mpu_dmp_motion_driver.o(i.dmp_set_shake_reject_time)
    dmp_set_shake_reject_timeout             0x080064bf   Thumb Code    38  inv_mpu_dmp_motion_driver.o(i.dmp_set_shake_reject_timeout)
    dmp_set_tap_axes                         0x080064e5   Thumb Code    70  inv_mpu_dmp_motion_driver.o(i.dmp_set_tap_axes)
    dmp_set_tap_count                        0x0800652b   Thumb Code    38  inv_mpu_dmp_motion_driver.o(i.dmp_set_tap_count)
    dmp_set_tap_thresh                       0x08006551   Thumb Code   396  inv_mpu_dmp_motion_driver.o(i.dmp_set_tap_thresh)
    dmp_set_tap_time                         0x080066f1   Thumb Code    38  inv_mpu_dmp_motion_driver.o(i.dmp_set_tap_time)
    dmp_set_tap_time_multi                   0x08006717   Thumb Code    38  inv_mpu_dmp_motion_driver.o(i.dmp_set_tap_time_multi)
    inv_orientation_matrix_to_scalar         0x08006d71   Thumb Code    40  inv_mpu.o(i.inv_orientation_matrix_to_scalar)
    inv_row_2_scale                          0x08006d99   Thumb Code    78  inv_mpu.o(i.inv_row_2_scale)
    jizhi                                    0x08006de9   Thumb Code    12  my_main.o(i.jizhi)
    key_proc                                 0x08006dfd   Thumb Code   366  my_main.o(i.key_proc)
    key_read                                 0x08006fad   Thumb Code    36  key.o(i.key_read)
    key_serv_long                            0x08006fd5   Thumb Code   122  key.o(i.key_serv_long)
    left                                     0x08007055   Thumb Code    14  my_main.o(i.left)
    loop                                     0x08007075   Thumb Code    16  my_main.o(i.loop)
    main                                     0x08007085   Thumb Code    48  main.o(i.main)
    mget_ms                                  0x080070b5   Thumb Code     2  inv_mpu.o(i.mget_ms)
    mpu_configure_fifo                       0x080070b9   Thumb Code   106  inv_mpu.o(i.mpu_configure_fifo)
    mpu_dmp_get_data                         0x08007129   Thumb Code   544  inv_mpu.o(i.mpu_dmp_get_data)
    mpu_dmp_init                             0x0800734d   Thumb Code   150  inv_mpu.o(i.mpu_dmp_init)
    mpu_get_accel_fsr                        0x080073e9   Thumb Code    72  inv_mpu.o(i.mpu_get_accel_fsr)
    mpu_get_accel_sens                       0x08007435   Thumb Code    78  inv_mpu.o(i.mpu_get_accel_sens)
    mpu_get_fifo_config                      0x08007489   Thumb Code    12  inv_mpu.o(i.mpu_get_fifo_config)
    mpu_get_gyro_fsr                         0x08007499   Thumb Code    64  inv_mpu.o(i.mpu_get_gyro_fsr)
    mpu_get_gyro_sens                        0x080074dd   Thumb Code    58  inv_mpu.o(i.mpu_get_gyro_sens)
    mpu_get_lpf                              0x0800752d   Thumb Code    74  inv_mpu.o(i.mpu_get_lpf)
    mpu_get_sample_rate                      0x0800757d   Thumb Code    26  inv_mpu.o(i.mpu_get_sample_rate)
    mpu_init                                 0x0800759d   Thumb Code   396  inv_mpu.o(i.mpu_init)
    mpu_load_firmware                        0x0800772d   Thumb Code   180  inv_mpu.o(i.mpu_load_firmware)
    mpu_lp_accel_mode                        0x080077e5   Thumb Code   218  inv_mpu.o(i.mpu_lp_accel_mode)
    mpu_read_fifo_stream                     0x080078c5   Thumb Code   186  inv_mpu.o(i.mpu_read_fifo_stream)
    mpu_read_mem                             0x08007985   Thumb Code   122  inv_mpu.o(i.mpu_read_mem)
    mpu_reset_fifo                           0x08007a05   Thumb Code   450  inv_mpu.o(i.mpu_reset_fifo)
    mpu_run_self_test                        0x08007bcd   Thumb Code   278  inv_mpu.o(i.mpu_run_self_test)
    mpu_set_accel_fsr                        0x08007ce9   Thumb Code   126  inv_mpu.o(i.mpu_set_accel_fsr)
    mpu_set_bypass                           0x08007d6d   Thumb Code   328  inv_mpu.o(i.mpu_set_bypass)
    mpu_set_dmp_state                        0x08007eb9   Thumb Code   138  inv_mpu.o(i.mpu_set_dmp_state)
    mpu_set_gyro_fsr                         0x08007f49   Thumb Code   132  inv_mpu.o(i.mpu_set_gyro_fsr)
    mpu_set_int_latched                      0x08007fd1   Thumb Code   102  inv_mpu.o(i.mpu_set_int_latched)
    mpu_set_lpf                              0x0800803d   Thumb Code   126  inv_mpu.o(i.mpu_set_lpf)
    mpu_set_sample_rate                      0x080080c1   Thumb Code   152  inv_mpu.o(i.mpu_set_sample_rate)
    mpu_set_sensors                          0x0800815d   Thumb Code   202  inv_mpu.o(i.mpu_set_sensors)
    mpu_write_mem                            0x0800822d   Thumb Code   122  inv_mpu.o(i.mpu_write_mem)
    oled_proc                                0x080082ad   Thumb Code   498  my_main.o(i.oled_proc)
    right                                    0x080084f1   Thumb Code    16  my_main.o(i.right)
    run_self_test                            0x0800850d   Thumb Code   148  inv_mpu.o(i.run_self_test)
    set_up                                   0x08008631   Thumb Code   172  my_main.o(i.set_up)
    sqrt                                     0x08008711   Thumb Code    76  sqrt.o(i.sqrt)
    _get_lc_numeric                          0x0800875d   Thumb Code    44  lc_numeric_c.o(locale$$code)
    __aeabi_d2f                              0x08008789   Thumb Code     0  d2f.o(x$fpl$d2f)
    _d2f                                     0x08008789   Thumb Code    98  d2f.o(x$fpl$d2f)
    __aeabi_dadd                             0x080087ed   Thumb Code     0  daddsub_clz.o(x$fpl$dadd)
    _dadd                                    0x080087ed   Thumb Code   332  daddsub_clz.o(x$fpl$dadd)
    __fpl_dcheck_NaN1                        0x0800893d   Thumb Code    10  dcheck1.o(x$fpl$dcheck1)
    __fpl_dcmp_Inf                           0x0800894d   Thumb Code    24  dcmpi.o(x$fpl$dcmpinf)
    __aeabi_ddiv                             0x08008965   Thumb Code     0  ddiv.o(x$fpl$ddiv)
    _ddiv                                    0x08008965   Thumb Code   552  ddiv.o(x$fpl$ddiv)
    __aeabi_cdcmpeq                          0x08008c15   Thumb Code     0  deqf.o(x$fpl$deqf)
    _dcmpeq                                  0x08008c15   Thumb Code   120  deqf.o(x$fpl$deqf)
    __aeabi_dmul                             0x08008c8d   Thumb Code     0  dmul.o(x$fpl$dmul)
    _dmul                                    0x08008c8d   Thumb Code   332  dmul.o(x$fpl$dmul)
    __fpl_dnaninf                            0x08008de1   Thumb Code   156  dnaninf.o(x$fpl$dnaninf)
    __fpl_dretinf                            0x08008e7d   Thumb Code    12  dretinf.o(x$fpl$dretinf)
    __aeabi_drsub                            0x08008e89   Thumb Code     0  daddsub_clz.o(x$fpl$drsb)
    _drsb                                    0x08008e89   Thumb Code    22  daddsub_clz.o(x$fpl$drsb)
    _dsqrt                                   0x08008ea1   Thumb Code   456  dsqrt_noumaal.o(x$fpl$dsqrt)
    __aeabi_dsub                             0x0800906d   Thumb Code     0  daddsub_clz.o(x$fpl$dsub)
    _dsub                                    0x0800906d   Thumb Code   464  daddsub_clz.o(x$fpl$dsub)
    __aeabi_f2d                              0x08009241   Thumb Code     0  f2d.o(x$fpl$f2d)
    _f2d                                     0x08009241   Thumb Code    86  f2d.o(x$fpl$f2d)
    __aeabi_fadd                             0x08009299   Thumb Code     0  faddsub_clz.o(x$fpl$fadd)
    _fadd                                    0x08009299   Thumb Code   196  faddsub_clz.o(x$fpl$fadd)
    __fpl_fcmp_Inf                           0x0800935d   Thumb Code    24  fcmpi.o(x$fpl$fcmpinf)
    __aeabi_fdiv                             0x08009375   Thumb Code     0  fdiv.o(x$fpl$fdiv)
    _fdiv                                    0x08009375   Thumb Code   384  fdiv.o(x$fpl$fdiv)
    __aeabi_cfcmpeq                          0x080094f9   Thumb Code     0  feqf.o(x$fpl$feqf)
    _fcmpeq                                  0x080094f9   Thumb Code   104  feqf.o(x$fpl$feqf)
    __aeabi_f2iz                             0x08009561   Thumb Code     0  ffix.o(x$fpl$ffix)
    _ffix                                    0x08009561   Thumb Code    54  ffix.o(x$fpl$ffix)
    __aeabi_f2uiz                            0x08009599   Thumb Code     0  ffixu.o(x$fpl$ffixu)
    _ffixu                                   0x08009599   Thumb Code    62  ffixu.o(x$fpl$ffixu)
    __aeabi_i2f                              0x080095d9   Thumb Code     0  fflt_clz.o(x$fpl$fflt)
    _fflt                                    0x080095d9   Thumb Code    48  fflt_clz.o(x$fpl$fflt)
    __aeabi_ui2f                             0x08009609   Thumb Code     0  fflt_clz.o(x$fpl$ffltu)
    _ffltu                                   0x08009609   Thumb Code    38  fflt_clz.o(x$fpl$ffltu)
    __aeabi_cfcmple                          0x08009631   Thumb Code     0  fleqf.o(x$fpl$fleqf)
    _fcmple                                  0x08009631   Thumb Code   104  fleqf.o(x$fpl$fleqf)
    __fpl_fcmple_InfNaN                      0x08009683   Thumb Code     0  fleqf.o(x$fpl$fleqf)
    __aeabi_fmul                             0x08009699   Thumb Code     0  fmul.o(x$fpl$fmul)
    _fmul                                    0x08009699   Thumb Code   258  fmul.o(x$fpl$fmul)
    __fpl_fnaninf                            0x0800979b   Thumb Code   140  fnaninf.o(x$fpl$fnaninf)
    __fpl_fretinf                            0x08009827   Thumb Code    10  fretinf.o(x$fpl$fretinf)
    __aeabi_cfrcmple                         0x08009831   Thumb Code     0  frleqf.o(x$fpl$frleqf)
    _frcmple                                 0x08009831   Thumb Code    98  frleqf.o(x$fpl$frleqf)
    __aeabi_fsub                             0x08009895   Thumb Code     0  faddsub_clz.o(x$fpl$fsub)
    _fsub                                    0x08009895   Thumb Code   234  faddsub_clz.o(x$fpl$fsub)
    _printf_fp_dec                           0x0800997f   Thumb Code     4  printf1.o(x$fpl$printf1)
    __fpl_return_NaN                         0x08009983   Thumb Code   100  retnan.o(x$fpl$retnan)
    __ARM_scalbn                             0x080099e7   Thumb Code    92  scalbn.o(x$fpl$scalbn)
    __fpl_cmpreturn                          0x08009a43   Thumb Code    48  trapv.o(x$fpl$trapveneer)
    __I$use$fp                               0x08009a72   Number         0  usenofp.o(x$fpl$usenofp)
    reg                                      0x08009a74   Data          27  inv_mpu.o(.constdata)
    hw                                       0x08009a90   Data          12  inv_mpu.o(.constdata)
    test                                     0x08009a9c   Data          40  inv_mpu.o(.constdata)
    AHBPrescTable                            0x0800a6cc   Data          16  system_stm32f1xx.o(.constdata)
    APBPrescTable                            0x0800a6dc   Data           8  system_stm32f1xx.o(.constdata)
    asc2_1206                                0x0800a6e4   Data        1140  oled.o(.constdata)
    asc2_1608                                0x0800ab58   Data        1520  oled.o(.constdata)
    asc2_2412                                0x0800b148   Data        3420  oled.o(.constdata)
    Dino_bmp                                 0x0800bea4   Data          64  oled.o(.constdata)
    JUMP_bmp                                 0x0800bee4   Data         384  oled.o(.constdata)
    C1_bmp                                   0x0800c064   Data          16  oled.o(.constdata)
    C2_bmp                                   0x0800c074   Data          32  oled.o(.constdata)
    C3_bmp                                   0x0800c094   Data          48  oled.o(.constdata)
    C4_bmp                                   0x0800c0c4   Data          48  oled.o(.constdata)
    GO_bmp                                   0x0800c0f4   Data        1024  oled.o(.constdata)
    START_bmp                                0x0800c4f4   Data        1024  oled.o(.constdata)
    __mathlib_zero                           0x0800c9f0   Data           8  qnan.o(.constdata)
    Region$$Table$$Base                      0x0800ca8c   Number         0  anon$$obj.o(Region$$Table)
    Region$$Table$$Limit                     0x0800caac   Number         0  anon$$obj.o(Region$$Table)
    uwTick                                   0x20000038   Data           4  stm32f1xx_hal.o(.data)
    uwTickPrio                               0x2000003c   Data           4  stm32f1xx_hal.o(.data)
    uwTickFreq                               0x20000040   Data           1  stm32f1xx_hal.o(.data)
    SystemCoreClock                          0x20000044   Data           4  system_stm32f1xx.o(.data)
    uwTick_UART                              0x20000048   Data           4  my_main.o(.data)
    Vertical_out                             0x2000004c   Data           4  my_main.o(.data)
    Velocity_out                             0x20000050   Data           4  my_main.o(.data)
    Turn_out                                 0x20000054   Data           4  my_main.o(.data)
    Encoder_Left                             0x20000058   Data           4  my_main.o(.data)
    Encoder_Right                            0x2000005c   Data           4  my_main.o(.data)
    Balance_PWM                              0x20000060   Data           4  my_main.o(.data)
    Moto1                                    0x20000064   Data           4  my_main.o(.data)
    Moto2                                    0x20000068   Data           4  my_main.o(.data)
    PWM_out                                  0x2000006c   Data           4  my_main.o(.data)
    Turn_Pwm                                 0x20000070   Data           4  my_main.o(.data)
    AIN1                                     0x20000074   Data           1  my_main.o(.data)
    AIN2                                     0x20000075   Data           1  my_main.o(.data)
    BIN1                                     0x20000076   Data           1  my_main.o(.data)
    BIN2                                     0x20000077   Data           1  my_main.o(.data)
    Moto_Flag                                0x20000078   Data           1  my_main.o(.data)
    Start_Flag                               0x20000079   Data           1  my_main.o(.data)
    Pitch                                    0x2000007c   Data           4  my_main.o(.data)
    Roll                                     0x20000080   Data           4  my_main.o(.data)
    Yaw                                      0x20000084   Data           4  my_main.o(.data)
    gyrox                                    0x20000088   Data           2  my_main.o(.data)
    gyroy                                    0x2000008a   Data           2  my_main.o(.data)
    gyroz                                    0x2000008c   Data           2  my_main.o(.data)
    aacx                                     0x2000008e   Data           2  my_main.o(.data)
    aacy                                     0x20000090   Data           2  my_main.o(.data)
    aacz                                     0x20000092   Data           2  my_main.o(.data)
    Med_Angle                                0x20000094   Data           4  my_main.o(.data)
    Flag_forward                             0x20000098   Data           1  my_main.o(.data)
    Flag_retreat                             0x20000099   Data           1  my_main.o(.data)
    Flag_left                                0x2000009a   Data           1  my_main.o(.data)
    Flag_right                               0x2000009b   Data           1  my_main.o(.data)
    Tiao_Who                                 0x2000009c   Data           1  my_main.o(.data)
    test_num_VERp                            0x200000a0   Data           4  my_main.o(.data)
    test_num_VERd                            0x200000a4   Data           4  my_main.o(.data)
    test_num_VELp                            0x200000a8   Data           4  my_main.o(.data)
    Bias                                     0x200000ac   Data           4  my_main.o(.data)
    Vertical_Kp                              0x200000b0   Data           4  my_main.o(.data)
    Vertical_Kd                              0x200000b4   Data           4  my_main.o(.data)
    Med                                      0x200000b8   Data           4  my_main.o(.data)
    Velocity                                 0x200000bc   Data           4  my_main.o(.data)
    Encoder_Err                              0x200000c0   Data           4  my_main.o(.data)
    Encoder                                  0x200000c4   Data           4  my_main.o(.data)
    Encoder_last                             0x200000c8   Data           4  my_main.o(.data)
    Movement                                 0x200000cc   Data           4  my_main.o(.data)
    Encoder_Integral                         0x200000d0   Data           4  my_main.o(.data)
    kp                                       0x200000d4   Data           4  my_main.o(.data)
    ki                                       0x200000d8   Data           4  my_main.o(.data)
    Black_miss_flag                          0x200000dc   Data           1  my_main.o(.data)
    test111                                  0x200000dd   Data           1  my_main.o(.data)
    page                                     0x200000de   Data           1  my_main.o(.data)
    hi2c1                                    0x200000f0   Data          84  i2c.o(.bss)
    htim1                                    0x20000144   Data          72  tim.o(.bss)
    htim2                                    0x2000018c   Data          72  tim.o(.bss)
    htim3                                    0x200001d4   Data          72  tim.o(.bss)
    htim4                                    0x2000021c   Data          72  tim.o(.bss)
    huart3                                   0x20000264   Data          72  usart.o(.bss)
    bkey                                     0x200002ac   Data          24  key.o(.bss)
    Usart3_RX_Buf                            0x200002c4   Data          50  my_main.o(.bss)
    Usart3_TX_Buf                            0x200002f6   Data          50  my_main.o(.bss)
    temp                                     0x20000328   Data          50  my_main.o(.bss)
    OLED_GRAM                                0x2000035a   Data        1152  oled.o(.bss)
    __libspace_start                         0x200007dc   Data          96  libspace.o(.bss)
    __temporary_stack_top$libspace           0x2000083c   Data           0  libspace.o(.bss)



==============================================================================

Memory Map of the image

  Image Entry point : 0x080000ed

  Load Region LR_IROM1 (Base: 0x08000000, Size: 0x0000cba8, Max: 0x00010000, ABSOLUTE)

    Execution Region ER_IROM1 (Exec base: 0x08000000, Load base: 0x08000000, Size: 0x0000cac8, Max: 0x00010000, ABSOLUTE)

    Exec Addr    Load Addr    Size         Type   Attr      Idx    E Section Name        Object

    0x08000000   0x08000000   0x000000ec   Data   RO         4018    RESET               startup_stm32f10x_md.o
    0x080000ec   0x080000ec   0x00000008   Code   RO         4625  * !!!main             c_w.l(__main.o)
    0x080000f4   0x080000f4   0x00000034   Code   RO         5171    !!!scatter          c_w.l(__scatter.o)
    0x08000128   0x08000128   0x0000001a   Code   RO         5173    !!handler_copy      c_w.l(__scatter_copy.o)
    0x08000142   0x08000142   0x00000002   PAD
    0x08000144   0x08000144   0x0000001c   Code   RO         5175    !!handler_zi        c_w.l(__scatter_zi.o)
    0x08000160   0x08000160   0x00000000   Code   RO         4609    .ARM.Collect$$_printf_percent$$00000000  c_w.l(_printf_percent.o)
    0x08000160   0x08000160   0x00000006   Code   RO         4608    .ARM.Collect$$_printf_percent$$00000003  c_w.l(_printf_f.o)
    0x08000166   0x08000166   0x00000004   Code   RO         4718    .ARM.Collect$$_printf_percent$$00000017  c_w.l(_printf_percent_end.o)
    0x0800016a   0x0800016a   0x00000002   Code   RO         5011    .ARM.Collect$$libinit$$00000000  c_w.l(libinit.o)
    0x0800016c   0x0800016c   0x00000000   Code   RO         4728    .ARM.Collect$$libinit$$00000002  c_w.l(libinit2.o)
    0x0800016c   0x0800016c   0x00000000   Code   RO         4730    .ARM.Collect$$libinit$$00000004  c_w.l(libinit2.o)
    0x0800016c   0x0800016c   0x00000000   Code   RO         4733    .ARM.Collect$$libinit$$0000000A  c_w.l(libinit2.o)
    0x0800016c   0x0800016c   0x00000000   Code   RO         4735    .ARM.Collect$$libinit$$0000000C  c_w.l(libinit2.o)
    0x0800016c   0x0800016c   0x00000000   Code   RO         4737    .ARM.Collect$$libinit$$0000000E  c_w.l(libinit2.o)
    0x0800016c   0x0800016c   0x00000006   Code   RO         4738    .ARM.Collect$$libinit$$0000000F  c_w.l(libinit2.o)
    0x08000172   0x08000172   0x00000000   Code   RO         4740    .ARM.Collect$$libinit$$00000011  c_w.l(libinit2.o)
    0x08000172   0x08000172   0x00000000   Code   RO         4742    .ARM.Collect$$libinit$$00000013  c_w.l(libinit2.o)
    0x08000172   0x08000172   0x00000000   Code   RO         4744    .ARM.Collect$$libinit$$00000015  c_w.l(libinit2.o)
    0x08000172   0x08000172   0x0000000a   Code   RO         4745    .ARM.Collect$$libinit$$00000016  c_w.l(libinit2.o)
    0x0800017c   0x0800017c   0x00000000   Code   RO         4746    .ARM.Collect$$libinit$$00000017  c_w.l(libinit2.o)
    0x0800017c   0x0800017c   0x00000000   Code   RO         4748    .ARM.Collect$$libinit$$00000019  c_w.l(libinit2.o)
    0x0800017c   0x0800017c   0x00000000   Code   RO         4750    .ARM.Collect$$libinit$$0000001B  c_w.l(libinit2.o)
    0x0800017c   0x0800017c   0x00000000   Code   RO         4752    .ARM.Collect$$libinit$$0000001D  c_w.l(libinit2.o)
    0x0800017c   0x0800017c   0x00000000   Code   RO         4754    .ARM.Collect$$libinit$$0000001F  c_w.l(libinit2.o)
    0x0800017c   0x0800017c   0x00000000   Code   RO         4756    .ARM.Collect$$libinit$$00000021  c_w.l(libinit2.o)
    0x0800017c   0x0800017c   0x00000000   Code   RO         4758    .ARM.Collect$$libinit$$00000023  c_w.l(libinit2.o)
    0x0800017c   0x0800017c   0x00000000   Code   RO         4760    .ARM.Collect$$libinit$$00000025  c_w.l(libinit2.o)
    0x0800017c   0x0800017c   0x00000000   Code   RO         4764    .ARM.Collect$$libinit$$0000002C  c_w.l(libinit2.o)
    0x0800017c   0x0800017c   0x00000000   Code   RO         4766    .ARM.Collect$$libinit$$0000002E  c_w.l(libinit2.o)
    0x0800017c   0x0800017c   0x00000000   Code   RO         4768    .ARM.Collect$$libinit$$00000030  c_w.l(libinit2.o)
    0x0800017c   0x0800017c   0x00000000   Code   RO         4770    .ARM.Collect$$libinit$$00000032  c_w.l(libinit2.o)
    0x0800017c   0x0800017c   0x00000002   Code   RO         4771    .ARM.Collect$$libinit$$00000033  c_w.l(libinit2.o)
    0x0800017e   0x0800017e   0x00000002   Code   RO         5152    .ARM.Collect$$libshutdown$$00000000  c_w.l(libshutdown.o)
    0x08000180   0x08000180   0x00000000   Code   RO         5013    .ARM.Collect$$libshutdown$$00000002  c_w.l(libshutdown2.o)
    0x08000180   0x08000180   0x00000000   Code   RO         5015    .ARM.Collect$$libshutdown$$00000004  c_w.l(libshutdown2.o)
    0x08000180   0x08000180   0x00000000   Code   RO         5018    .ARM.Collect$$libshutdown$$00000007  c_w.l(libshutdown2.o)
    0x08000180   0x08000180   0x00000000   Code   RO         5021    .ARM.Collect$$libshutdown$$0000000A  c_w.l(libshutdown2.o)
    0x08000180   0x08000180   0x00000000   Code   RO         5023    .ARM.Collect$$libshutdown$$0000000C  c_w.l(libshutdown2.o)
    0x08000180   0x08000180   0x00000000   Code   RO         5026    .ARM.Collect$$libshutdown$$0000000F  c_w.l(libshutdown2.o)
    0x08000180   0x08000180   0x00000002   Code   RO         5027    .ARM.Collect$$libshutdown$$00000010  c_w.l(libshutdown2.o)
    0x08000182   0x08000182   0x00000000   Code   RO         4703    .ARM.Collect$$rtentry$$00000000  c_w.l(__rtentry.o)
    0x08000182   0x08000182   0x00000000   Code   RO         4825    .ARM.Collect$$rtentry$$00000002  c_w.l(__rtentry2.o)
    0x08000182   0x08000182   0x00000006   Code   RO         4837    .ARM.Collect$$rtentry$$00000004  c_w.l(__rtentry4.o)
    0x08000188   0x08000188   0x00000000   Code   RO         4827    .ARM.Collect$$rtentry$$00000009  c_w.l(__rtentry2.o)
    0x08000188   0x08000188   0x00000004   Code   RO         4828    .ARM.Collect$$rtentry$$0000000A  c_w.l(__rtentry2.o)
    0x0800018c   0x0800018c   0x00000000   Code   RO         4830    .ARM.Collect$$rtentry$$0000000C  c_w.l(__rtentry2.o)
    0x0800018c   0x0800018c   0x00000008   Code   RO         4831    .ARM.Collect$$rtentry$$0000000D  c_w.l(__rtentry2.o)
    0x08000194   0x08000194   0x00000002   Code   RO         5037    .ARM.Collect$$rtexit$$00000000  c_w.l(rtexit.o)
    0x08000196   0x08000196   0x00000000   Code   RO         5103    .ARM.Collect$$rtexit$$00000002  c_w.l(rtexit2.o)
    0x08000196   0x08000196   0x00000004   Code   RO         5104    .ARM.Collect$$rtexit$$00000003  c_w.l(rtexit2.o)
    0x0800019a   0x0800019a   0x00000006   Code   RO         5105    .ARM.Collect$$rtexit$$00000004  c_w.l(rtexit2.o)
    0x080001a0   0x080001a0   0x00000040   Code   RO         4019    .text               startup_stm32f10x_md.o
    0x080001e0   0x080001e0   0x00000048   Code   RO         4552    .text               c_w.l(llsdiv.o)
    0x08000228   0x08000228   0x00000028   Code   RO         4560    .text               c_w.l(noretval__2sprintf.o)
    0x08000250   0x08000250   0x00000138   Code   RO         4599    .text               c_w.l(__printf_flags_wp.o)
    0x08000388   0x08000388   0x00000058   Code   RO         4615    .text               c_w.l(memcmp.o)
    0x080003e0   0x080003e0   0x00000010   Code   RO         4617    .text               c_w.l(aeabi_memset.o)
    0x080003f0   0x080003f0   0x0000004e   Code   RO         4619    .text               c_w.l(rt_memclr_w.o)
    0x0800043e   0x0800043e   0x00000002   PAD
    0x08000440   0x08000440   0x00000080   Code   RO         4621    .text               c_w.l(strcmpv7m.o)
    0x080004c0   0x080004c0   0x00000006   Code   RO         4623    .text               c_w.l(heapauxi.o)
    0x080004c6   0x080004c6   0x000000ee   Code   RO         4704    .text               c_w.l(lludivv7m.o)
    0x080005b4   0x080005b4   0x00000016   Code   RO         4706    .text               c_w.l(_rserrno.o)
    0x080005ca   0x080005ca   0x0000041a   Code   RO         4710    .text               c_w.l(_printf_fp_dec.o)
    0x080009e4   0x080009e4   0x00000030   Code   RO         4712    .text               c_w.l(_printf_char_common.o)
    0x08000a14   0x08000a14   0x0000000a   Code   RO         4714    .text               c_w.l(_sputc.o)
    0x08000a1e   0x08000a1e   0x00000044   Code   RO         4725    .text               c_w.l(rt_memclr.o)
    0x08000a62   0x08000a62   0x00000002   PAD
    0x08000a64   0x08000a64   0x00000008   Code   RO         4846    .text               c_w.l(rt_locale_intlibspace.o)
    0x08000a6c   0x08000a6c   0x00000008   Code   RO         4851    .text               c_w.l(rt_errno_addr_intlibspace.o)
    0x08000a74   0x08000a74   0x0000008a   Code   RO         4853    .text               c_w.l(lludiv10.o)
    0x08000afe   0x08000afe   0x00000002   PAD
    0x08000b00   0x08000b00   0x00000080   Code   RO         4855    .text               c_w.l(_printf_fp_infnan.o)
    0x08000b80   0x08000b80   0x000000dc   Code   RO         4859    .text               c_w.l(bigflt0.o)
    0x08000c5c   0x08000c5c   0x00000008   Code   RO         4918    .text               c_w.l(libspace.o)
    0x08000c64   0x08000c64   0x0000004a   Code   RO         4923    .text               c_w.l(sys_stackheap_outer.o)
    0x08000cae   0x08000cae   0x00000012   Code   RO         4996    .text               c_w.l(exit.o)
    0x08000cc0   0x08000cc0   0x00000002   Code   RO         5034    .text               c_w.l(use_no_semi.o)
    0x08000cc2   0x08000cc2   0x00000000   Code   RO         5036    .text               c_w.l(indicate_semi.o)
    0x08000cc2   0x08000cc2   0x00000002   PAD
    0x08000cc4   0x08000cc4   0x0000000c   Code   RO         5100    .text               c_w.l(sys_exit.o)
    0x08000cd0   0x08000cd0   0x0000003e   Code   RO         4862    CL$$btod_d2e        c_w.l(btod.o)
    0x08000d0e   0x08000d0e   0x00000046   Code   RO         4864    CL$$btod_d2e_denorm_low  c_w.l(btod.o)
    0x08000d54   0x08000d54   0x00000060   Code   RO         4863    CL$$btod_d2e_norm_op1  c_w.l(btod.o)
    0x08000db4   0x08000db4   0x00000338   Code   RO         4872    CL$$btod_div_common  c_w.l(btod.o)
    0x080010ec   0x080010ec   0x000000c6   Code   RO         4869    CL$$btod_e2e        c_w.l(btod.o)
    0x080011b2   0x080011b2   0x00000028   Code   RO         4866    CL$$btod_ediv       c_w.l(btod.o)
    0x080011da   0x080011da   0x00000028   Code   RO         4865    CL$$btod_emul       c_w.l(btod.o)
    0x08001202   0x08001202   0x00000244   Code   RO         4871    CL$$btod_mult_common  c_w.l(btod.o)
    0x08001446   0x08001446   0x00000002   PAD
    0x08001448   0x08001448   0x00000020   Code   RO         4118    i.BigLeft           my_main.o
    0x08001468   0x08001468   0x0000001c   Code   RO         4119    i.BigRight          my_main.o
    0x08001484   0x08001484   0x00000004   Code   RO         1029    i.BusFault_Handler  stm32f1xx_it.o
    0x08001488   0x08001488   0x00000050   Code   RO         4120    i.Contrl            my_main.o
    0x080014d8   0x080014d8   0x00000002   Code   RO         1030    i.DebugMon_Handler  stm32f1xx_it.o
    0x080014da   0x080014da   0x00000006   Code   RO          760    i.Error_Handler     main.o
    0x080014e0   0x080014e0   0x0000015c   Code   RO         4121    i.GetVelocity       my_main.o
    0x0800163c   0x0800163c   0x00000056   Code   RO         2040    i.HAL_DMA_Abort     stm32f1xx_hal_dma.o
    0x08001692   0x08001692   0x00000002   PAD
    0x08001694   0x08001694   0x000000b0   Code   RO         2041    i.HAL_DMA_Abort_IT  stm32f1xx_hal_dma.o
    0x08001744   0x08001744   0x00000028   Code   RO         1661    i.HAL_Delay         stm32f1xx_hal.o
    0x0800176c   0x0800176c   0x00000320   Code   RO         1976    i.HAL_GPIO_Init     stm32f1xx_hal_gpio.o
    0x08001a8c   0x08001a8c   0x00000010   Code   RO         1978    i.HAL_GPIO_ReadPin  stm32f1xx_hal_gpio.o
    0x08001a9c   0x08001a9c   0x0000000c   Code   RO         1980    i.HAL_GPIO_WritePin  stm32f1xx_hal_gpio.o
    0x08001aa8   0x08001aa8   0x0000000c   Code   RO         1665    i.HAL_GetTick       stm32f1xx_hal.o
    0x08001ab4   0x08001ab4   0x000001d0   Code   RO         1188    i.HAL_I2C_Init      stm32f1xx_hal_i2c.o
    0x08001c84   0x08001c84   0x00000364   Code   RO         1206    i.HAL_I2C_Mem_Read  stm32f1xx_hal_i2c.o
    0x08001fe8   0x08001fe8   0x00000164   Code   RO         1209    i.HAL_I2C_Mem_Write  stm32f1xx_hal_i2c.o
    0x0800214c   0x0800214c   0x0000008c   Code   RO          854    i.HAL_I2C_MspInit   i2c.o
    0x080021d8   0x080021d8   0x00000018   Code   RO         1671    i.HAL_IncTick       stm32f1xx_hal.o
    0x080021f0   0x080021f0   0x00000028   Code   RO         1672    i.HAL_Init          stm32f1xx_hal.o
    0x08002218   0x08002218   0x0000004c   Code   RO         1673    i.HAL_InitTick      stm32f1xx_hal.o
    0x08002264   0x08002264   0x00000054   Code   RO         1117    i.HAL_MspInit       stm32f1xx_hal_msp.o
    0x080022b8   0x080022b8   0x00000020   Code   RO         2136    i.HAL_NVIC_EnableIRQ  stm32f1xx_hal_cortex.o
    0x080022d8   0x080022d8   0x0000007c   Code   RO         2142    i.HAL_NVIC_SetPriority  stm32f1xx_hal_cortex.o
    0x08002354   0x08002354   0x00000028   Code   RO         2143    i.HAL_NVIC_SetPriorityGrouping  stm32f1xx_hal_cortex.o
    0x0800237c   0x0800237c   0x0000018c   Code   RO         1829    i.HAL_RCC_ClockConfig  stm32f1xx_hal_rcc.o
    0x08002508   0x08002508   0x0000000c   Code   RO         1834    i.HAL_RCC_GetHCLKFreq  stm32f1xx_hal_rcc.o
    0x08002514   0x08002514   0x00000020   Code   RO         1836    i.HAL_RCC_GetPCLK1Freq  stm32f1xx_hal_rcc.o
    0x08002534   0x08002534   0x00000020   Code   RO         1837    i.HAL_RCC_GetPCLK2Freq  stm32f1xx_hal_rcc.o
    0x08002554   0x08002554   0x00000070   Code   RO         1838    i.HAL_RCC_GetSysClockFreq  stm32f1xx_hal_rcc.o
    0x080025c4   0x080025c4   0x00000464   Code   RO         1841    i.HAL_RCC_OscConfig  stm32f1xx_hal_rcc.o
    0x08002a28   0x08002a28   0x00000034   Code   RO         2147    i.HAL_SYSTICK_Config  stm32f1xx_hal_cortex.o
    0x08002a5c   0x08002a5c   0x00000002   Code   RO         3379    i.HAL_TIMEx_BreakCallback  stm32f1xx_hal_tim_ex.o
    0x08002a5e   0x08002a5e   0x00000002   Code   RO         3380    i.HAL_TIMEx_CommutCallback  stm32f1xx_hal_tim_ex.o
    0x08002a60   0x08002a60   0x00000074   Code   RO         3382    i.HAL_TIMEx_ConfigBreakDeadTime  stm32f1xx_hal_tim_ex.o
    0x08002ad4   0x08002ad4   0x00000084   Code   RO         3398    i.HAL_TIMEx_MasterConfigSynchronization  stm32f1xx_hal_tim_ex.o
    0x08002b58   0x08002b58   0x00000066   Code   RO         2664    i.HAL_TIM_Base_Init  stm32f1xx_hal_tim.o
    0x08002bbe   0x08002bbe   0x00000002   PAD
    0x08002bc0   0x08002bc0   0x00000068   Code   RO          896    i.HAL_TIM_Base_MspInit  tim.o
    0x08002c28   0x08002c28   0x00000078   Code   RO         2669    i.HAL_TIM_Base_Start_IT  stm32f1xx_hal_tim.o
    0x08002ca0   0x08002ca0   0x0000010c   Code   RO         2673    i.HAL_TIM_ConfigClockSource  stm32f1xx_hal_tim.o
    0x08002dac   0x08002dac   0x000000c4   Code   RO         2685    i.HAL_TIM_Encoder_Init  stm32f1xx_hal_tim.o
    0x08002e70   0x08002e70   0x000000cc   Code   RO          898    i.HAL_TIM_Encoder_MspInit  tim.o
    0x08002f3c   0x08002f3c   0x000000cc   Code   RO         2688    i.HAL_TIM_Encoder_Start  stm32f1xx_hal_tim.o
    0x08003008   0x08003008   0x00000002   Code   RO         2698    i.HAL_TIM_IC_CaptureCallback  stm32f1xx_hal_tim.o
    0x0800300a   0x0800300a   0x00000196   Code   RO         2712    i.HAL_TIM_IRQHandler  stm32f1xx_hal_tim.o
    0x080031a0   0x080031a0   0x00000058   Code   RO          899    i.HAL_TIM_MspPostInit  tim.o
    0x080031f8   0x080031f8   0x00000002   Code   RO         2715    i.HAL_TIM_OC_DelayElapsedCallback  stm32f1xx_hal_tim.o
    0x080031fa   0x080031fa   0x00000104   Code   RO         2736    i.HAL_TIM_PWM_ConfigChannel  stm32f1xx_hal_tim.o
    0x080032fe   0x080032fe   0x00000066   Code   RO         2739    i.HAL_TIM_PWM_Init  stm32f1xx_hal_tim.o
    0x08003364   0x08003364   0x00000002   Code   RO         2741    i.HAL_TIM_PWM_MspInit  stm32f1xx_hal_tim.o
    0x08003366   0x08003366   0x00000002   Code   RO         2742    i.HAL_TIM_PWM_PulseFinishedCallback  stm32f1xx_hal_tim.o
    0x08003368   0x08003368   0x000000d4   Code   RO         2744    i.HAL_TIM_PWM_Start  stm32f1xx_hal_tim.o
    0x0800343c   0x0800343c   0x000000f0   Code   RO         4122    i.HAL_TIM_PeriodElapsedCallback  my_main.o
    0x0800352c   0x0800352c   0x00000002   Code   RO         2755    i.HAL_TIM_TriggerCallback  stm32f1xx_hal_tim.o
    0x0800352e   0x0800352e   0x00000072   Code   RO         3657    i.HAL_UARTEx_ReceiveToIdle_IT  stm32f1xx_hal_uart.o
    0x080035a0   0x080035a0   0x000000bc   Code   RO         4123    i.HAL_UARTEx_RxEventCallback  my_main.o
    0x0800365c   0x0800365c   0x00000002   Code   RO         3672    i.HAL_UART_ErrorCallback  stm32f1xx_hal_uart.o
    0x0800365e   0x0800365e   0x00000002   PAD
    0x08003660   0x08003660   0x000002e4   Code   RO         3675    i.HAL_UART_IRQHandler  stm32f1xx_hal_uart.o
    0x08003944   0x08003944   0x00000076   Code   RO         3676    i.HAL_UART_Init     stm32f1xx_hal_uart.o
    0x080039ba   0x080039ba   0x00000002   PAD
    0x080039bc   0x080039bc   0x00000098   Code   RO          988    i.HAL_UART_MspInit  usart.o
    0x08003a54   0x08003a54   0x00000002   Code   RO         3682    i.HAL_UART_RxCpltCallback  stm32f1xx_hal_uart.o
    0x08003a56   0x08003a56   0x00000002   Code   RO         3687    i.HAL_UART_TxCpltCallback  stm32f1xx_hal_uart.o
    0x08003a58   0x08003a58   0x00000004   Code   RO         1031    i.HardFault_Handler  stm32f1xx_it.o
    0x08003a5c   0x08003a5c   0x00000044   Code   RO         4273    i.I2CS_Init         i2cs.o
    0x08003aa0   0x08003aa0   0x0000003e   Code   RO         1232    i.I2C_IsAcknowledgeFailed  stm32f1xx_hal_i2c.o
    0x08003ade   0x08003ade   0x00000002   PAD
    0x08003ae0   0x08003ae0   0x00000160   Code   RO         1243    i.I2C_RequestMemoryRead  stm32f1xx_hal_i2c.o
    0x08003c40   0x08003c40   0x000000e0   Code   RO         1244    i.I2C_RequestMemoryWrite  stm32f1xx_hal_i2c.o
    0x08003d20   0x08003d20   0x00000034   Code   RO         4274    i.I2C_Start         i2cs.o
    0x08003d54   0x08003d54   0x00000028   Code   RO         4275    i.I2C_Stop          i2cs.o
    0x08003d7c   0x08003d7c   0x00000020   Code   RO         4276    i.I2C_WaitAck       i2cs.o
    0x08003d9c   0x08003d9c   0x00000066   Code   RO         1252    i.I2C_WaitOnBTFFlagUntilTimeout  stm32f1xx_hal_i2c.o
    0x08003e02   0x08003e02   0x000000be   Code   RO         1253    i.I2C_WaitOnFlagUntilTimeout  stm32f1xx_hal_i2c.o
    0x08003ec0   0x08003ec0   0x000000fa   Code   RO         1254    i.I2C_WaitOnMasterAddressFlagUntilTimeout  stm32f1xx_hal_i2c.o
    0x08003fba   0x08003fba   0x0000008a   Code   RO         1255    i.I2C_WaitOnRXNEFlagUntilTimeout  stm32f1xx_hal_i2c.o
    0x08004044   0x08004044   0x00000066   Code   RO         1258    i.I2C_WaitOnTXEFlagUntilTimeout  stm32f1xx_hal_i2c.o
    0x080040aa   0x080040aa   0x00000002   PAD
    0x080040ac   0x080040ac   0x0000003c   Code   RO         4124    i.Limit             my_main.o
    0x080040e8   0x080040e8   0x00000050   Code   RO            4    i.MPU_Get_Accelerometer  mpu6050.o
    0x08004138   0x08004138   0x00000050   Code   RO            5    i.MPU_Get_Gyroscope  mpu6050.o
    0x08004188   0x08004188   0x00000030   Code   RO            9    i.MPU_Read_Len      mpu6050.o
    0x080041b8   0x080041b8   0x00000030   Code   RO           15    i.MPU_Write_Len     mpu6050.o
    0x080041e8   0x080041e8   0x00000128   Code   RO          829    i.MX_GPIO_Init      gpio.o
    0x08004310   0x08004310   0x0000003c   Code   RO          855    i.MX_I2C1_Init      i2c.o
    0x0800434c   0x0800434c   0x000000e8   Code   RO          900    i.MX_TIM1_Init      tim.o
    0x08004434   0x08004434   0x0000006c   Code   RO          901    i.MX_TIM2_Init      tim.o
    0x080044a0   0x080044a0   0x0000007c   Code   RO          902    i.MX_TIM3_Init      tim.o
    0x0800451c   0x0800451c   0x0000007c   Code   RO          903    i.MX_TIM4_Init      tim.o
    0x08004598   0x08004598   0x00000038   Code   RO          989    i.MX_USART3_UART_Init  usart.o
    0x080045d0   0x080045d0   0x00000004   Code   RO         1032    i.MemManage_Handler  stm32f1xx_it.o
    0x080045d4   0x080045d4   0x00000004   Code   RO         1033    i.NMI_Handler       stm32f1xx_it.o
    0x080045d8   0x080045d8   0x00000030   Code   RO         4322    i.OLED_Clear        oled.o
    0x08004608   0x08004608   0x00000060   Code   RO         4323    i.OLED_ClearPoint   oled.o
    0x08004668   0x08004668   0x0000003c   Code   RO         4328    i.OLED_DrawPoint    oled.o
    0x080046a4   0x080046a4   0x000000f4   Code   RO         4330    i.OLED_Init         oled.o
    0x08004798   0x08004798   0x00000016   Code   RO         4332    i.OLED_Pow          oled.o
    0x080047ae   0x080047ae   0x00000002   PAD
    0x080047b0   0x080047b0   0x0000004c   Code   RO         4333    i.OLED_Refresh      oled.o
    0x080047fc   0x080047fc   0x000000fc   Code   RO         4337    i.OLED_ShowChar     oled.o
    0x080048f8   0x080048f8   0x00000044   Code   RO         4340    i.OLED_ShowFNum     oled.o
    0x0800493c   0x0800493c   0x00000074   Code   RO         4342    i.OLED_ShowNum      oled.o
    0x080049b0   0x080049b0   0x00000078   Code   RO         4344    i.OLED_ShowSignedNum  oled.o
    0x08004a28   0x08004a28   0x00000042   Code   RO         4346    i.OLED_ShowString   oled.o
    0x08004a6a   0x08004a6a   0x00000038   Code   RO         4348    i.OLED_WR_Byte      oled.o
    0x08004aa2   0x08004aa2   0x00000002   Code   RO         1034    i.PendSV_Handler    stm32f1xx_it.o
    0x08004aa4   0x08004aa4   0x00000028   Code   RO         1842    i.RCC_Delay         stm32f1xx_hal_rcc.o
    0x08004acc   0x08004acc   0x00000040   Code   RO          904    i.Read_Encoder      tim.o
    0x08004b0c   0x08004b0c   0x00000002   Code   RO         1035    i.SVC_Handler       stm32f1xx_it.o
    0x08004b0e   0x08004b0e   0x00000002   PAD
    0x08004b10   0x08004b10   0x0000005c   Code   RO         4277    i.Send_Byte         i2cs.o
    0x08004b6c   0x08004b6c   0x000000b8   Code   RO         4125    i.Set_Pwm           my_main.o
    0x08004c24   0x08004c24   0x00000024   Code   RO         4126    i.Stop              my_main.o
    0x08004c48   0x08004c48   0x00000008   Code   RO         1036    i.SysTick_Handler   stm32f1xx_it.o
    0x08004c50   0x08004c50   0x00000066   Code   RO          761    i.SystemClock_Config  main.o
    0x08004cb6   0x08004cb6   0x00000002   Code   RO         4027    i.SystemInit        system_stm32f1xx.o
    0x08004cb8   0x08004cb8   0x00000010   Code   RO         1037    i.TIM2_IRQHandler   stm32f1xx_it.o
    0x08004cc8   0x08004cc8   0x00000074   Code   RO         2757    i.TIM_Base_SetConfig  stm32f1xx_hal_tim.o
    0x08004d3c   0x08004d3c   0x00000022   Code   RO         2758    i.TIM_CCxChannelCmd  stm32f1xx_hal_tim.o
    0x08004d5e   0x08004d5e   0x00000016   Code   RO         2768    i.TIM_ETR_SetConfig  stm32f1xx_hal_tim.o
    0x08004d74   0x08004d74   0x00000012   Code   RO         2769    i.TIM_ITRx_SetConfig  stm32f1xx_hal_tim.o
    0x08004d86   0x08004d86   0x00000002   PAD
    0x08004d88   0x08004d88   0x00000060   Code   RO         2770    i.TIM_OC1_SetConfig  stm32f1xx_hal_tim.o
    0x08004de8   0x08004de8   0x00000068   Code   RO         2771    i.TIM_OC2_SetConfig  stm32f1xx_hal_tim.o
    0x08004e50   0x08004e50   0x00000068   Code   RO         2772    i.TIM_OC3_SetConfig  stm32f1xx_hal_tim.o
    0x08004eb8   0x08004eb8   0x00000048   Code   RO         2773    i.TIM_OC4_SetConfig  stm32f1xx_hal_tim.o
    0x08004f00   0x08004f00   0x00000026   Code   RO         2775    i.TIM_TI1_ConfigInputStage  stm32f1xx_hal_tim.o
    0x08004f26   0x08004f26   0x00000028   Code   RO         2777    i.TIM_TI2_ConfigInputStage  stm32f1xx_hal_tim.o
    0x08004f4e   0x08004f4e   0x00000014   Code   RO         3689    i.UART_DMAAbortOnError  stm32f1xx_hal_uart.o
    0x08004f62   0x08004f62   0x0000006c   Code   RO         3699    i.UART_EndRxTransfer  stm32f1xx_hal_uart.o
    0x08004fce   0x08004fce   0x00000020   Code   RO         3700    i.UART_EndTransmit_IT  stm32f1xx_hal_uart.o
    0x08004fee   0x08004fee   0x00000002   PAD
    0x08004ff0   0x08004ff0   0x00000028   Code   RO         4128    i.UART_Proc         my_main.o
    0x08005018   0x08005018   0x000000fc   Code   RO         3702    i.UART_Receive_IT   stm32f1xx_hal_uart.o
    0x08005114   0x08005114   0x000000fc   Code   RO         3703    i.UART_SetConfig    stm32f1xx_hal_uart.o
    0x08005210   0x08005210   0x00000040   Code   RO         3705    i.UART_Start_Receive_IT  stm32f1xx_hal_uart.o
    0x08005250   0x08005250   0x00000060   Code   RO         3706    i.UART_Transmit_IT  stm32f1xx_hal_uart.o
    0x080052b0   0x080052b0   0x00000010   Code   RO         1038    i.USART3_IRQHandler  stm32f1xx_it.o
    0x080052c0   0x080052c0   0x00000004   Code   RO         1039    i.UsageFault_Handler  stm32f1xx_it.o
    0x080052c4   0x080052c4   0x00000068   Code   RO         4129    i.Vertical          my_main.o
    0x0800532c   0x0800532c   0x00000028   Code   RO         4811    i.__ARM_fpclassify  m_ws.l(fpclassify.o)
    0x08005354   0x08005354   0x00000010   Code   RO         2149    i.__NVIC_GetPriorityGrouping  stm32f1xx_hal_cortex.o
    0x08005364   0x08005364   0x00000028   Code   RO         2150    i.__NVIC_SetPriority  stm32f1xx_hal_cortex.o
    0x0800538c   0x0800538c   0x000000aa   Code   RO         4813    i.__kernel_poly     m_ws.l(poly.o)
    0x08005436   0x08005436   0x00000006   Code   RO         4798    i.__mathlib_dbl_infnan  m_ws.l(dunder.o)
    0x0800543c   0x0800543c   0x00000004   Code   RO         4799    i.__mathlib_dbl_infnan2  m_ws.l(dunder.o)
    0x08005440   0x08005440   0x0000000c   Code   RO         4800    i.__mathlib_dbl_invalid  m_ws.l(dunder.o)
    0x0800544c   0x0800544c   0x00000010   Code   RO         4803    i.__mathlib_dbl_underflow  m_ws.l(dunder.o)
    0x0800545c   0x0800545c   0x0000000e   Code   RO         4597    i._is_digit         c_w.l(__printf_wp.o)
    0x0800546a   0x0800546a   0x00000002   PAD
    0x0800546c   0x0800546c   0x000000a8   Code   RO          200    i.accel_self_test   inv_mpu.o
    0x08005514   0x08005514   0x00000270   Code   RO         4686    i.asin              m_ws.l(asin.o)
    0x08005784   0x08005784   0x00000220   Code   RO         4788    i.atan              m_ws.l(atan.o)
    0x080059a4   0x080059a4   0x00000180   Code   RO         4696    i.atan2             m_ws.l(atan2.o)
    0x08005b24   0x08005b24   0x00000064   Code   RO          558    i.decode_gesture    inv_mpu_dmp_motion_driver.o
    0x08005b88   0x08005b88   0x0000003c   Code   RO          559    i.dmp_enable_6x_lp_quat  inv_mpu_dmp_motion_driver.o
    0x08005bc4   0x08005bc4   0x0000021c   Code   RO          560    i.dmp_enable_feature  inv_mpu_dmp_motion_driver.o
    0x08005de0   0x08005de0   0x00000058   Code   RO          561    i.dmp_enable_gyro_cal  inv_mpu_dmp_motion_driver.o
    0x08005e38   0x08005e38   0x0000003c   Code   RO          562    i.dmp_enable_lp_quat  inv_mpu_dmp_motion_driver.o
    0x08005e74   0x08005e74   0x00000018   Code   RO          567    i.dmp_load_motion_driver_firmware  inv_mpu_dmp_motion_driver.o
    0x08005e8c   0x08005e8c   0x000001cc   Code   RO          568    i.dmp_read_fifo     inv_mpu_dmp_motion_driver.o
    0x08006058   0x08006058   0x00000130   Code   RO          571    i.dmp_set_accel_bias  inv_mpu_dmp_motion_driver.o
    0x08006188   0x08006188   0x00000070   Code   RO          572    i.dmp_set_fifo_rate  inv_mpu_dmp_motion_driver.o
    0x080061f8   0x080061f8   0x00000130   Code   RO          573    i.dmp_set_gyro_bias  inv_mpu_dmp_motion_driver.o
    0x08006328   0x08006328   0x00000138   Code   RO          575    i.dmp_set_orientation  inv_mpu_dmp_motion_driver.o
    0x08006460   0x08006460   0x00000038   Code   RO          578    i.dmp_set_shake_reject_thresh  inv_mpu_dmp_motion_driver.o
    0x08006498   0x08006498   0x00000026   Code   RO          579    i.dmp_set_shake_reject_time  inv_mpu_dmp_motion_driver.o
    0x080064be   0x080064be   0x00000026   Code   RO          580    i.dmp_set_shake_reject_timeout  inv_mpu_dmp_motion_driver.o
    0x080064e4   0x080064e4   0x00000046   Code   RO          581    i.dmp_set_tap_axes  inv_mpu_dmp_motion_driver.o
    0x0800652a   0x0800652a   0x00000026   Code   RO          582    i.dmp_set_tap_count  inv_mpu_dmp_motion_driver.o
    0x08006550   0x08006550   0x000001a0   Code   RO          583    i.dmp_set_tap_thresh  inv_mpu_dmp_motion_driver.o
    0x080066f0   0x080066f0   0x00000026   Code   RO          584    i.dmp_set_tap_time  inv_mpu_dmp_motion_driver.o
    0x08006716   0x08006716   0x00000026   Code   RO          585    i.dmp_set_tap_time_multi  inv_mpu_dmp_motion_driver.o
    0x0800673c   0x0800673c   0x000000b4   Code   RO          201    i.get_accel_prod_shift  inv_mpu.o
    0x080067f0   0x080067f0   0x00000470   Code   RO          202    i.get_st_biases     inv_mpu.o
    0x08006c60   0x08006c60   0x00000110   Code   RO          203    i.gyro_self_test    inv_mpu.o
    0x08006d70   0x08006d70   0x00000028   Code   RO          204    i.inv_orientation_matrix_to_scalar  inv_mpu.o
    0x08006d98   0x08006d98   0x0000004e   Code   RO          205    i.inv_row_2_scale   inv_mpu.o
    0x08006de6   0x08006de6   0x00000002   PAD
    0x08006de8   0x08006de8   0x00000014   Code   RO         4133    i.jizhi             my_main.o
    0x08006dfc   0x08006dfc   0x000001b0   Code   RO         4134    i.key_proc          my_main.o
    0x08006fac   0x08006fac   0x00000028   Code   RO         4063    i.key_read          key.o
    0x08006fd4   0x08006fd4   0x00000080   Code   RO         4065    i.key_serv_long     key.o
    0x08007054   0x08007054   0x00000020   Code   RO         4135    i.left              my_main.o
    0x08007074   0x08007074   0x00000010   Code   RO         4136    i.loop              my_main.o
    0x08007084   0x08007084   0x00000030   Code   RO          762    i.main              main.o
    0x080070b4   0x080070b4   0x00000002   Code   RO          206    i.mget_ms           inv_mpu.o
    0x080070b6   0x080070b6   0x00000002   PAD
    0x080070b8   0x080070b8   0x00000070   Code   RO          207    i.mpu_configure_fifo  inv_mpu.o
    0x08007128   0x08007128   0x00000224   Code   RO          208    i.mpu_dmp_get_data  inv_mpu.o
    0x0800734c   0x0800734c   0x0000009c   Code   RO          209    i.mpu_dmp_init      inv_mpu.o
    0x080073e8   0x080073e8   0x0000004c   Code   RO          210    i.mpu_get_accel_fsr  inv_mpu.o
    0x08007434   0x08007434   0x00000054   Code   RO          212    i.mpu_get_accel_sens  inv_mpu.o
    0x08007488   0x08007488   0x00000010   Code   RO          217    i.mpu_get_fifo_config  inv_mpu.o
    0x08007498   0x08007498   0x00000044   Code   RO          218    i.mpu_get_gyro_fsr  inv_mpu.o
    0x080074dc   0x080074dc   0x00000050   Code   RO          220    i.mpu_get_gyro_sens  inv_mpu.o
    0x0800752c   0x0800752c   0x00000050   Code   RO          222    i.mpu_get_lpf       inv_mpu.o
    0x0800757c   0x0800757c   0x00000020   Code   RO          224    i.mpu_get_sample_rate  inv_mpu.o
    0x0800759c   0x0800759c   0x00000190   Code   RO          226    i.mpu_init          inv_mpu.o
    0x0800772c   0x0800772c   0x000000b8   Code   RO          227    i.mpu_load_firmware  inv_mpu.o
    0x080077e4   0x080077e4   0x000000e0   Code   RO          228    i.mpu_lp_accel_mode  inv_mpu.o
    0x080078c4   0x080078c4   0x000000c0   Code   RO          231    i.mpu_read_fifo_stream  inv_mpu.o
    0x08007984   0x08007984   0x00000080   Code   RO          232    i.mpu_read_mem      inv_mpu.o
    0x08007a04   0x08007a04   0x000001c8   Code   RO          235    i.mpu_reset_fifo    inv_mpu.o
    0x08007bcc   0x08007bcc   0x0000011c   Code   RO          236    i.mpu_run_self_test  inv_mpu.o
    0x08007ce8   0x08007ce8   0x00000084   Code   RO          238    i.mpu_set_accel_fsr  inv_mpu.o
    0x08007d6c   0x08007d6c   0x0000014c   Code   RO          239    i.mpu_set_bypass    inv_mpu.o
    0x08007eb8   0x08007eb8   0x00000090   Code   RO          241    i.mpu_set_dmp_state  inv_mpu.o
    0x08007f48   0x08007f48   0x00000088   Code   RO          242    i.mpu_set_gyro_fsr  inv_mpu.o
    0x08007fd0   0x08007fd0   0x0000006c   Code   RO          243    i.mpu_set_int_latched  inv_mpu.o
    0x0800803c   0x0800803c   0x00000084   Code   RO          245    i.mpu_set_lpf       inv_mpu.o
    0x080080c0   0x080080c0   0x0000009c   Code   RO          246    i.mpu_set_sample_rate  inv_mpu.o
    0x0800815c   0x0800815c   0x000000d0   Code   RO          247    i.mpu_set_sensors   inv_mpu.o
    0x0800822c   0x0800822c   0x00000080   Code   RO          248    i.mpu_write_mem     inv_mpu.o
    0x080082ac   0x080082ac   0x00000244   Code   RO         4137    i.oled_proc         my_main.o
    0x080084f0   0x080084f0   0x0000001c   Code   RO         4138    i.right             my_main.o
    0x0800850c   0x0800850c   0x00000094   Code   RO          249    i.run_self_test     inv_mpu.o
    0x080085a0   0x080085a0   0x00000090   Code   RO          250    i.set_int_enable    inv_mpu.o
    0x08008630   0x08008630   0x000000e0   Code   RO         4139    i.set_up            my_main.o
    0x08008710   0x08008710   0x0000004c   Code   RO         4817    i.sqrt              m_ws.l(sqrt.o)
    0x0800875c   0x0800875c   0x0000002c   Code   RO         4899    locale$$code        c_w.l(lc_numeric_c.o)
    0x08008788   0x08008788   0x00000062   Code   RO         4627    x$fpl$d2f           fz_ws.l(d2f.o)
    0x080087ea   0x080087ea   0x00000002   PAD
    0x080087ec   0x080087ec   0x00000150   Code   RO         4629    x$fpl$dadd          fz_ws.l(daddsub_clz.o)
    0x0800893c   0x0800893c   0x00000010   Code   RO         4903    x$fpl$dcheck1       fz_ws.l(dcheck1.o)
    0x0800894c   0x0800894c   0x00000018   Code   RO         4772    x$fpl$dcmpinf       fz_ws.l(dcmpi.o)
    0x08008964   0x08008964   0x000002b0   Code   RO         4636    x$fpl$ddiv          fz_ws.l(ddiv.o)
    0x08008c14   0x08008c14   0x00000078   Code   RO         4639    x$fpl$deqf          fz_ws.l(deqf.o)
    0x08008c8c   0x08008c8c   0x00000154   Code   RO         4647    x$fpl$dmul          fz_ws.l(dmul.o)
    0x08008de0   0x08008de0   0x0000009c   Code   RO         4774    x$fpl$dnaninf       fz_ws.l(dnaninf.o)
    0x08008e7c   0x08008e7c   0x0000000c   Code   RO         4776    x$fpl$dretinf       fz_ws.l(dretinf.o)
    0x08008e88   0x08008e88   0x00000016   Code   RO         4630    x$fpl$drsb          fz_ws.l(daddsub_clz.o)
    0x08008e9e   0x08008e9e   0x00000002   PAD
    0x08008ea0   0x08008ea0   0x000001cc   Code   RO         4907    x$fpl$dsqrt         fz_ws.l(dsqrt_noumaal.o)
    0x0800906c   0x0800906c   0x000001d4   Code   RO         4631    x$fpl$dsub          fz_ws.l(daddsub_clz.o)
    0x08009240   0x08009240   0x00000056   Code   RO         4649    x$fpl$f2d           fz_ws.l(f2d.o)
    0x08009296   0x08009296   0x00000002   PAD
    0x08009298   0x08009298   0x000000c4   Code   RO         4651    x$fpl$fadd          fz_ws.l(faddsub_clz.o)
    0x0800935c   0x0800935c   0x00000018   Code   RO         4778    x$fpl$fcmpinf       fz_ws.l(fcmpi.o)
    0x08009374   0x08009374   0x00000184   Code   RO         4658    x$fpl$fdiv          fz_ws.l(fdiv.o)
    0x080094f8   0x080094f8   0x00000068   Code   RO         4661    x$fpl$feqf          fz_ws.l(feqf.o)
    0x08009560   0x08009560   0x00000036   Code   RO         4663    x$fpl$ffix          fz_ws.l(ffix.o)
    0x08009596   0x08009596   0x00000002   PAD
    0x08009598   0x08009598   0x0000003e   Code   RO         4667    x$fpl$ffixu         fz_ws.l(ffixu.o)
    0x080095d6   0x080095d6   0x00000002   PAD
    0x080095d8   0x080095d8   0x00000030   Code   RO         4672    x$fpl$fflt          fz_ws.l(fflt_clz.o)
    0x08009608   0x08009608   0x00000026   Code   RO         4671    x$fpl$ffltu         fz_ws.l(fflt_clz.o)
    0x0800962e   0x0800962e   0x00000002   PAD
    0x08009630   0x08009630   0x00000068   Code   RO         4677    x$fpl$fleqf         fz_ws.l(fleqf.o)
    0x08009698   0x08009698   0x00000102   Code   RO         4679    x$fpl$fmul          fz_ws.l(fmul.o)
    0x0800979a   0x0800979a   0x0000008c   Code   RO         4780    x$fpl$fnaninf       fz_ws.l(fnaninf.o)
    0x08009826   0x08009826   0x0000000a   Code   RO         4782    x$fpl$fretinf       fz_ws.l(fretinf.o)
    0x08009830   0x08009830   0x00000062   Code   RO         4681    x$fpl$frleqf        fz_ws.l(frleqf.o)
    0x08009892   0x08009892   0x00000002   PAD
    0x08009894   0x08009894   0x000000ea   Code   RO         4653    x$fpl$fsub          fz_ws.l(faddsub_clz.o)
    0x0800997e   0x0800997e   0x00000004   Code   RO         4683    x$fpl$printf1       fz_ws.l(printf1.o)
    0x08009982   0x08009982   0x00000064   Code   RO         5030    x$fpl$retnan        fz_ws.l(retnan.o)
    0x080099e6   0x080099e6   0x0000005c   Code   RO         4784    x$fpl$scalbn        fz_ws.l(scalbn.o)
    0x08009a42   0x08009a42   0x00000030   Code   RO         5098    x$fpl$trapveneer    fz_ws.l(trapv.o)
    0x08009a72   0x08009a72   0x00000000   Code   RO         4786    x$fpl$usenofp       fz_ws.l(usenofp.o)
    0x08009a72   0x08009a72   0x00000002   PAD
    0x08009a74   0x08009a74   0x00000050   Data   RO          252    .constdata          inv_mpu.o
    0x08009ac4   0x08009ac4   0x00000bf6   Data   RO          587    .constdata          inv_mpu_dmp_motion_driver.o
    0x0800a6ba   0x0800a6ba   0x00000012   Data   RO         1843    .constdata          stm32f1xx_hal_rcc.o
    0x0800a6cc   0x0800a6cc   0x00000018   Data   RO         4028    .constdata          system_stm32f1xx.o
    0x0800a6e4   0x0800a6e4   0x00002210   Data   RO         4351    .constdata          oled.o
    0x0800c8f4   0x0800c8f4   0x00000011   Data   RO         4600    .constdata          c_w.l(__printf_flags_wp.o)
    0x0800c905   0x0800c905   0x00000003   PAD
    0x0800c908   0x0800c908   0x00000050   Data   RO         4687    .constdata          m_ws.l(asin.o)
    0x0800c958   0x0800c958   0x00000098   Data   RO         4789    .constdata          m_ws.l(atan.o)
    0x0800c9f0   0x0800c9f0   0x00000008   Data   RO         4815    .constdata          m_ws.l(qnan.o)
    0x0800c9f8   0x0800c9f8   0x00000094   Data   RO         4860    .constdata          c_w.l(bigflt0.o)
    0x0800ca8c   0x0800ca8c   0x00000020   Data   RO         5169    Region$$Table       anon$$obj.o
    0x0800caac   0x0800caac   0x0000001c   Data   RO         4898    locale$$data        c_w.l(lc_numeric_c.o)


    Execution Region RW_IRAM1 (Exec base: 0x20000000, Load base: 0x0800cac8, Size: 0x00000e40, Max: 0x00005000, ABSOLUTE)

    Exec Addr    Load Addr    Size         Type   Attr      Idx    E Section Name        Object

    0x20000000   0x0800cac8   0x00000035   Data   RW          253    .data               inv_mpu.o
    0x20000035   0x0800cafd   0x00000003   PAD
    0x20000038   0x0800cb00   0x00000009   Data   RW         1679    .data               stm32f1xx_hal.o
    0x20000041   0x0800cb09   0x00000003   PAD
    0x20000044   0x0800cb0c   0x00000004   Data   RW         4029    .data               system_stm32f1xx.o
    0x20000048   0x0800cb10   0x00000097   Data   RW         4141    .data               my_main.o
    0x200000df   0x0800cba7   0x00000001   PAD
    0x200000e0        -       0x00000010   Zero   RW          586    .bss                inv_mpu_dmp_motion_driver.o
    0x200000f0        -       0x00000054   Zero   RW          856    .bss                i2c.o
    0x20000144        -       0x00000120   Zero   RW          906    .bss                tim.o
    0x20000264        -       0x00000048   Zero   RW          990    .bss                usart.o
    0x200002ac        -       0x00000018   Zero   RW         4066    .bss                key.o
    0x200002c4        -       0x00000096   Zero   RW         4140    .bss                my_main.o
    0x2000035a        -       0x00000480   Zero   RW         4350    .bss                oled.o
    0x200007da   0x0800cba7   0x00000002   PAD
    0x200007dc        -       0x00000060   Zero   RW         4919    .bss                c_w.l(libspace.o)
    0x2000083c   0x0800cba7   0x00000004   PAD
    0x20000840        -       0x00000200   Zero   RW         4017    HEAP                startup_stm32f10x_md.o
    0x20000a40        -       0x00000400   Zero   RW         4016    STACK               startup_stm32f10x_md.o


==============================================================================

Image component sizes


      Code (inc. data)   RO Data    RW Data    ZI Data      Debug   Object Name

       296         16          0          0          0       1035   gpio.o
       200         28          0          0         84       1693   i2c.o
       284         28          0          0          0       2641   i2cs.o
      6764        214         80         53          0      32452   inv_mpu.o
      3096        122       3062          0         16      20430   inv_mpu_dmp_motion_driver.o
       168         10          0          0         24       1946   key.o
       156          0          0          0          0       1528   main.o
       256         12          0          0          0     437983   mpu6050.o
      2672        558          0        151        150      11885   my_main.o
      1224         50       8720          0       1152       9882   oled.o
        64         26        236          0       1536        784   startup_stm32f10x_md.o
       192         36          0          9          0       5937   stm32f1xx_hal.o
       304         22          0          0          0      29475   stm32f1xx_hal_cortex.o
       262          4          0          0          0       1771   stm32f1xx_hal_dma.o
       828         34          0          0          0       3335   stm32f1xx_hal_gpio.o
      3108         52          0          0          0      11654   stm32f1xx_hal_i2c.o
        84          8          0          0          0        902   stm32f1xx_hal_msp.o
      1748         98         18          0          0       6008   stm32f1xx_hal_rcc.o
      2524         60          0          0          0      17747   stm32f1xx_hal_tim.o
       252         14          0          0          0       3245   stm32f1xx_hal_tim_ex.o
      1802          8          0          0          0      10249   stm32f1xx_hal_uart.o
        66         12          0          0          0       4908   stm32f1xx_it.o
         2          0         24          4          0       1131   system_stm32f1xx.o
      1048         86          0          0        288       5870   tim.o
       208         24          0          0         72       1762   usart.o

    ----------------------------------------------------------------------
     27632       1522      12172        224       3324     626253   Object Totals
         0          0         32          0          0          0   (incl. Generated)
        24          0          0          7          2          0   (incl. Padding)

    ----------------------------------------------------------------------

      Code (inc. data)   RO Data    RW Data    ZI Data      Debug   Library Member Name

         8          0          0          0          0         68   __main.o
       312          4         17          0          0         92   __printf_flags_wp.o
        14          0          0          0          0         68   __printf_wp.o
         0          0          0          0          0          0   __rtentry.o
        12          0          0          0          0          0   __rtentry2.o
         6          0          0          0          0          0   __rtentry4.o
        52          8          0          0          0          0   __scatter.o
        26          0          0          0          0          0   __scatter_copy.o
        28          0          0          0          0          0   __scatter_zi.o
        48          6          0          0          0         96   _printf_char_common.o
         6          0          0          0          0          0   _printf_f.o
      1050          0          0          0          0        216   _printf_fp_dec.o
       128         16          0          0          0         84   _printf_fp_infnan.o
         0          0          0          0          0          0   _printf_percent.o
         4          0          0          0          0          0   _printf_percent_end.o
        22          0          0          0          0        100   _rserrno.o
        10          0          0          0          0         68   _sputc.o
        16          0          0          0          0         68   aeabi_memset.o
       220          4        148          0          0         96   bigflt0.o
      1910        128          0          0          0        672   btod.o
        18          0          0          0          0         80   exit.o
         6          0          0          0          0        152   heapauxi.o
         0          0          0          0          0          0   indicate_semi.o
        44         10         28          0          0         76   lc_numeric_c.o
         2          0          0          0          0          0   libinit.o
        18          0          0          0          0          0   libinit2.o
         2          0          0          0          0          0   libshutdown.o
         2          0          0          0          0          0   libshutdown2.o
         8          4          0          0         96         68   libspace.o
        72          0          0          0          0         76   llsdiv.o
       138          0          0          0          0         80   lludiv10.o
       238          0          0          0          0        100   lludivv7m.o
        88          0          0          0          0         76   memcmp.o
        40          6          0          0          0         84   noretval__2sprintf.o
         8          4          0          0          0         68   rt_errno_addr_intlibspace.o
         8          4          0          0          0         68   rt_locale_intlibspace.o
        68          0          0          0          0         68   rt_memclr.o
        78          0          0          0          0         80   rt_memclr_w.o
         2          0          0          0          0          0   rtexit.o
        10          0          0          0          0          0   rtexit2.o
       128          0          0          0          0         68   strcmpv7m.o
        12          4          0          0          0         68   sys_exit.o
        74          0          0          0          0         80   sys_stackheap_outer.o
         2          0          0          0          0         68   use_no_semi.o
        98          4          0          0          0         92   d2f.o
       826         16          0          0          0        348   daddsub_clz.o
        16          4          0          0          0         68   dcheck1.o
        24          0          0          0          0         68   dcmpi.o
       688        140          0          0          0        208   ddiv.o
       120          4          0          0          0         92   deqf.o
       340         12          0          0          0        104   dmul.o
       156          4          0          0          0         92   dnaninf.o
        12          0          0          0          0         68   dretinf.o
       460         56          0          0          0        120   dsqrt_noumaal.o
        86          4          0          0          0         84   f2d.o
       430          8          0          0          0        168   faddsub_clz.o
        24          0          0          0          0         68   fcmpi.o
       388         76          0          0          0         96   fdiv.o
       104          4          0          0          0         84   feqf.o
        54          4          0          0          0         84   ffix.o
        62          4          0          0          0         84   ffixu.o
        86          0          0          0          0        136   fflt_clz.o
       104          4          0          0          0         84   fleqf.o
       258          4          0          0          0         84   fmul.o
       140          4          0          0          0         84   fnaninf.o
        10          0          0          0          0         68   fretinf.o
        98          0          0          0          0         68   frleqf.o
         4          0          0          0          0         68   printf1.o
       100          0          0          0          0         68   retnan.o
        92          0          0          0          0         68   scalbn.o
        48          0          0          0          0         68   trapv.o
         0          0          0          0          0          0   usenofp.o
       624         52         80          0          0        168   asin.o
       544         70        152          0          0        124   atan.o
       384         38          0          0          0        144   atan2.o
        38          6          0          0          0        272   dunder.o
        40          0          0          0          0         68   fpclassify.o
       170          0          0          0          0         96   poly.o
         0          0          8          0          0          0   qnan.o
        76          0          0          0          0         84   sqrt.o

    ----------------------------------------------------------------------
     11672        716        436          0        100       6668   Library Totals
        30          0          3          0          4          0   (incl. Padding)

    ----------------------------------------------------------------------

      Code (inc. data)   RO Data    RW Data    ZI Data      Debug   Library Name

      4938        198        193          0         96       2988   c_w.l
      4828        352          0          0          0       2724   fz_ws.l
      1876        166        240          0          0        956   m_ws.l

    ----------------------------------------------------------------------
     11672        716        436          0        100       6668   Library Totals

    ----------------------------------------------------------------------

==============================================================================


      Code (inc. data)   RO Data    RW Data    ZI Data      Debug   

     39304       2238      12608        224       3424     619085   Grand Totals
     39304       2238      12608        224       3424     619085   ELF Image Totals
     39304       2238      12608        224          0          0   ROM Totals

==============================================================================

    Total RO  Size (Code + RO Data)                51912 (  50.70kB)
    Total RW  Size (RW Data + ZI Data)              3648 (   3.56kB)
    Total ROM Size (Code + RO Data + RW Data)      52136 (  50.91kB)

==============================================================================

