Component: Arm Compiler for Embedded 6.19 Tool: armlink [5e73cb00]

==============================================================================

Section Cross References

    mpu6050.o(.text.MPU_Init) refers to mpu6050.o(.text.MPU_Write_Byte) for MPU_Write_Byte
    mpu6050.o(.text.MPU_Init) refers to stm32f1xx_hal.o(.text.HAL_Delay) for HAL_Delay
    mpu6050.o(.text.MPU_Init) refers to mpu6050.o(.text.MPU_Set_Gyro_Fsr) for MPU_Set_Gyro_Fsr
    mpu6050.o(.text.MPU_Init) refers to mpu6050.o(.text.MPU_Set_Accel_Fsr) for MPU_Set_Accel_Fsr
    mpu6050.o(.text.MPU_Init) refers to mpu6050.o(.text.MPU_Set_Rate) for MPU_Set_Rate
    mpu6050.o(.text.MPU_Init) refers to mpu6050.o(.text.MPU_Read_Byte) for MPU_Read_Byte
    mpu6050.o(.ARM.exidx.text.MPU_Init) refers to mpu6050.o(.text.MPU_Init) for [Anonymous Symbol]
    mpu6050.o(.text.MPU_Write_Byte) refers to i2c.o(.bss.hi2c1) for hi2c1
    mpu6050.o(.text.MPU_Write_Byte) refers to stm32f1xx_hal_i2c.o(.text.HAL_I2C_Mem_Write) for HAL_I2C_Mem_Write
    mpu6050.o(.ARM.exidx.text.MPU_Write_Byte) refers to mpu6050.o(.text.MPU_Write_Byte) for [Anonymous Symbol]
    mpu6050.o(.text.MPU_Set_Gyro_Fsr) refers to mpu6050.o(.text.MPU_Write_Byte) for MPU_Write_Byte
    mpu6050.o(.ARM.exidx.text.MPU_Set_Gyro_Fsr) refers to mpu6050.o(.text.MPU_Set_Gyro_Fsr) for [Anonymous Symbol]
    mpu6050.o(.text.MPU_Set_Accel_Fsr) refers to mpu6050.o(.text.MPU_Write_Byte) for MPU_Write_Byte
    mpu6050.o(.ARM.exidx.text.MPU_Set_Accel_Fsr) refers to mpu6050.o(.text.MPU_Set_Accel_Fsr) for [Anonymous Symbol]
    mpu6050.o(.text.MPU_Set_Rate) refers to mpu6050.o(.text.MPU_Write_Byte) for MPU_Write_Byte
    mpu6050.o(.text.MPU_Set_Rate) refers to mpu6050.o(.text.MPU_Set_LPF) for MPU_Set_LPF
    mpu6050.o(.ARM.exidx.text.MPU_Set_Rate) refers to mpu6050.o(.text.MPU_Set_Rate) for [Anonymous Symbol]
    mpu6050.o(.text.MPU_Read_Byte) refers to i2c.o(.bss.hi2c1) for hi2c1
    mpu6050.o(.text.MPU_Read_Byte) refers to stm32f1xx_hal_i2c.o(.text.HAL_I2C_Mem_Read) for HAL_I2C_Mem_Read
    mpu6050.o(.ARM.exidx.text.MPU_Read_Byte) refers to mpu6050.o(.text.MPU_Read_Byte) for [Anonymous Symbol]
    mpu6050.o(.text.MPU_Set_LPF) refers to mpu6050.o(.text.MPU_Write_Byte) for MPU_Write_Byte
    mpu6050.o(.ARM.exidx.text.MPU_Set_LPF) refers to mpu6050.o(.text.MPU_Set_LPF) for [Anonymous Symbol]
    mpu6050.o(.text.MPU_Get_Temperature) refers to mpu6050.o(.text.MPU_Read_Len) for MPU_Read_Len
    mpu6050.o(.text.MPU_Get_Temperature) refers to dflti.o(.text) for __aeabi_i2d
    mpu6050.o(.text.MPU_Get_Temperature) refers to ddiv.o(.text) for __aeabi_ddiv
    mpu6050.o(.text.MPU_Get_Temperature) refers to dadd.o(.text) for __aeabi_dadd
    mpu6050.o(.text.MPU_Get_Temperature) refers to d2f.o(.text) for __aeabi_d2f
    mpu6050.o(.text.MPU_Get_Temperature) refers to fmul.o(.text) for __aeabi_fmul
    mpu6050.o(.text.MPU_Get_Temperature) refers to ffixi.o(.text) for __aeabi_f2iz
    mpu6050.o(.ARM.exidx.text.MPU_Get_Temperature) refers to mpu6050.o(.text.MPU_Get_Temperature) for [Anonymous Symbol]
    mpu6050.o(.text.MPU_Read_Len) refers to i2c.o(.bss.hi2c1) for hi2c1
    mpu6050.o(.text.MPU_Read_Len) refers to stm32f1xx_hal_i2c.o(.text.HAL_I2C_Mem_Read) for HAL_I2C_Mem_Read
    mpu6050.o(.ARM.exidx.text.MPU_Read_Len) refers to mpu6050.o(.text.MPU_Read_Len) for [Anonymous Symbol]
    mpu6050.o(.text.MPU_Get_Gyroscope) refers to mpu6050.o(.text.MPU_Read_Len) for MPU_Read_Len
    mpu6050.o(.ARM.exidx.text.MPU_Get_Gyroscope) refers to mpu6050.o(.text.MPU_Get_Gyroscope) for [Anonymous Symbol]
    mpu6050.o(.text.MPU_Get_Accelerometer) refers to mpu6050.o(.text.MPU_Read_Len) for MPU_Read_Len
    mpu6050.o(.ARM.exidx.text.MPU_Get_Accelerometer) refers to mpu6050.o(.text.MPU_Get_Accelerometer) for [Anonymous Symbol]
    mpu6050.o(.text.MPU_Write_Len) refers to i2c.o(.bss.hi2c1) for hi2c1
    mpu6050.o(.text.MPU_Write_Len) refers to stm32f1xx_hal_i2c.o(.text.HAL_I2C_Mem_Write) for HAL_I2C_Mem_Write
    mpu6050.o(.ARM.exidx.text.MPU_Write_Len) refers to mpu6050.o(.text.MPU_Write_Len) for [Anonymous Symbol]
    inv_mpu.o(.text.mpu_reg_dump) refers to inv_mpu.o(.data.st) for st
    inv_mpu.o(.text.mpu_reg_dump) refers to mpu6050.o(.text.MPU_Read_Len) for MPU_Read_Len
    inv_mpu.o(.text.mpu_reg_dump) refers to inv_mpu.o(.rodata.str1.1) for .L.str
    inv_mpu.o(.text.mpu_reg_dump) refers to printfa.o(i.__0printf) for printf
    inv_mpu.o(.ARM.exidx.text.mpu_reg_dump) refers to inv_mpu.o(.text.mpu_reg_dump) for [Anonymous Symbol]
    inv_mpu.o(.text.mpu_read_reg) refers to inv_mpu.o(.data.st) for st
    inv_mpu.o(.text.mpu_read_reg) refers to mpu6050.o(.text.MPU_Read_Len) for MPU_Read_Len
    inv_mpu.o(.ARM.exidx.text.mpu_read_reg) refers to inv_mpu.o(.text.mpu_read_reg) for [Anonymous Symbol]
    inv_mpu.o(.text.mpu_init) refers to inv_mpu.o(.data.st) for st
    inv_mpu.o(.text.mpu_init) refers to mpu6050.o(.text.MPU_Write_Len) for MPU_Write_Len
    inv_mpu.o(.text.mpu_init) refers to stm32f1xx_hal.o(.text.HAL_Delay) for HAL_Delay
[...]
    TIM_TI2_ConfigInputStage                 0x0800505d   Thumb Code    82  stm32f1xx_hal_tim.o(.text.TIM_TI2_ConfigInputStage)
    [Anonymous Symbol]                       0x0800505c   Section        0  stm32f1xx_hal_tim.o(.text.TIM_TI2_ConfigInputStage)
    UART_DMAAbortOnError                     0x080050b1   Thumb Code    32  stm32f1xx_hal_uart.o(.text.UART_DMAAbortOnError)
    [Anonymous Symbol]                       0x080050b0   Section        0  stm32f1xx_hal_uart.o(.text.UART_DMAAbortOnError)
    UART_EndRxTransfer                       0x080050d1   Thumb Code    70  stm32f1xx_hal_uart.o(.text.UART_EndRxTransfer)
    [Anonymous Symbol]                       0x080050d0   Section        0  stm32f1xx_hal_uart.o(.text.UART_EndRxTransfer)
    UART_EndTransmit_IT                      0x08005119   Thumb Code    38  stm32f1xx_hal_uart.o(.text.UART_EndTransmit_IT)
    [Anonymous Symbol]                       0x08005118   Section        0  stm32f1xx_hal_uart.o(.text.UART_EndTransmit_IT)
    [Anonymous Symbol]                       0x08005140   Section        0  my_main.o(.text.UART_Proc)
    UART_Receive_IT                          0x08005191   Thumb Code   330  stm32f1xx_hal_uart.o(.text.UART_Receive_IT)
    [Anonymous Symbol]                       0x08005190   Section        0  stm32f1xx_hal_uart.o(.text.UART_Receive_IT)
    UART_SetConfig                           0x080052dd   Thumb Code   186  stm32f1xx_hal_uart.o(.text.UART_SetConfig)
    [Anonymous Symbol]                       0x080052dc   Section        0  stm32f1xx_hal_uart.o(.text.UART_SetConfig)
    [Anonymous Symbol]                       0x08005398   Section        0  stm32f1xx_hal_uart.o(.text.UART_Start_Receive_IT)
    UART_Transmit_IT                         0x080053fd   Thumb Code   148  stm32f1xx_hal_uart.o(.text.UART_Transmit_IT)
    [Anonymous Symbol]                       0x080053fc   Section        0  stm32f1xx_hal_uart.o(.text.UART_Transmit_IT)
    UART_WaitOnFlagUntilTimeout              0x08005491   Thumb Code   156  stm32f1xx_hal_uart.o(.text.UART_WaitOnFlagUntilTimeout)
    [Anonymous Symbol]                       0x08005490   Section        0  stm32f1xx_hal_uart.o(.text.UART_WaitOnFlagUntilTimeout)
    [Anonymous Symbol]                       0x0800552c   Section        0  stm32f1xx_it.o(.text.USART3_IRQHandler)
    [Anonymous Symbol]                       0x0800553c   Section        0  stm32f1xx_it.o(.text.UsageFault_Handler)
    [Anonymous Symbol]                       0x08005540   Section        0  my_main.o(.text.Vertical)
    __NVIC_EnableIRQ                         0x080055a9   Thumb Code    48  stm32f1xx_hal_cortex.o(.text.__NVIC_EnableIRQ)
    [Anonymous Symbol]                       0x080055a8   Section        0  stm32f1xx_hal_cortex.o(.text.__NVIC_EnableIRQ)
    __NVIC_GetPriorityGrouping               0x080055d9   Thumb Code    16  stm32f1xx_hal_cortex.o(.text.__NVIC_GetPriorityGrouping)
    [Anonymous Symbol]                       0x080055d8   Section        0  stm32f1xx_hal_cortex.o(.text.__NVIC_GetPriorityGrouping)
    __NVIC_SetPriority                       0x080055e9   Thumb Code    66  stm32f1xx_hal_cortex.o(.text.__NVIC_SetPriority)
    [Anonymous Symbol]                       0x080055e8   Section        0  stm32f1xx_hal_cortex.o(.text.__NVIC_SetPriority)
    __NVIC_SetPriorityGrouping               0x0800562d   Thumb Code    60  stm32f1xx_hal_cortex.o(.text.__NVIC_SetPriorityGrouping)
    [Anonymous Symbol]                       0x0800562c   Section        0  stm32f1xx_hal_cortex.o(.text.__NVIC_SetPriorityGrouping)
    accel_self_test                          0x08005669   Thumb Code   228  inv_mpu.o(.text.accel_self_test)
    [Anonymous Symbol]                       0x08005668   Section        0  inv_mpu.o(.text.accel_self_test)
    decode_gesture                           0x0800574d   Thumb Code   156  inv_mpu_dmp_motion_driver.o(.text.decode_gesture)
    [Anonymous Symbol]                       0x0800574c   Section        0  inv_mpu_dmp_motion_driver.o(.text.decode_gesture)
    [Anonymous Symbol]                       0x080057e8   Section        0  inv_mpu_dmp_motion_driver.o(.text.dmp_enable_6x_lp_quat)
    [Anonymous Symbol]                       0x08005830   Section        0  inv_mpu_dmp_motion_driver.o(.text.dmp_enable_feature)
    [Anonymous Symbol]                       0x08005adc   Section        0  inv_mpu_dmp_motion_driver.o(.text.dmp_enable_gyro_cal)
    [Anonymous Symbol]                       0x08005b48   Section        0  inv_mpu_dmp_motion_driver.o(.text.dmp_enable_lp_quat)
    [Anonymous Symbol]                       0x08005b90   Section        0  inv_mpu_dmp_motion_driver.o(.text.dmp_load_motion_driver_firmware)
    [Anonymous Symbol]                       0x08005bac   Section        0  inv_mpu_dmp_motion_driver.o(.text.dmp_read_fifo)
    [Anonymous Symbol]                       0x08005d80   Section        0  inv_mpu_dmp_motion_driver.o(.text.dmp_set_accel_bias)
    [Anonymous Symbol]                       0x08005ed8   Section        0  inv_mpu_dmp_motion_driver.o(.text.dmp_set_fifo_rate)
    [Anonymous Symbol]                       0x08005f7c   Section        0  inv_mpu_dmp_motion_driver.o(.text.dmp_set_gyro_bias)
    [Anonymous Symbol]                       0x080060cc   Section        0  inv_mpu_dmp_motion_driver.o(.text.dmp_set_orientation)
    [Anonymous Symbol]                       0x0800627c   Section        0  inv_mpu_dmp_motion_driver.o(.text.dmp_set_shake_reject_thresh)
    [Anonymous Symbol]                       0x080062d4   Section        0  inv_mpu_dmp_motion_driver.o(.text.dmp_set_shake_reject_time)
    [Anonymous Symbol]                       0x08006314   Section        0  inv_mpu_dmp_motion_driver.o(.text.dmp_set_shake_reject_timeout)
    [Anonymous Symbol]                       0x08006354   Section        0  inv_mpu_dmp_motion_driver.o(.text.dmp_set_tap_axes)
    [Anonymous Symbol]                       0x080063c0   Section        0  inv_mpu_dmp_motion_driver.o(.text.dmp_set_tap_count)
    [Anonymous Symbol]                       0x0800640c   Section        0  inv_mpu_dmp_motion_driver.o(.text.dmp_set_tap_thresh)
    [Anonymous Symbol]                       0x08006608   Section        0  inv_mpu_dmp_motion_driver.o(.text.dmp_set_tap_time)
    [Anonymous Symbol]                       0x08006648   Section        0  inv_mpu_dmp_motion_driver.o(.text.dmp_set_tap_time_multi)
    [Anonymous Symbol]                       0x08006688   Section        0  usart.o(.text.fputc)
    get_accel_prod_shift                     0x080066b5   Thumb Code   262  inv_mpu.o(.text.get_accel_prod_shift)
    [Anonymous Symbol]                       0x080066b4   Section        0  inv_mpu.o(.text.get_accel_prod_shift)
    get_st_biases                            0x080067bd   Thumb Code  1376  inv_mpu.o(.text.get_st_biases)
    [Anonymous Symbol]                       0x080067bc   Section        0  inv_mpu.o(.text.get_st_biases)
    gyro_self_test                           0x08006d1d   Thumb Code   354  inv_mpu.o(.text.gyro_self_test)
    [Anonymous Symbol]                       0x08006d1c   Section        0  inv_mpu.o(.text.gyro_self_test)
    [Anonymous Symbol]                       0x08006e80   Section        0  inv_mpu.o(.text.inv_orientation_matrix_to_scalar)
    [Anonymous Symbol]                       0x08006ec4   Section        0  inv_mpu.o(.text.inv_row_2_scale)
    [Anonymous Symbol]                       0x08006f60   Section        0  my_main.o(.text.key_proc)
    [Anonymous Symbol]                       0x08007004   Section        0  key.o(.text.key_read)
    [Anonymous Symbol]                       0x08007050   Section        0  key.o(.text.key_serv_long)
    [Anonymous Symbol]                       0x0800713c   Section        0  my_main.o(.text.loop)
    [Anonymous Symbol]                       0x08007148   Section        0  main.o(.text.main)
    [Anonymous Symbol]                       0x08007180   Section        0  inv_mpu.o(.text.mget_ms)
    [Anonymous Symbol]                       0x08007188   Section        0  inv_mpu.o(.text.mpu_configure_fifo)
    [Anonymous Symbol]                       0x0800725c   Section        0  inv_mpu.o(.text.mpu_dmp_get_data)
    [Anonymous Symbol]                       0x08007478   Section        0  inv_mpu.o(.text.mpu_dmp_init)
    [Anonymous Symbol]                       0x08007598   Section        0  inv_mpu.o(.text.mpu_get_accel_fsr)
    [Anonymous Symbol]                       0x08007604   Section        0  inv_mpu.o(.text.mpu_get_accel_sens)
    [Anonymous Symbol]                       0x08007678   Section        0  inv_mpu.o(.text.mpu_get_fifo_config)
    [Anonymous Symbol]                       0x08007690   Section        0  inv_mpu.o(.text.mpu_get_gyro_fsr)
    [Anonymous Symbol]                       0x080076e4   Section        0  inv_mpu.o(.text.mpu_get_gyro_sens)
    [Anonymous Symbol]                       0x0800774c   Section        0  inv_mpu.o(.text.mpu_get_lpf)
    [Anonymous Symbol]                       0x080077b0   Section        0  inv_mpu.o(.text.mpu_get_sample_rate)
    [Anonymous Symbol]                       0x080077e8   Section        0  inv_mpu.o(.text.mpu_init)
    [Anonymous Symbol]                       0x08007a10   Section        0  inv_mpu.o(.text.mpu_load_firmware)
    [Anonymous Symbol]                       0x08007b44   Section        0  inv_mpu.o(.text.mpu_lp_accel_mode)
    [Anonymous Symbol]                       0x08007c70   Section        0  inv_mpu.o(.text.mpu_read_fifo_stream)
    [Anonymous Symbol]                       0x08007d98   Section        0  inv_mpu.o(.text.mpu_read_mem)
    [Anonymous Symbol]                       0x08007e58   Section        0  inv_mpu.o(.text.mpu_reset_fifo)
    [Anonymous Symbol]                       0x080080e8   Section        0  inv_mpu.o(.text.mpu_run_self_test)
    [Anonymous Symbol]                       0x08008264   Section        0  inv_mpu.o(.text.mpu_set_accel_fsr)
    [Anonymous Symbol]                       0x0800832c   Section        0  inv_mpu.o(.text.mpu_set_bypass)
    [Anonymous Symbol]                       0x08008520   Section        0  inv_mpu.o(.text.mpu_set_dmp_state)
    [Anonymous Symbol]                       0x080085f0   Section        0  inv_mpu.o(.text.mpu_set_gyro_fsr)
    [Anonymous Symbol]                       0x080086c0   Section        0  inv_mpu.o(.text.mpu_set_int_latched)
    [Anonymous Symbol]                       0x08008778   Section        0  inv_mpu.o(.text.mpu_set_lpf)
    [Anonymous Symbol]                       0x0800885c   Section        0  inv_mpu.o(.text.mpu_set_sample_rate)
    [Anonymous Symbol]                       0x08008958   Section        0  inv_mpu.o(.text.mpu_set_sensors)
    [Anonymous Symbol]                       0x08008ab4   Section        0  inv_mpu.o(.text.mpu_write_mem)
    [Anonymous Symbol]                       0x08008b74   Section        0  inv_mpu.o(.text.run_self_test)
    set_int_enable                           0x08008c11   Thumb Code   242  inv_mpu.o(.text.set_int_enable)
    [Anonymous Symbol]                       0x08008c10   Section        0  inv_mpu.o(.text.set_int_enable)
    [Anonymous Symbol]                       0x08008d04   Section        0  my_main.o(.text.set_up)
    i.__0printf                              0x08008e08   Section        0  printfa.o(i.__0printf)
    i.__ARM_fpclassify                       0x08008e28   Section        0  fpclassify.o(i.__ARM_fpclassify)
    i.__kernel_poly                          0x08008e50   Section        0  poly.o(i.__kernel_poly)
    i.__mathlib_dbl_infnan                   0x08008efa   Section        0  dunder.o(i.__mathlib_dbl_infnan)
    i.__mathlib_dbl_infnan2                  0x08008f00   Section        0  dunder.o(i.__mathlib_dbl_infnan2)
    i.__mathlib_dbl_invalid                  0x08008f04   Section        0  dunder.o(i.__mathlib_dbl_invalid)
    i.__mathlib_dbl_underflow                0x08008f10   Section        0  dunder.o(i.__mathlib_dbl_underflow)
    i.__scatterload_copy                     0x08008f20   Section       14  handlers.o(i.__scatterload_copy)
    i.__scatterload_null                     0x08008f2e   Section        2  handlers.o(i.__scatterload_null)
    i.__scatterload_zeroinit                 0x08008f30   Section       14  handlers.o(i.__scatterload_zeroinit)
    i.__set_errno                            0x08008f40   Section        0  errno.o(i.__set_errno)
    _fp_digits                               0x08008f4d   Thumb Code   366  printfa.o(i._fp_digits)
    i._fp_digits                             0x08008f4c   Section        0  printfa.o(i._fp_digits)
    _printf_core                             0x080090d1   Thumb Code  1744  printfa.o(i._printf_core)
    i._printf_core                           0x080090d0   Section        0  printfa.o(i._printf_core)
    _printf_post_padding                     0x080097ad   Thumb Code    36  printfa.o(i._printf_post_padding)
    i._printf_post_padding                   0x080097ac   Section        0  printfa.o(i._printf_post_padding)
    _printf_pre_padding                      0x080097d1   Thumb Code    46  printfa.o(i._printf_pre_padding)
    i._printf_pre_padding                    0x080097d0   Section        0  printfa.o(i._printf_pre_padding)
    i.asin                                   0x08009800   Section        0  asin.o(i.asin)
    i.atan                                   0x08009a70   Section        0  atan.o(i.atan)
    i.atan2                                  0x08009c90   Section        0  atan2.o(i.atan2)
    i.sqrt                                   0x08009e2c   Section        0  sqrt.o(i.sqrt)
    pS                                       0x08009e78   Data          48  asin.o(.constdata)
    .constdata                               0x08009e78   Section       80  asin.o(.constdata)
    qS                                       0x08009ea8   Data          32  asin.o(.constdata)
    atanhi                                   0x08009ec8   Data          32  atan.o(.constdata)
    .constdata                               0x08009ec8   Section      152  atan.o(.constdata)
    atanlo                                   0x08009ee8   Data          32  atan.o(.constdata)
    aTodd                                    0x08009f08   Data          40  atan.o(.constdata)
    aTeven                                   0x08009f30   Data          48  atan.o(.constdata)
    .constdata                               0x08009f60   Section        8  qnan.o(.constdata)
    dmp_memory                               0x08009f80   Data        3062  inv_mpu_dmp_motion_driver.o(.rodata.dmp_memory)
    [Anonymous Symbol]                       0x08009f80   Section        0  inv_mpu_dmp_motion_driver.o(.rodata.dmp_memory)
    .L.str.6                                 0x0800ab9d   Data          50  my_main.o(.rodata.str1.1)
    [Anonymous Symbol]                       0x0800ab9d   Section        0  my_main.o(.rodata.str1.1)
    .L.str.5                                 0x0800abcf   Data          41  my_main.o(.rodata.str1.1)
    .L.str.4                                 0x0800abf8   Data           9  my_main.o(.rodata.str1.1)
    .L.str.7                                 0x0800abfc   Data           5  my_main.o(.rodata.str1.1)
    .L.str.3                                 0x0800ac01   Data          11  my_main.o(.rodata.str1.1)
    .L.str.1                                 0x0800ac0c   Data          12  my_main.o(.rodata.str1.1)
    .L.str.2                                 0x0800ac18   Data          11  my_main.o(.rodata.str1.1)
    .L.str                                   0x0800ac23   Data          12  my_main.o(.rodata.str1.1)
    .data                                    0x20000000   Section        4  stdout.o(.data)
    _errno                                   0x20000004   Data           4  errno.o(.data)
    .data                                    0x20000004   Section        4  errno.o(.data)
    gyro_orientation                         0x2000000c   Data           9  inv_mpu.o(.data.gyro_orientation)
    [Anonymous Symbol]                       0x2000000c   Section        0  inv_mpu.o(.data.gyro_orientation)
    st                                       0x20000018   Data          44  inv_mpu.o(.data.st)
    [Anonymous Symbol]                       0x20000018   Section        0  inv_mpu.o(.data.st)
    dmp                                      0x20000090   Data          16  inv_mpu_dmp_motion_driver.o(.bss.dmp)
    [Anonymous Symbol]                       0x20000090   Section        0  inv_mpu_dmp_motion_driver.o(.bss.dmp)
    STACK                                    0x20000270   Section     1024  startup_stm32f10x_md.o(STACK)

    Global Symbols

    Symbol Name                              Value     Ov Type        Size  Object(Section)

    BuildAttributes$$THM_ISAv4$P$D$K$B$S$PE$A:L22UL41UL21$X:L11$S22US41US21$IEEE1$IW$~IW$USESV6$~STKCKD$USESV7$~SHL$OTIME$ROPI$IEEEX$EBA8$MICROLIB$REQ8$PRES8$EABIv2 0x00000000   Number         0  anon$$obj.o ABSOLUTE
    __cpp_initialize__aeabi_                  - Undefined Weak Reference
    __cxa_finalize                            - Undefined Weak Reference
    __decompress                              - Undefined Weak Reference
    _clock_init                               - Undefined Weak Reference
    _microlib_exit                            - Undefined Weak Reference
    __Vectors_Size                           0x000000ec   Number         0  startup_stm32f10x_md.o ABSOLUTE
    __Vectors                                0x08000000   Data           4  startup_stm32f10x_md.o(RESET)
    __Vectors_End                            0x080000ec   Data           0  startup_stm32f10x_md.o(RESET)
    __main                                   0x080000ed   Thumb Code     0  entry.o(.ARM.Collect$$$$00000000)
    _main_stk                                0x080000ed   Thumb Code     0  entry2.o(.ARM.Collect$$$$00000001)
    _main_scatterload                        0x080000f1   Thumb Code     0  entry5.o(.ARM.Collect$$$$00000004)
    __main_after_scatterload                 0x080000f5   Thumb Code     0  entry5.o(.ARM.Collect$$$$00000004)
    _main_clock                              0x080000f5   Thumb Code     0  entry7b.o(.ARM.Collect$$$$00000008)
    _main_cpp_init                           0x080000f5   Thumb Code     0  entry8b.o(.ARM.Collect$$$$0000000A)
    _main_init                               0x080000f5   Thumb Code     0  entry9a.o(.ARM.Collect$$$$0000000B)
    __rt_final_cpp                           0x080000fd   Thumb Code     0  entry10a.o(.ARM.Collect$$$$0000000D)
    __rt_final_exit                          0x080000fd   Thumb Code     0  entry11a.o(.ARM.Collect$$$$0000000F)
    Reset_Handler                            0x08000101   Thumb Code     8  startup_stm32f10x_md.o(.text)
    ADC1_2_IRQHandler                        0x0800011b   Thumb Code     0  startup_stm32f10x_md.o(.text)
    CAN1_RX1_IRQHandler                      0x0800011b   Thumb Code     0  startup_stm32f10x_md.o(.text)
    CAN1_SCE_IRQHandler                      0x0800011b   Thumb Code     0  startup_stm32f10x_md.o(.text)
    DMA1_Channel1_IRQHandler                 0x0800011b   Thumb Code     0  startup_stm32f10x_md.o(.text)
    DMA1_Channel2_IRQHandler                 0x0800011b   Thumb Code     0  startup_stm32f10x_md.o(.text)
    DMA1_Channel3_IRQHandler                 0x0800011b   Thumb Code     0  startup_stm32f10x_md.o(.text)
    DMA1_Channel4_IRQHandler                 0x0800011b   Thumb Code     0  startup_stm32f10x_md.o(.text)
    DMA1_Channel5_IRQHandler                 0x0800011b   Thumb Code     0  startup_stm32f10x_md.o(.text)
    DMA1_Channel6_IRQHandler                 0x0800011b   Thumb Code     0  startup_stm32f10x_md.o(.text)
    DMA1_Channel7_IRQHandler                 0x0800011b   Thumb Code     0  startup_stm32f10x_md.o(.text)
    EXTI0_IRQHandler                         0x0800011b   Thumb Code     0  startup_stm32f10x_md.o(.text)
    EXTI15_10_IRQHandler                     0x0800011b   Thumb Code     0  startup_stm32f10x_md.o(.text)
    EXTI1_IRQHandler                         0x0800011b   Thumb Code     0  startup_stm32f10x_md.o(.text)
    EXTI2_IRQHandler                         0x0800011b   Thumb Code     0  startup_stm32f10x_md.o(.text)
    EXTI3_IRQHandler                         0x0800011b   Thumb Code     0  startup_stm32f10x_md.o(.text)
    EXTI4_IRQHandler                         0x0800011b   Thumb Code     0  startup_stm32f10x_md.o(.text)
    EXTI9_5_IRQHandler                       0x0800011b   Thumb Code     0  startup_stm32f10x_md.o(.text)
    FLASH_IRQHandler                         0x0800011b   Thumb Code     0  startup_stm32f10x_md.o(.text)
    I2C1_ER_IRQHandler                       0x0800011b   Thumb Code     0  startup_stm32f10x_md.o(.text)
    I2C1_EV_IRQHandler                       0x0800011b   Thumb Code     0  startup_stm32f10x_md.o(.text)
    I2C2_ER_IRQHandler                       0x0800011b   Thumb Code     0  startup_stm32f10x_md.o(.text)
    I2C2_EV_IRQHandler                       0x0800011b   Thumb Code     0  startup_stm32f10x_md.o(.text)
    PVD_IRQHandler                           0x0800011b   Thumb Code     0  startup_stm32f10x_md.o(.text)
    RCC_IRQHandler                           0x0800011b   Thumb Code     0  startup_stm32f10x_md.o(.text)
    RTCAlarm_IRQHandler                      0x0800011b   Thumb Code     0  startup_stm32f10x_md.o(.text)
    RTC_IRQHandler                           0x0800011b   Thumb Code     0  startup_stm32f10x_md.o(.text)
    SPI1_IRQHandler                          0x0800011b   Thumb Code     0  startup_stm32f10x_md.o(.text)
    SPI2_IRQHandler                          0x0800011b   Thumb Code     0  startup_stm32f10x_md.o(.text)
    TAMPER_IRQHandler                        0x0800011b   Thumb Code     0  startup_stm32f10x_md.o(.text)
    TIM1_BRK_IRQHandler                      0x0800011b   Thumb Code     0  startup_stm32f10x_md.o(.text)
    TIM1_CC_IRQHandler                       0x0800011b   Thumb Code     0  startup_stm32f10x_md.o(.text)
    TIM1_TRG_COM_IRQHandler                  0x0800011b   Thumb Code     0  startup_stm32f10x_md.o(.text)
    TIM1_UP_IRQHandler                       0x0800011b   Thumb Code     0  startup_stm32f10x_md.o(.text)
    TIM3_IRQHandler                          0x0800011b   Thumb Code     0  startup_stm32f10x_md.o(.text)
    TIM4_IRQHandler                          0x0800011b   Thumb Code     0  startup_stm32f10x_md.o(.text)
    USART1_IRQHandler                        0x0800011b   Thumb Code     0  startup_stm32f10x_md.o(.text)
    USART2_IRQHandler                        0x0800011b   Thumb Code     0  startup_stm32f10x_md.o(.text)
    USBWakeUp_IRQHandler                     0x0800011b   Thumb Code     0  startup_stm32f10x_md.o(.text)
    USB_HP_CAN1_TX_IRQHandler                0x0800011b   Thumb Code     0  startup_stm32f10x_md.o(.text)
    USB_LP_CAN1_RX0_IRQHandler               0x0800011b   Thumb Code     0  startup_stm32f10x_md.o(.text)
    WWDG_IRQHandler                          0x0800011b   Thumb Code     0  startup_stm32f10x_md.o(.text)
    __aeabi_ldivmod                          0x08000125   Thumb Code    98  ldiv.o(.text)
    labs                                     0x08000187   Thumb Code     8  slabs.o(.text)
    __aeabi_memset                           0x0800018f   Thumb Code    14  memseta.o(.text)
    __aeabi_memset4                          0x0800018f   Thumb Code     0  memseta.o(.text)
    __aeabi_memset8                          0x0800018f   Thumb Code     0  memseta.o(.text)
    __aeabi_memclr                           0x0800019d   Thumb Code     4  memseta.o(.text)
    __aeabi_memclr4                          0x0800019d   Thumb Code     0  memseta.o(.text)
    __aeabi_memclr8                          0x0800019d   Thumb Code     0  memseta.o(.text)
    _memset$wrapper                          0x080001a1   Thumb Code    18  memseta.o(.text)
    memcmp                                   0x080001b3   Thumb Code    26  memcmp.o(.text)
    __aeabi_fadd                             0x080001cd   Thumb Code   164  fadd.o(.text)
    __aeabi_fsub                             0x08000271   Thumb Code     6  fadd.o(.text)
    __aeabi_frsub                            0x08000277   Thumb Code     6  fadd.o(.text)
    __aeabi_fmul                             0x0800027d   Thumb Code   100  fmul.o(.text)
    __aeabi_fdiv                             0x080002e1   Thumb Code   124  fdiv.o(.text)
    __aeabi_dadd                             0x0800035d   Thumb Code   322  dadd.o(.text)
    __aeabi_dsub                             0x0800049f   Thumb Code     6  dadd.o(.text)
    __aeabi_drsub                            0x080004a5   Thumb Code     6  dadd.o(.text)
    __aeabi_dmul                             0x080004ab   Thumb Code   228  dmul.o(.text)
    __aeabi_ddiv                             0x0800058f   Thumb Code   222  ddiv.o(.text)
    __aeabi_fcmple                           0x0800066d   Thumb Code    28  fcmple.o(.text)
    __aeabi_fcmplt                           0x08000689   Thumb Code    28  fcmplt.o(.text)
    __aeabi_fcmpeq                           0x080006a5   Thumb Code    28  fcmpeq.o(.text)
    __aeabi_i2f                              0x080006c1   Thumb Code    18  fflti.o(.text)
    __aeabi_ui2f                             0x080006d3   Thumb Code    10  ffltui.o(.text)
    __aeabi_f2iz                             0x080006dd   Thumb Code    50  ffixi.o(.text)
    __aeabi_f2d                              0x0800070f   Thumb Code    38  f2d.o(.text)
    __aeabi_d2f                              0x08000735   Thumb Code    56  d2f.o(.text)
    __aeabi_uidiv                            0x0800076d   Thumb Code     0  uidiv.o(.text)
    __aeabi_uidivmod                         0x0800076d   Thumb Code    44  uidiv.o(.text)
    __aeabi_uldivmod                         0x08000799   Thumb Code    98  uldiv.o(.text)
    __aeabi_llsl                             0x080007fb   Thumb Code    30  llshl.o(.text)
    _ll_shift_l                              0x080007fb   Thumb Code     0  llshl.o(.text)
    __aeabi_lasr                             0x08000819   Thumb Code    36  llsshr.o(.text)
    _ll_sshift_r                             0x08000819   Thumb Code     0  llsshr.o(.text)
    __I$use$fp                               0x0800083d   Thumb Code     0  iusefp.o(.text)
    _float_round                             0x0800083d   Thumb Code    18  fepilogue.o(.text)
    _float_epilogue                          0x0800084f   Thumb Code    92  fepilogue.o(.text)
    _double_round                            0x080008ab   Thumb Code    30  depilogue.o(.text)
    _double_epilogue                         0x080008c9   Thumb Code   156  depilogue.o(.text)
    __ARM_scalbn                             0x08000965   Thumb Code    46  dscalb.o(.text)
    scalbn                                   0x08000965   Thumb Code     0  dscalb.o(.text)
    __aeabi_d2ulz                            0x08000993   Thumb Code    48  dfixul.o(.text)
    __aeabi_cdcmpeq                          0x080009c5   Thumb Code     0  cdcmple.o(.text)
    __aeabi_cdcmple                          0x080009c5   Thumb Code    48  cdcmple.o(.text)
    __aeabi_cdrcmple                         0x080009f5   Thumb Code    48  cdrcmple.o(.text)
    __scatterload                            0x08000a25   Thumb Code    28  init.o(.text)
    __scatterload_rt2                        0x08000a25   Thumb Code     0  init.o(.text)
    __aeabi_llsr                             0x08000a49   Thumb Code    32  llushr.o(.text)
    _ll_ushift_r                             0x08000a49   Thumb Code     0  llushr.o(.text)
    _dsqrt                                   0x08000a69   Thumb Code   162  dsqrt.o(.text)
    BusFault_Handler                         0x08000b0d   Thumb Code     4  stm32f1xx_it.o(.text.BusFault_Handler)
    DebugMon_Handler                         0x08000b11   Thumb Code     2  stm32f1xx_it.o(.text.DebugMon_Handler)
    Error_Handler                            0x08000b15   Thumb Code    14  main.o(.text.Error_Handler)
    HAL_DMA_Abort                            0x08000b25   Thumb Code   124  stm32f1xx_hal_dma.o(.text.HAL_DMA_Abort)
    HAL_DMA_Abort_IT                         0x08000ba1   Thumb Code   284  stm32f1xx_hal_dma.o(.text.HAL_DMA_Abort_IT)
    HAL_Delay                                0x08000cbd   Thumb Code    66  stm32f1xx_hal.o(.text.HAL_Delay)
    HAL_GPIO_Init                            0x08000d01   Thumb Code   798  stm32f1xx_hal_gpio.o(.text.HAL_GPIO_Init)
    HAL_GPIO_ReadPin                         0x08001021   Thumb Code    46  stm32f1xx_hal_gpio.o(.text.HAL_GPIO_ReadPin)
    HAL_GPIO_WritePin                        0x08001051   Thumb Code    46  stm32f1xx_hal_gpio.o(.text.HAL_GPIO_WritePin)
    HAL_GetTick                              0x08001081   Thumb Code    12  stm32f1xx_hal.o(.text.HAL_GetTick)
    HAL_I2C_Init                             0x0800108d   Thumb Code   676  stm32f1xx_hal_i2c.o(.text.HAL_I2C_Init)
    HAL_I2C_Mem_Read                         0x08001331   Thumb Code  1222  stm32f1xx_hal_i2c.o(.text.HAL_I2C_Mem_Read)
    HAL_I2C_Mem_Write                        0x080017f9   Thumb Code   528  stm32f1xx_hal_i2c.o(.text.HAL_I2C_Mem_Write)
    HAL_I2C_MspInit                          0x08001a09   Thumb Code   162  i2c.o(.text.HAL_I2C_MspInit)
    HAL_IncTick                              0x08001aad   Thumb Code    26  stm32f1xx_hal.o(.text.HAL_IncTick)
    HAL_Init                                 0x08001ac9   Thumb Code    38  stm32f1xx_hal.o(.text.HAL_Init)
    HAL_InitTick                             0x08001af1   Thumb Code   112  stm32f1xx_hal.o(.text.HAL_InitTick)
    HAL_MspInit                              0x08001b61   Thumb Code   100  stm32f1xx_hal_msp.o(.text.HAL_MspInit)
    HAL_NVIC_EnableIRQ                       0x08001bc5   Thumb Code    20  stm32f1xx_hal_cortex.o(.text.HAL_NVIC_EnableIRQ)
    HAL_NVIC_SetPriority                     0x08001bd9   Thumb Code    50  stm32f1xx_hal_cortex.o(.text.HAL_NVIC_SetPriority)
    HAL_NVIC_SetPriorityGrouping             0x08001c0d   Thumb Code    16  stm32f1xx_hal_cortex.o(.text.HAL_NVIC_SetPriorityGrouping)
    HAL_RCC_ClockConfig                      0x08001c1d   Thumb Code   598  stm32f1xx_hal_rcc.o(.text.HAL_RCC_ClockConfig)
    HAL_RCC_GetHCLKFreq                      0x08001e75   Thumb Code    12  stm32f1xx_hal_rcc.o(.text.HAL_RCC_GetHCLKFreq)
    HAL_RCC_GetPCLK1Freq                     0x08001e81   Thumb Code    34  stm32f1xx_hal_rcc.o(.text.HAL_RCC_GetPCLK1Freq)
    HAL_RCC_GetPCLK2Freq                     0x08001ea5   Thumb Code    34  stm32f1xx_hal_rcc.o(.text.HAL_RCC_GetPCLK2Freq)
    HAL_RCC_GetSysClockFreq                  0x08001ec9   Thumb Code   228  stm32f1xx_hal_rcc.o(.text.HAL_RCC_GetSysClockFreq)
    HAL_RCC_OscConfig                        0x08001fad   Thumb Code  1658  stm32f1xx_hal_rcc.o(.text.HAL_RCC_OscConfig)
    HAL_SYSTICK_Config                       0x08002629   Thumb Code    16  stm32f1xx_hal_cortex.o(.text.HAL_SYSTICK_Config)
    HAL_TIMEx_BreakCallback                  0x08002639   Thumb Code     8  stm32f1xx_hal_tim_ex.o(.text.HAL_TIMEx_BreakCallback)
    HAL_TIMEx_CommutCallback                 0x08002641   Thumb Code     8  stm32f1xx_hal_tim_ex.o(.text.HAL_TIMEx_CommutCallback)
    HAL_TIMEx_ConfigBreakDeadTime            0x08002649   Thumb Code   178  stm32f1xx_hal_tim_ex.o(.text.HAL_TIMEx_ConfigBreakDeadTime)
    HAL_TIMEx_MasterConfigSynchronization    0x080026fd   Thumb Code   220  stm32f1xx_hal_tim_ex.o(.text.HAL_TIMEx_MasterConfigSynchronization)
    HAL_TIM_Base_Init                        0x080027d9   Thumb Code   156  stm32f1xx_hal_tim.o(.text.HAL_TIM_Base_Init)
    HAL_TIM_Base_MspInit                     0x08002875   Thumb Code   124  tim.o(.text.HAL_TIM_Base_MspInit)
    HAL_TIM_Base_Start_IT                    0x080028f1   Thumb Code   176  stm32f1xx_hal_tim.o(.text.HAL_TIM_Base_Start_IT)
    HAL_TIM_ConfigClockSource                0x080029a1   Thumb Code   374  stm32f1xx_hal_tim.o(.text.HAL_TIM_ConfigClockSource)
    HAL_TIM_Encoder_Init                     0x08002b19   Thumb Code   296  stm32f1xx_hal_tim.o(.text.HAL_TIM_Encoder_Init)
    HAL_TIM_Encoder_MspInit                  0x08002c41   Thumb Code   230  tim.o(.text.HAL_TIM_Encoder_MspInit)
    HAL_TIM_Encoder_Start                    0x08002d29   Thumb Code   334  stm32f1xx_hal_tim.o(.text.HAL_TIM_Encoder_Start)
    HAL_TIM_IC_CaptureCallback               0x08002e79   Thumb Code     8  stm32f1xx_hal_tim.o(.text.HAL_TIM_IC_CaptureCallback)
    HAL_TIM_IRQHandler                       0x08002e81   Thumb Code   634  stm32f1xx_hal_tim.o(.text.HAL_TIM_IRQHandler)
    HAL_TIM_MspPostInit                      0x080030fd   Thumb Code    96  tim.o(.text.HAL_TIM_MspPostInit)
    HAL_TIM_OC_DelayElapsedCallback          0x0800315d   Thumb Code     8  stm32f1xx_hal_tim.o(.text.HAL_TIM_OC_DelayElapsedCallback)
    HAL_TIM_PWM_ConfigChannel                0x08003165   Thumb Code   308  stm32f1xx_hal_tim.o(.text.HAL_TIM_PWM_ConfigChannel)
    HAL_TIM_PWM_Init                         0x08003299   Thumb Code   156  stm32f1xx_hal_tim.o(.text.HAL_TIM_PWM_Init)
    HAL_TIM_PWM_MspInit                      0x08003335   Thumb Code     8  stm32f1xx_hal_tim.o(.text.HAL_TIM_PWM_MspInit)
    HAL_TIM_PWM_PulseFinishedCallback        0x0800333d   Thumb Code     8  stm32f1xx_hal_tim.o(.text.HAL_TIM_PWM_PulseFinishedCallback)
    HAL_TIM_PWM_Start                        0x08003345   Thumb Code   352  stm32f1xx_hal_tim.o(.text.HAL_TIM_PWM_Start)
    HAL_TIM_PeriodElapsedCallback            0x080034a5   Thumb Code   192  my_main.o(.text.HAL_TIM_PeriodElapsedCallback)
    HAL_TIM_TriggerCallback                  0x08003565   Thumb Code     8  stm32f1xx_hal_tim.o(.text.HAL_TIM_TriggerCallback)
    HAL_UARTEx_ReceiveToIdle_IT              0x0800356d   Thumb Code   196  stm32f1xx_hal_uart.o(.text.HAL_UARTEx_ReceiveToIdle_IT)
    HAL_UARTEx_RxEventCallback               0x08003631   Thumb Code    12  stm32f1xx_hal_uart.o(.text.HAL_UARTEx_RxEventCallback)
    HAL_UART_ErrorCallback                   0x0800363d   Thumb Code     8  stm32f1xx_hal_uart.o(.text.HAL_UART_ErrorCallback)
    HAL_UART_IRQHandler                      0x08003645   Thumb Code   836  stm32f1xx_hal_uart.o(.text.HAL_UART_IRQHandler)
    HAL_UART_Init                            0x08003989   Thumb Code   154  stm32f1xx_hal_uart.o(.text.HAL_UART_Init)
    HAL_UART_MspInit                         0x08003a25   Thumb Code   172  usart.o(.text.HAL_UART_MspInit)
    HAL_UART_RxCpltCallback                  0x08003ad1   Thumb Code    34  my_main.o(.text.HAL_UART_RxCpltCallback)
    HAL_UART_Transmit                        0x08003af5   Thumb Code   334  stm32f1xx_hal_uart.o(.text.HAL_UART_Transmit)
    HAL_UART_TxCpltCallback                  0x08003c45   Thumb Code     8  stm32f1xx_hal_uart.o(.text.HAL_UART_TxCpltCallback)
    HardFault_Handler                        0x08003c4d   Thumb Code     4  stm32f1xx_it.o(.text.HardFault_Handler)
    Limit                                    0x08004399   Thumb Code   122  my_main.o(.text.Limit)
    MPU_Get_Accelerometer                    0x08004415   Thumb Code    94  mpu6050.o(.text.MPU_Get_Accelerometer)
    MPU_Get_Gyroscope                        0x08004475   Thumb Code    94  mpu6050.o(.text.MPU_Get_Gyroscope)
    MPU_Read_Len                             0x080044d5   Thumb Code    76  mpu6050.o(.text.MPU_Read_Len)
    MPU_Write_Len                            0x08004521   Thumb Code    76  mpu6050.o(.text.MPU_Write_Len)
    MX_GPIO_Init                             0x0800456d   Thumb Code   294  gpio.o(.text.MX_GPIO_Init)
    MX_I2C1_Init                             0x08004695   Thumb Code    72  i2c.o(.text.MX_I2C1_Init)
    MX_TIM1_Init                             0x080046dd   Thumb Code   310  tim.o(.text.MX_TIM1_Init)
    MX_TIM2_Init                             0x08004815   Thumb Code   130  tim.o(.text.MX_TIM2_Init)
    MX_TIM3_Init                             0x08004899   Thumb Code   126  tim.o(.text.MX_TIM3_Init)
    MX_TIM4_Init                             0x08004919   Thumb Code   126  tim.o(.text.MX_TIM4_Init)
    MX_USART3_UART_Init                      0x08004999   Thumb Code    64  usart.o(.text.MX_USART3_UART_Init)
    MemManage_Handler                        0x080049d9   Thumb Code     4  stm32f1xx_it.o(.text.MemManage_Handler)
    NMI_Handler                              0x080049dd   Thumb Code     4  stm32f1xx_it.o(.text.NMI_Handler)
    PendSV_Handler                           0x08004a4d   Thumb Code     2  stm32f1xx_it.o(.text.PendSV_Handler)
    SVC_Handler                              0x08004a8d   Thumb Code     2  stm32f1xx_it.o(.text.SVC_Handler)
    SysTick_Handler                          0x08004ae5   Thumb Code     8  stm32f1xx_it.o(.text.SysTick_Handler)
    SystemClock_Config                       0x08004aed   Thumb Code   108  main.o(.text.SystemClock_Config)
    SystemInit                               0x08004b59   Thumb Code     2  system_stm32f1xx.o(.text.SystemInit)
    TIM2_IRQHandler                          0x08004b5d   Thumb Code    16  stm32f1xx_it.o(.text.TIM2_IRQHandler)
    TIM_Base_SetConfig                       0x08004b6d   Thumb Code   240  stm32f1xx_hal_tim.o(.text.TIM_Base_SetConfig)
    TIM_CCxChannelCmd                        0x08004c5d   Thumb Code    54  stm32f1xx_hal_tim.o(.text.TIM_CCxChannelCmd)
    TIM_ETR_SetConfig                        0x08004c95   Thumb Code    52  stm32f1xx_hal_tim.o(.text.TIM_ETR_SetConfig)
    TIM_OC2_SetConfig                        0x08004dc5   Thumb Code   216  stm32f1xx_hal_tim.o(.text.TIM_OC2_SetConfig)
    UART_Proc                                0x08005141   Thumb Code    80  my_main.o(.text.UART_Proc)
    UART_Start_Receive_IT                    0x08005399   Thumb Code   100  stm32f1xx_hal_uart.o(.text.UART_Start_Receive_IT)
    USART3_IRQHandler                        0x0800552d   Thumb Code    16  stm32f1xx_it.o(.text.USART3_IRQHandler)
    UsageFault_Handler                       0x0800553d   Thumb Code     4  stm32f1xx_it.o(.text.UsageFault_Handler)
    Vertical                                 0x08005541   Thumb Code   104  my_main.o(.text.Vertical)
    dmp_enable_6x_lp_quat                    0x080057e9   Thumb Code    70  inv_mpu_dmp_motion_driver.o(.text.dmp_enable_6x_lp_quat)
    dmp_enable_feature                       0x08005831   Thumb Code   682  inv_mpu_dmp_motion_driver.o(.text.dmp_enable_feature)
    dmp_enable_gyro_cal                      0x08005add   Thumb Code   106  inv_mpu_dmp_motion_driver.o(.text.dmp_enable_gyro_cal)
    dmp_enable_lp_quat                       0x08005b49   Thumb Code    70  inv_mpu_dmp_motion_driver.o(.text.dmp_enable_lp_quat)
    dmp_load_motion_driver_firmware          0x08005b91   Thumb Code    26  inv_mpu_dmp_motion_driver.o(.text.dmp_load_motion_driver_firmware)
    dmp_read_fifo                            0x08005bad   Thumb Code   466  inv_mpu_dmp_motion_driver.o(.text.dmp_read_fifo)
    dmp_set_accel_bias                       0x08005d81   Thumb Code   342  inv_mpu_dmp_motion_driver.o(.text.dmp_set_accel_bias)
    dmp_set_fifo_rate                        0x08005ed9   Thumb Code   164  inv_mpu_dmp_motion_driver.o(.text.dmp_set_fifo_rate)
    dmp_set_gyro_bias                        0x08005f7d   Thumb Code   336  inv_mpu_dmp_motion_driver.o(.text.dmp_set_gyro_bias)
    dmp_set_orientation                      0x080060cd   Thumb Code   432  inv_mpu_dmp_motion_driver.o(.text.dmp_set_orientation)
    dmp_set_shake_reject_thresh              0x0800627d   Thumb Code    86  inv_mpu_dmp_motion_driver.o(.text.dmp_set_shake_reject_thresh)
    dmp_set_shake_reject_time                0x080062d5   Thumb Code    62  inv_mpu_dmp_motion_driver.o(.text.dmp_set_shake_reject_time)
    dmp_set_shake_reject_timeout             0x08006315   Thumb Code    62  inv_mpu_dmp_motion_driver.o(.text.dmp_set_shake_reject_timeout)
    dmp_set_tap_axes                         0x08006355   Thumb Code   108  inv_mpu_dmp_motion_driver.o(.text.dmp_set_tap_axes)
    dmp_set_tap_count                        0x080063c1   Thumb Code    74  inv_mpu_dmp_motion_driver.o(.text.dmp_set_tap_count)
    dmp_set_tap_thresh                       0x0800640d   Thumb Code   508  inv_mpu_dmp_motion_driver.o(.text.dmp_set_tap_thresh)
    dmp_set_tap_time                         0x08006609   Thumb Code    64  inv_mpu_dmp_motion_driver.o(.text.dmp_set_tap_time)
    dmp_set_tap_time_multi                   0x08006649   Thumb Code    64  inv_mpu_dmp_motion_driver.o(.text.dmp_set_tap_time_multi)
    fputc                                    0x08006689   Thumb Code    42  usart.o(.text.fputc)
    inv_orientation_matrix_to_scalar         0x08006e81   Thumb Code    68  inv_mpu.o(.text.inv_orientation_matrix_to_scalar)
    inv_row_2_scale                          0x08006ec5   Thumb Code   156  inv_mpu.o(.text.inv_row_2_scale)
    key_proc                                 0x08006f61   Thumb Code   164  my_main.o(.text.key_proc)
    key_read                                 0x08007005   Thumb Code    74  key.o(.text.key_read)
    key_serv_long                            0x08007051   Thumb Code   236  key.o(.text.key_serv_long)
    loop                                     0x0800713d   Thumb Code    12  my_main.o(.text.loop)
    main                                     0x08007149   Thumb Code    56  main.o(.text.main)
    mget_ms                                  0x08007181   Thumb Code     8  inv_mpu.o(.text.mget_ms)
    mpu_configure_fifo                       0x08007189   Thumb Code   210  inv_mpu.o(.text.mpu_configure_fifo)
    mpu_dmp_get_data                         0x0800725d   Thumb Code   538  inv_mpu.o(.text.mpu_dmp_get_data)
    mpu_dmp_init                             0x08007479   Thumb Code   288  inv_mpu.o(.text.mpu_dmp_init)
    mpu_get_accel_fsr                        0x08007599   Thumb Code   108  inv_mpu.o(.text.mpu_get_accel_fsr)
    mpu_get_accel_sens                       0x08007605   Thumb Code   116  inv_mpu.o(.text.mpu_get_accel_sens)
    mpu_get_fifo_config                      0x08007679   Thumb Code    24  inv_mpu.o(.text.mpu_get_fifo_config)
    mpu_get_gyro_fsr                         0x08007691   Thumb Code    84  inv_mpu.o(.text.mpu_get_gyro_fsr)
    mpu_get_gyro_sens                        0x080076e5   Thumb Code   104  inv_mpu.o(.text.mpu_get_gyro_sens)
    mpu_get_lpf                              0x0800774d   Thumb Code   100  inv_mpu.o(.text.mpu_get_lpf)
    mpu_get_sample_rate                      0x080077b1   Thumb Code    56  inv_mpu.o(.text.mpu_get_sample_rate)
    mpu_init                                 0x080077e9   Thumb Code   550  inv_mpu.o(.text.mpu_init)
    mpu_load_firmware                        0x08007a11   Thumb Code   308  inv_mpu.o(.text.mpu_load_firmware)
    mpu_lp_accel_mode                        0x08007b45   Thumb Code   298  inv_mpu.o(.text.mpu_lp_accel_mode)
    mpu_read_fifo_stream                     0x08007c71   Thumb Code   296  inv_mpu.o(.text.mpu_read_fifo_stream)
    mpu_read_mem                             0x08007d99   Thumb Code   190  inv_mpu.o(.text.mpu_read_mem)
    mpu_reset_fifo                           0x08007e59   Thumb Code   656  inv_mpu.o(.text.mpu_reset_fifo)
    mpu_run_self_test                        0x080080e9   Thumb Code   378  inv_mpu.o(.text.mpu_run_self_test)
    mpu_set_accel_fsr                        0x08008265   Thumb Code   200  inv_mpu.o(.text.mpu_set_accel_fsr)
    mpu_set_bypass                           0x0800832d   Thumb Code   498  inv_mpu.o(.text.mpu_set_bypass)
    mpu_set_dmp_state                        0x08008521   Thumb Code   208  inv_mpu.o(.text.mpu_set_dmp_state)
    mpu_set_gyro_fsr                         0x080085f1   Thumb Code   208  inv_mpu.o(.text.mpu_set_gyro_fsr)
    mpu_set_int_latched                      0x080086c1   Thumb Code   184  inv_mpu.o(.text.mpu_set_int_latched)
    mpu_set_lpf                              0x08008779   Thumb Code   226  inv_mpu.o(.text.mpu_set_lpf)
    mpu_set_sample_rate                      0x0800885d   Thumb Code   250  inv_mpu.o(.text.mpu_set_sample_rate)
    mpu_set_sensors                          0x08008959   Thumb Code   346  inv_mpu.o(.text.mpu_set_sensors)
    mpu_write_mem                            0x08008ab5   Thumb Code   190  inv_mpu.o(.text.mpu_write_mem)
    run_self_test                            0x08008b75   Thumb Code   156  inv_mpu.o(.text.run_self_test)
    set_up                                   0x08008d05   Thumb Code   258  my_main.o(.text.set_up)
    __0printf                                0x08008e09   Thumb Code    22  printfa.o(i.__0printf)
    __1printf                                0x08008e09   Thumb Code     0  printfa.o(i.__0printf)
    __2printf                                0x08008e09   Thumb Code     0  printfa.o(i.__0printf)
    __c89printf                              0x08008e09   Thumb Code     0  printfa.o(i.__0printf)
    printf                                   0x08008e09   Thumb Code     0  printfa.o(i.__0printf)
    __ARM_fpclassify                         0x08008e29   Thumb Code    40  fpclassify.o(i.__ARM_fpclassify)
    __kernel_poly                            0x08008e51   Thumb Code   170  poly.o(i.__kernel_poly)
    __mathlib_dbl_infnan                     0x08008efb   Thumb Code     6  dunder.o(i.__mathlib_dbl_infnan)
    __mathlib_dbl_infnan2                    0x08008f01   Thumb Code     4  dunder.o(i.__mathlib_dbl_infnan2)
    __mathlib_dbl_invalid                    0x08008f05   Thumb Code    12  dunder.o(i.__mathlib_dbl_invalid)
    __mathlib_dbl_underflow                  0x08008f11   Thumb Code    10  dunder.o(i.__mathlib_dbl_underflow)
    __scatterload_copy                       0x08008f21   Thumb Code    14  handlers.o(i.__scatterload_copy)
    __scatterload_null                       0x08008f2f   Thumb Code     2  handlers.o(i.__scatterload_null)
    __scatterload_zeroinit                   0x08008f31   Thumb Code    14  handlers.o(i.__scatterload_zeroinit)
    __set_errno                              0x08008f41   Thumb Code     6  errno.o(i.__set_errno)
    asin                                     0x08009801   Thumb Code   572  asin.o(i.asin)
    atan                                     0x08009a71   Thumb Code   474  atan.o(i.atan)
    atan2                                    0x08009c91   Thumb Code   374  atan2.o(i.atan2)
    sqrt                                     0x08009e2d   Thumb Code    76  sqrt.o(i.sqrt)
    __mathlib_zero                           0x08009f60   Data           8  qnan.o(.constdata)
    AHBPrescTable                            0x08009f68   Data          16  system_stm32f1xx.o(.rodata.AHBPrescTable)
    APBPrescTable                            0x08009f78   Data           8  system_stm32f1xx.o(.rodata.APBPrescTable)
    hw                                       0x0800ab76   Data          12  inv_mpu.o(.rodata.hw)
    reg                                      0x0800ab82   Data          27  inv_mpu.o(.rodata.reg)
    test                                     0x0800ac30   Data          40  inv_mpu.o(.rodata.test)
    Region$$Table$$Base                      0x0800ac58   Number         0  anon$$obj.o(Region$$Table)
    Region$$Table$$Limit                     0x0800ac78   Number         0  anon$$obj.o(Region$$Table)
    __stdout                                 0x20000000   Data           4  stdout.o(.data)
    SystemCoreClock                          0x20000008   Data           4  system_stm32f1xx.o(.data.SystemCoreClock)
    uwTickFreq                               0x20000044   Data           1  stm32f1xx_hal.o(.data.uwTickFreq)
    uwTickPrio                               0x20000048   Data           4  stm32f1xx_hal.o(.data.uwTickPrio)
    Moto1                                    0x20000050   Data           4  my_main.o(.bss.Moto1)
    Moto2                                    0x20000054   Data           4  my_main.o(.bss.Moto2)
    PWM_out                                  0x20000058   Data           4  my_main.o(.bss.PWM_out)
    Pitch                                    0x2000005c   Data           4  my_main.o(.bss.Pitch)
    Roll                                     0x20000060   Data           4  my_main.o(.bss.Roll)
    Start_Flag                               0x20000064   Data           1  my_main.o(.bss.Start_Flag)
    Usart3_RX_Buf                            0x20000065   Data           1  my_main.o(.bss.Usart3_RX_Buf)
    Vertical_out                             0x20000068   Data           4  my_main.o(.bss.Vertical_out)
    Yaw                                      0x2000006c   Data           4  my_main.o(.bss.Yaw)
    aacx                                     0x20000070   Data           2  my_main.o(.bss.aacx)
    aacy                                     0x20000072   Data           2  my_main.o(.bss.aacy)
    aacz                                     0x20000074   Data           2  my_main.o(.bss.aacz)
    bkey                                     0x20000076   Data          24  key.o(.bss.bkey)
    gyrox                                    0x200000a0   Data           2  my_main.o(.bss.gyrox)
    gyroy                                    0x200000a2   Data           2  my_main.o(.bss.gyroy)
    gyroz                                    0x200000a4   Data           2  my_main.o(.bss.gyroz)
    hi2c1                                    0x200000a8   Data          84  i2c.o(.bss.hi2c1)
    htim1                                    0x200000fc   Data          72  tim.o(.bss.htim1)
    htim2                                    0x20000144   Data          72  tim.o(.bss.htim2)
    htim3                                    0x2000018c   Data          72  tim.o(.bss.htim3)
    htim4                                    0x200001d4   Data          72  tim.o(.bss.htim4)
    huart3                                   0x2000021c   Data          68  usart.o(.bss.huart3)
    test111                                  0x20000260   Data           1  my_main.o(.bss.test111)
    uwTick                                   0x20000264   Data           4  stm32f1xx_hal.o(.bss.uwTick)
    uwTick_UART                              0x20000268   Data           4  my_main.o(.bss.uwTick_UART)
    __initial_sp                             0x20000670   Data           0  startup_stm32f10x_md.o(STACK)



==============================================================================

Memory Map of the image

  Image Entry point : 0x080000ed

  Load Region LR_IROM1 (Base: 0x08000000, Size: 0x0000acc8, Max: 0x00010000, ABSOLUTE)

    Execution Region ER_IROM1 (Exec base: 0x08000000, Load base: 0x08000000, Size: 0x0000ac78, Max: 0x00010000, ABSOLUTE)

    Exec Addr    Load Addr    Size         Type   Attr      Idx    E Section Name        Object

    0x08000000   0x08000000   0x000000ec   Data   RO         1374    RESET               startup_stm32f10x_md.o
    0x080000ec   0x080000ec   0x00000000   Code   RO         1492  * .ARM.Collect$$$$00000000  mc_w.l(entry.o)
    0x080000ec   0x080000ec   0x00000004   Code   RO         1593    .ARM.Collect$$$$00000001  mc_w.l(entry2.o)
    0x080000f0   0x080000f0   0x00000004   Code   RO         1596    .ARM.Collect$$$$00000004  mc_w.l(entry5.o)
    0x080000f4   0x080000f4   0x00000000   Code   RO         1598    .ARM.Collect$$$$00000008  mc_w.l(entry7b.o)
    0x080000f4   0x080000f4   0x00000000   Code   RO         1600    .ARM.Collect$$$$0000000A  mc_w.l(entry8b.o)
    0x080000f4   0x080000f4   0x00000008   Code   RO         1601    .ARM.Collect$$$$0000000B  mc_w.l(entry9a.o)
    0x080000fc   0x080000fc   0x00000000   Code   RO         1603    .ARM.Collect$$$$0000000D  mc_w.l(entry10a.o)
    0x080000fc   0x080000fc   0x00000000   Code   RO         1605    .ARM.Collect$$$$0000000F  mc_w.l(entry11a.o)
    0x080000fc   0x080000fc   0x00000004   Code   RO         1594    .ARM.Collect$$$$00002712  mc_w.l(entry2.o)
    0x08000100   0x08000100   0x00000024   Code   RO         1375    .text               startup_stm32f10x_md.o
    0x08000124   0x08000124   0x00000062   Code   RO         1495    .text               mc_w.l(ldiv.o)
    0x08000186   0x08000186   0x00000008   Code   RO         1497    .text               mc_w.l(slabs.o)
    0x0800018e   0x0800018e   0x00000024   Code   RO         1501    .text               mc_w.l(memseta.o)
    0x080001b2   0x080001b2   0x0000001a   Code   RO         1503    .text               mc_w.l(memcmp.o)
    0x080001cc   0x080001cc   0x000000b0   Code   RO         1533    .text               mf_w.l(fadd.o)
    0x0800027c   0x0800027c   0x00000064   Code   RO         1535    .text               mf_w.l(fmul.o)
    0x080002e0   0x080002e0   0x0000007c   Code   RO         1537    .text               mf_w.l(fdiv.o)
    0x0800035c   0x0800035c   0x0000014e   Code   RO         1539    .text               mf_w.l(dadd.o)
    0x080004aa   0x080004aa   0x000000e4   Code   RO         1541    .text               mf_w.l(dmul.o)
    0x0800058e   0x0800058e   0x000000de   Code   RO         1543    .text               mf_w.l(ddiv.o)
    0x0800066c   0x0800066c   0x0000001c   Code   RO         1545    .text               mf_w.l(fcmple.o)
    0x08000688   0x08000688   0x0000001c   Code   RO         1547    .text               mf_w.l(fcmplt.o)
    0x080006a4   0x080006a4   0x0000001c   Code   RO         1551    .text               mf_w.l(fcmpeq.o)
    0x080006c0   0x080006c0   0x00000012   Code   RO         1553    .text               mf_w.l(fflti.o)
    0x080006d2   0x080006d2   0x0000000a   Code   RO         1555    .text               mf_w.l(ffltui.o)
    0x080006dc   0x080006dc   0x00000032   Code   RO         1559    .text               mf_w.l(ffixi.o)
    0x0800070e   0x0800070e   0x00000026   Code   RO         1561    .text               mf_w.l(f2d.o)
    0x08000734   0x08000734   0x00000038   Code   RO         1563    .text               mf_w.l(d2f.o)
    0x0800076c   0x0800076c   0x0000002c   Code   RO         1617    .text               mc_w.l(uidiv.o)
    0x08000798   0x08000798   0x00000062   Code   RO         1619    .text               mc_w.l(uldiv.o)
    0x080007fa   0x080007fa   0x0000001e   Code   RO         1621    .text               mc_w.l(llshl.o)
    0x08000818   0x08000818   0x00000024   Code   RO         1623    .text               mc_w.l(llsshr.o)
    0x0800083c   0x0800083c   0x00000000   Code   RO         1632    .text               mc_w.l(iusefp.o)
    0x0800083c   0x0800083c   0x0000006e   Code   RO         1633    .text               mf_w.l(fepilogue.o)
    0x080008aa   0x080008aa   0x000000ba   Code   RO         1635    .text               mf_w.l(depilogue.o)
    0x08000964   0x08000964   0x0000002e   Code   RO         1637    .text               mf_w.l(dscalb.o)
    0x08000992   0x08000992   0x00000030   Code   RO         1639    .text               mf_w.l(dfixul.o)
    0x080009c2   0x080009c2   0x00000002   PAD
    0x080009c4   0x080009c4   0x00000030   Code   RO         1641    .text               mf_w.l(cdcmple.o)
    0x080009f4   0x080009f4   0x00000030   Code   RO         1643    .text               mf_w.l(cdrcmple.o)
    0x08000a24   0x08000a24   0x00000024   Code   RO         1645    .text               mc_w.l(init.o)
    0x08000a48   0x08000a48   0x00000020   Code   RO         1647    .text               mc_w.l(llushr.o)
    0x08000a68   0x08000a68   0x000000a2   Code   RO         1649    .text               mf_w.l(dsqrt.o)
    0x08000b0a   0x08000b0a   0x00000002   PAD
    0x08000b0c   0x08000b0c   0x00000004   Code   RO          317    .text.BusFault_Handler  stm32f1xx_it.o
    0x08000b10   0x08000b10   0x00000002   Code   RO          323    .text.DebugMon_Handler  stm32f1xx_it.o
    0x08000b12   0x08000b12   0x00000002   PAD
    0x08000b14   0x08000b14   0x0000000e   Code   RO          228    .text.Error_Handler  main.o
    0x08000b22   0x08000b22   0x00000002   PAD
    0x08000b24   0x08000b24   0x0000007c   Code   RO          677    .text.HAL_DMA_Abort  stm32f1xx_hal_dma.o
    0x08000ba0   0x08000ba0   0x0000011c   Code   RO          679    .text.HAL_DMA_Abort_IT  stm32f1xx_hal_dma.o
    0x08000cbc   0x08000cbc   0x00000042   Code   RO          550    .text.HAL_Delay     stm32f1xx_hal.o
    0x08000cfe   0x08000cfe   0x00000002   PAD
    0x08000d00   0x08000d00   0x0000031e   Code   RO          644    .text.HAL_GPIO_Init  stm32f1xx_hal_gpio.o
    0x0800101e   0x0800101e   0x00000002   PAD
    0x08001020   0x08001020   0x0000002e   Code   RO          648    .text.HAL_GPIO_ReadPin  stm32f1xx_hal_gpio.o
    0x0800104e   0x0800104e   0x00000002   PAD
    0x08001050   0x08001050   0x0000002e   Code   RO          650    .text.HAL_GPIO_WritePin  stm32f1xx_hal_gpio.o
    0x0800107e   0x0800107e   0x00000002   PAD
    0x08001080   0x08001080   0x0000000c   Code   RO          542    .text.HAL_GetTick   stm32f1xx_hal.o
    0x0800108c   0x0800108c   0x000002a4   Code   RO          361    .text.HAL_I2C_Init  stm32f1xx_hal_i2c.o
    0x08001330   0x08001330   0x000004c6   Code   RO          415    .text.HAL_I2C_Mem_Read  stm32f1xx_hal_i2c.o
    0x080017f6   0x080017f6   0x00000002   PAD
    0x080017f8   0x080017f8   0x00000210   Code   RO          411    .text.HAL_I2C_Mem_Write  stm32f1xx_hal_i2c.o
    0x08001a08   0x08001a08   0x000000a2   Code   RO          248    .text.HAL_I2C_MspInit  i2c.o
    0x08001aaa   0x08001aaa   0x00000002   PAD
    0x08001aac   0x08001aac   0x0000001a   Code   RO          540    .text.HAL_IncTick   stm32f1xx_hal.o
    0x08001ac6   0x08001ac6   0x00000002   PAD
    0x08001ac8   0x08001ac8   0x00000026   Code   RO          530    .text.HAL_Init      stm32f1xx_hal.o
    0x08001aee   0x08001aee   0x00000002   PAD
    0x08001af0   0x08001af0   0x00000070   Code   RO          532    .text.HAL_InitTick  stm32f1xx_hal.o
    0x08001b60   0x08001b60   0x00000064   Code   RO          340    .text.HAL_MspInit   stm32f1xx_hal_msp.o
    0x08001bc4   0x08001bc4   0x00000014   Code   RO          712    .text.HAL_NVIC_EnableIRQ  stm32f1xx_hal_cortex.o
    0x08001bd8   0x08001bd8   0x00000032   Code   RO          704    .text.HAL_NVIC_SetPriority  stm32f1xx_hal_cortex.o
    0x08001c0a   0x08001c0a   0x00000002   PAD
    0x08001c0c   0x08001c0c   0x00000010   Code   RO          700    .text.HAL_NVIC_SetPriorityGrouping  stm32f1xx_hal_cortex.o
    0x08001c1c   0x08001c1c   0x00000256   Code   RO          596    .text.HAL_RCC_ClockConfig  stm32f1xx_hal_rcc.o
    0x08001e72   0x08001e72   0x00000002   PAD
    0x08001e74   0x08001e74   0x0000000c   Code   RO          606    .text.HAL_RCC_GetHCLKFreq  stm32f1xx_hal_rcc.o
    0x08001e80   0x08001e80   0x00000022   Code   RO          608    .text.HAL_RCC_GetPCLK1Freq  stm32f1xx_hal_rcc.o
    0x08001ea2   0x08001ea2   0x00000002   PAD
    0x08001ea4   0x08001ea4   0x00000022   Code   RO          610    .text.HAL_RCC_GetPCLK2Freq  stm32f1xx_hal_rcc.o
    0x08001ec6   0x08001ec6   0x00000002   PAD
    0x08001ec8   0x08001ec8   0x000000e4   Code   RO          598    .text.HAL_RCC_GetSysClockFreq  stm32f1xx_hal_rcc.o
    0x08001fac   0x08001fac   0x0000067a   Code   RO          592    .text.HAL_RCC_OscConfig  stm32f1xx_hal_rcc.o
    0x08002626   0x08002626   0x00000002   PAD
    0x08002628   0x08002628   0x00000010   Code   RO          724    .text.HAL_SYSTICK_Config  stm32f1xx_hal_cortex.o
    0x08002638   0x08002638   0x00000008   Code   RO         1231    .text.HAL_TIMEx_BreakCallback  stm32f1xx_hal_tim_ex.o
    0x08002640   0x08002640   0x00000008   Code   RO         1227    .text.HAL_TIMEx_CommutCallback  stm32f1xx_hal_tim_ex.o
    0x08002648   0x08002648   0x000000b2   Code   RO         1223    .text.HAL_TIMEx_ConfigBreakDeadTime  stm32f1xx_hal_tim_ex.o
    0x080026fa   0x080026fa   0x00000002   PAD
    0x080026fc   0x080026fc   0x000000dc   Code   RO         1221    .text.HAL_TIMEx_MasterConfigSynchronization  stm32f1xx_hal_tim_ex.o
    0x080027d8   0x080027d8   0x0000009c   Code   RO          908    .text.HAL_TIM_Base_Init  stm32f1xx_hal_tim.o
    0x08002874   0x08002874   0x0000007c   Code   RO          270    .text.HAL_TIM_Base_MspInit  tim.o
    0x080028f0   0x080028f0   0x000000b0   Code   RO          922    .text.HAL_TIM_Base_Start_IT  stm32f1xx_hal_tim.o
    0x080029a0   0x080029a0   0x00000176   Code   RO         1100    .text.HAL_TIM_ConfigClockSource  stm32f1xx_hal_tim.o
    0x08002b16   0x08002b16   0x00000002   PAD
    0x08002b18   0x08002b18   0x00000128   Code   RO         1022    .text.HAL_TIM_Encoder_Init  stm32f1xx_hal_tim.o
    0x08002c40   0x08002c40   0x000000e6   Code   RO          272    .text.HAL_TIM_Encoder_MspInit  tim.o
    0x08002d26   0x08002d26   0x00000002   PAD
    0x08002d28   0x08002d28   0x0000014e   Code   RO         1030    .text.HAL_TIM_Encoder_Start  stm32f1xx_hal_tim.o
    0x08002e76   0x08002e76   0x00000002   PAD
    0x08002e78   0x08002e78   0x00000008   Code   RO         1044    .text.HAL_TIM_IC_CaptureCallback  stm32f1xx_hal_tim.o
    0x08002e80   0x08002e80   0x0000027a   Code   RO         1042    .text.HAL_TIM_IRQHandler  stm32f1xx_hal_tim.o
    0x080030fa   0x080030fa   0x00000002   PAD
    0x080030fc   0x080030fc   0x00000060   Code   RO          262    .text.HAL_TIM_MspPostInit  tim.o
    0x0800315c   0x0800315c   0x00000008   Code   RO         1046    .text.HAL_TIM_OC_DelayElapsedCallback  stm32f1xx_hal_tim.o
    0x08003164   0x08003164   0x00000134   Code   RO         1074    .text.HAL_TIM_PWM_ConfigChannel  stm32f1xx_hal_tim.o
    0x08003298   0x08003298   0x0000009c   Code   RO          962    .text.HAL_TIM_PWM_Init  stm32f1xx_hal_tim.o
    0x08003334   0x08003334   0x00000008   Code   RO          964    .text.HAL_TIM_PWM_MspInit  stm32f1xx_hal_tim.o
    0x0800333c   0x0800333c   0x00000008   Code   RO         1048    .text.HAL_TIM_PWM_PulseFinishedCallback  stm32f1xx_hal_tim.o
    0x08003344   0x08003344   0x00000160   Code   RO          970    .text.HAL_TIM_PWM_Start  stm32f1xx_hal_tim.o
    0x080034a4   0x080034a4   0x000000c0   Code   RO         1418    .text.HAL_TIM_PeriodElapsedCallback  my_main.o
    0x08003564   0x08003564   0x00000008   Code   RO         1052    .text.HAL_TIM_TriggerCallback  stm32f1xx_hal_tim.o
    0x0800356c   0x0800356c   0x000000c4   Code   RO         1296    .text.HAL_UARTEx_ReceiveToIdle_IT  stm32f1xx_hal_uart.o
    0x08003630   0x08003630   0x0000000c   Code   RO         1334    .text.HAL_UARTEx_RxEventCallback  stm32f1xx_hal_uart.o
    0x0800363c   0x0800363c   0x00000008   Code   RO         1332    .text.HAL_UART_ErrorCallback  stm32f1xx_hal_uart.o
    0x08003644   0x08003644   0x00000344   Code   RO         1326    .text.HAL_UART_IRQHandler  stm32f1xx_hal_uart.o
    0x08003988   0x08003988   0x0000009a   Code   RO         1244    .text.HAL_UART_Init  stm32f1xx_hal_uart.o
    0x08003a22   0x08003a22   0x00000002   PAD
    0x08003a24   0x08003a24   0x000000ac   Code   RO          297    .text.HAL_UART_MspInit  usart.o
    0x08003ad0   0x08003ad0   0x00000022   Code   RO         1434    .text.HAL_UART_RxCpltCallback  my_main.o
    0x08003af2   0x08003af2   0x00000002   PAD
    0x08003af4   0x08003af4   0x0000014e   Code   RO         1260    .text.HAL_UART_Transmit  stm32f1xx_hal_uart.o
    0x08003c42   0x08003c42   0x00000002   PAD
    0x08003c44   0x08003c44   0x00000008   Code   RO         1340    .text.HAL_UART_TxCpltCallback  stm32f1xx_hal_uart.o
    0x08003c4c   0x08003c4c   0x00000004   Code   RO          313    .text.HardFault_Handler  stm32f1xx_it.o
    0x08003c50   0x08003c50   0x00000064   Code   RO          521    .text.I2C_IsAcknowledgeFailed  stm32f1xx_hal_i2c.o
    0x08003cb4   0x08003cb4   0x000001e2   Code   RO          417    .text.I2C_RequestMemoryRead  stm32f1xx_hal_i2c.o
    0x08003e96   0x08003e96   0x00000002   PAD
    0x08003e98   0x08003e98   0x0000013a   Code   RO          413    .text.I2C_RequestMemoryWrite  stm32f1xx_hal_i2c.o
    0x08003fd2   0x08003fd2   0x00000002   PAD
    0x08003fd4   0x08003fd4   0x00000096   Code   RO          377    .text.I2C_WaitOnBTFFlagUntilTimeout  stm32f1xx_hal_i2c.o
    0x0800406a   0x0800406a   0x00000002   PAD
    0x0800406c   0x0800406c   0x000000be   Code   RO          371    .text.I2C_WaitOnFlagUntilTimeout  stm32f1xx_hal_i2c.o
    0x0800412a   0x0800412a   0x00000002   PAD
    0x0800412c   0x0800412c   0x00000110   Code   RO          519    .text.I2C_WaitOnMasterAddressFlagUntilTimeout  stm32f1xx_hal_i2c.o
    0x0800423c   0x0800423c   0x000000c6   Code   RO          383    .text.I2C_WaitOnRXNEFlagUntilTimeout  stm32f1xx_hal_i2c.o
    0x08004302   0x08004302   0x00000002   PAD
    0x08004304   0x08004304   0x00000094   Code   RO          375    .text.I2C_WaitOnTXEFlagUntilTimeout  stm32f1xx_hal_i2c.o
    0x08004398   0x08004398   0x0000007a   Code   RO         1422    .text.Limit         my_main.o
    0x08004412   0x08004412   0x00000002   PAD
    0x08004414   0x08004414   0x0000005e   Code   RO           22    .text.MPU_Get_Accelerometer  mpu6050.o
    0x08004472   0x08004472   0x00000002   PAD
    0x08004474   0x08004474   0x0000005e   Code   RO           20    .text.MPU_Get_Gyroscope  mpu6050.o
    0x080044d2   0x080044d2   0x00000002   PAD
    0x080044d4   0x080044d4   0x0000004c   Code   RO           18    .text.MPU_Read_Len  mpu6050.o
    0x08004520   0x08004520   0x0000004c   Code   RO           24    .text.MPU_Write_Len  mpu6050.o
    0x0800456c   0x0800456c   0x00000126   Code   RO          238    .text.MX_GPIO_Init  gpio.o
    0x08004692   0x08004692   0x00000002   PAD
    0x08004694   0x08004694   0x00000048   Code   RO          246    .text.MX_I2C1_Init  i2c.o
    0x080046dc   0x080046dc   0x00000136   Code   RO          260    .text.MX_TIM1_Init  tim.o
    0x08004812   0x08004812   0x00000002   PAD
    0x08004814   0x08004814   0x00000082   Code   RO          264    .text.MX_TIM2_Init  tim.o
    0x08004896   0x08004896   0x00000002   PAD
    0x08004898   0x08004898   0x0000007e   Code   RO          266    .text.MX_TIM3_Init  tim.o
    0x08004916   0x08004916   0x00000002   PAD
    0x08004918   0x08004918   0x0000007e   Code   RO          268    .text.MX_TIM4_Init  tim.o
    0x08004996   0x08004996   0x00000002   PAD
    0x08004998   0x08004998   0x00000040   Code   RO          295    .text.MX_USART3_UART_Init  usart.o
    0x080049d8   0x080049d8   0x00000004   Code   RO          315    .text.MemManage_Handler  stm32f1xx_it.o
    0x080049dc   0x080049dc   0x00000004   Code   RO          311    .text.NMI_Handler   stm32f1xx_it.o
    0x080049e0   0x080049e0   0x0000006c   Code   RO          710    .text.NVIC_EncodePriority  stm32f1xx_hal_cortex.o
    0x08004a4c   0x08004a4c   0x00000002   Code   RO          325    .text.PendSV_Handler  stm32f1xx_it.o
    0x08004a4e   0x08004a4e   0x00000002   PAD
    0x08004a50   0x08004a50   0x0000003a   Code   RO          594    .text.RCC_Delay     stm32f1xx_hal_rcc.o
    0x08004a8a   0x08004a8a   0x00000002   PAD
    0x08004a8c   0x08004a8c   0x00000002   Code   RO          321    .text.SVC_Handler   stm32f1xx_it.o
    0x08004a8e   0x08004a8e   0x00000002   PAD
    0x08004a90   0x08004a90   0x00000052   Code   RO          726    .text.SysTick_Config  stm32f1xx_hal_cortex.o
    0x08004ae2   0x08004ae2   0x00000002   PAD
    0x08004ae4   0x08004ae4   0x00000008   Code   RO          327    .text.SysTick_Handler  stm32f1xx_it.o
    0x08004aec   0x08004aec   0x0000006c   Code   RO          226    .text.SystemClock_Config  main.o
    0x08004b58   0x08004b58   0x00000002   Code   RO         1382    .text.SystemInit    system_stm32f1xx.o
    0x08004b5a   0x08004b5a   0x00000002   PAD
    0x08004b5c   0x08004b5c   0x00000010   Code   RO          329    .text.TIM2_IRQHandler  stm32f1xx_it.o
    0x08004b6c   0x08004b6c   0x000000f0   Code   RO          912    .text.TIM_Base_SetConfig  stm32f1xx_hal_tim.o
    0x08004c5c   0x08004c5c   0x00000036   Code   RO          946    .text.TIM_CCxChannelCmd  stm32f1xx_hal_tim.o
    0x08004c92   0x08004c92   0x00000002   PAD
    0x08004c94   0x08004c94   0x00000034   Code   RO         1098    .text.TIM_ETR_SetConfig  stm32f1xx_hal_tim.o
    0x08004cc8   0x08004cc8   0x0000002a   Code   RO         1104    .text.TIM_ITRx_SetConfig  stm32f1xx_hal_tim.o
    0x08004cf2   0x08004cf2   0x00000002   PAD
    0x08004cf4   0x08004cf4   0x000000ce   Code   RO         1056    .text.TIM_OC1_SetConfig  stm32f1xx_hal_tim.o
    0x08004dc2   0x08004dc2   0x00000002   PAD
    0x08004dc4   0x08004dc4   0x000000d8   Code   RO         1058    .text.TIM_OC2_SetConfig  stm32f1xx_hal_tim.o
    0x08004e9c   0x08004e9c   0x000000d6   Code   RO         1060    .text.TIM_OC3_SetConfig  stm32f1xx_hal_tim.o
    0x08004f72   0x08004f72   0x00000002   PAD
    0x08004f74   0x08004f74   0x00000096   Code   RO         1062    .text.TIM_OC4_SetConfig  stm32f1xx_hal_tim.o
    0x0800500a   0x0800500a   0x00000002   PAD
    0x0800500c   0x0800500c   0x00000050   Code   RO         1102    .text.TIM_TI1_ConfigInputStage  stm32f1xx_hal_tim.o
    0x0800505c   0x0800505c   0x00000052   Code   RO         1106    .text.TIM_TI2_ConfigInputStage  stm32f1xx_hal_tim.o
    0x080050ae   0x080050ae   0x00000002   PAD
    0x080050b0   0x080050b0   0x00000020   Code   RO         1330    .text.UART_DMAAbortOnError  stm32f1xx_hal_uart.o
    0x080050d0   0x080050d0   0x00000046   Code   RO         1292    .text.UART_EndRxTransfer  stm32f1xx_hal_uart.o
    0x08005116   0x08005116   0x00000002   PAD
    0x08005118   0x08005118   0x00000026   Code   RO         1338    .text.UART_EndTransmit_IT  stm32f1xx_hal_uart.o
    0x0800513e   0x0800513e   0x00000002   PAD
    0x08005140   0x08005140   0x00000050   Code   RO         1416    .text.UART_Proc     my_main.o
    0x08005190   0x08005190   0x0000014a   Code   RO         1328    .text.UART_Receive_IT  stm32f1xx_hal_uart.o
    0x080052da   0x080052da   0x00000002   PAD
    0x080052dc   0x080052dc   0x000000ba   Code   RO         1248    .text.UART_SetConfig  stm32f1xx_hal_uart.o
    0x08005396   0x08005396   0x00000002   PAD
    0x08005398   0x08005398   0x00000064   Code   RO         1270    .text.UART_Start_Receive_IT  stm32f1xx_hal_uart.o
    0x080053fc   0x080053fc   0x00000094   Code   RO         1336    .text.UART_Transmit_IT  stm32f1xx_hal_uart.o
    0x08005490   0x08005490   0x0000009c   Code   RO         1262    .text.UART_WaitOnFlagUntilTimeout  stm32f1xx_hal_uart.o
    0x0800552c   0x0800552c   0x00000010   Code   RO          331    .text.USART3_IRQHandler  stm32f1xx_it.o
    0x0800553c   0x0800553c   0x00000004   Code   RO          319    .text.UsageFault_Handler  stm32f1xx_it.o
    0x08005540   0x08005540   0x00000068   Code   RO         1420    .text.Vertical      my_main.o
    0x080055a8   0x080055a8   0x00000030   Code   RO          714    .text.__NVIC_EnableIRQ  stm32f1xx_hal_cortex.o
    0x080055d8   0x080055d8   0x00000010   Code   RO          706    .text.__NVIC_GetPriorityGrouping  stm32f1xx_hal_cortex.o
    0x080055e8   0x080055e8   0x00000042   Code   RO          708    .text.__NVIC_SetPriority  stm32f1xx_hal_cortex.o
    0x0800562a   0x0800562a   0x00000002   PAD
    0x0800562c   0x0800562c   0x0000003c   Code   RO          702    .text.__NVIC_SetPriorityGrouping  stm32f1xx_hal_cortex.o
    0x08005668   0x08005668   0x000000e4   Code   RO          105    .text.accel_self_test  inv_mpu.o
    0x0800574c   0x0800574c   0x0000009c   Code   RO          200    .text.decode_gesture  inv_mpu_dmp_motion_driver.o
    0x080057e8   0x080057e8   0x00000046   Code   RO          192    .text.dmp_enable_6x_lp_quat  inv_mpu_dmp_motion_driver.o
    0x0800582e   0x0800582e   0x00000002   PAD
    0x08005830   0x08005830   0x000002aa   Code   RO          186    .text.dmp_enable_feature  inv_mpu_dmp_motion_driver.o
    0x08005ada   0x08005ada   0x00000002   PAD
    0x08005adc   0x08005adc   0x0000006a   Code   RO          188    .text.dmp_enable_gyro_cal  inv_mpu_dmp_motion_driver.o
    0x08005b46   0x08005b46   0x00000002   PAD
    0x08005b48   0x08005b48   0x00000046   Code   RO          190    .text.dmp_enable_lp_quat  inv_mpu_dmp_motion_driver.o
    0x08005b8e   0x08005b8e   0x00000002   PAD
    0x08005b90   0x08005b90   0x0000001a   Code   RO          150    .text.dmp_load_motion_driver_firmware  inv_mpu_dmp_motion_driver.o
    0x08005baa   0x08005baa   0x00000002   PAD
    0x08005bac   0x08005bac   0x000001d2   Code   RO          198    .text.dmp_read_fifo  inv_mpu_dmp_motion_driver.o
    0x08005d7e   0x08005d7e   0x00000002   PAD
    0x08005d80   0x08005d80   0x00000156   Code   RO          156    .text.dmp_set_accel_bias  inv_mpu_dmp_motion_driver.o
    0x08005ed6   0x08005ed6   0x00000002   PAD
    0x08005ed8   0x08005ed8   0x000000a4   Code   RO          158    .text.dmp_set_fifo_rate  inv_mpu_dmp_motion_driver.o
    0x08005f7c   0x08005f7c   0x00000150   Code   RO          154    .text.dmp_set_gyro_bias  inv_mpu_dmp_motion_driver.o
    0x080060cc   0x080060cc   0x000001b0   Code   RO          152    .text.dmp_set_orientation  inv_mpu_dmp_motion_driver.o
    0x0800627c   0x0800627c   0x00000056   Code   RO          172    .text.dmp_set_shake_reject_thresh  inv_mpu_dmp_motion_driver.o
    0x080062d2   0x080062d2   0x00000002   PAD
    0x080062d4   0x080062d4   0x0000003e   Code   RO          174    .text.dmp_set_shake_reject_time  inv_mpu_dmp_motion_driver.o
    0x08006312   0x08006312   0x00000002   PAD
    0x08006314   0x08006314   0x0000003e   Code   RO          176    .text.dmp_set_shake_reject_timeout  inv_mpu_dmp_motion_driver.o
    0x08006352   0x08006352   0x00000002   PAD
    0x08006354   0x08006354   0x0000006c   Code   RO          164    .text.dmp_set_tap_axes  inv_mpu_dmp_motion_driver.o
    0x080063c0   0x080063c0   0x0000004a   Code   RO          166    .text.dmp_set_tap_count  inv_mpu_dmp_motion_driver.o
    0x0800640a   0x0800640a   0x00000002   PAD
    0x0800640c   0x0800640c   0x000001fc   Code   RO          162    .text.dmp_set_tap_thresh  inv_mpu_dmp_motion_driver.o
    0x08006608   0x08006608   0x00000040   Code   RO          168    .text.dmp_set_tap_time  inv_mpu_dmp_motion_driver.o
    0x08006648   0x08006648   0x00000040   Code   RO          170    .text.dmp_set_tap_time_multi  inv_mpu_dmp_motion_driver.o
    0x08006688   0x08006688   0x0000002a   Code   RO          301    .text.fputc         usart.o
    0x080066b2   0x080066b2   0x00000002   PAD
    0x080066b4   0x080066b4   0x00000106   Code   RO          135    .text.get_accel_prod_shift  inv_mpu.o
    0x080067ba   0x080067ba   0x00000002   PAD
    0x080067bc   0x080067bc   0x00000560   Code   RO          103    .text.get_st_biases  inv_mpu.o
    0x08006d1c   0x08006d1c   0x00000162   Code   RO          107    .text.gyro_self_test  inv_mpu.o
    0x08006e7e   0x08006e7e   0x00000002   PAD
    0x08006e80   0x08006e80   0x00000044   Code   RO          127    .text.inv_orientation_matrix_to_scalar  inv_mpu.o
    0x08006ec4   0x08006ec4   0x0000009c   Code   RO          129    .text.inv_row_2_scale  inv_mpu.o
    0x08006f60   0x08006f60   0x000000a4   Code   RO         1410    .text.key_proc      my_main.o
    0x08007004   0x08007004   0x0000004a   Code   RO         1396    .text.key_read      key.o
    0x0800704e   0x0800704e   0x00000002   PAD
    0x08007050   0x08007050   0x000000ec   Code   RO         1400    .text.key_serv_long  key.o
    0x0800713c   0x0800713c   0x0000000c   Code   RO         1414    .text.loop          my_main.o
    0x08007148   0x08007148   0x00000038   Code   RO          224    .text.main          main.o
    0x08007180   0x08007180   0x00000008   Code   RO           59    .text.mget_ms       inv_mpu.o
    0x08007188   0x08007188   0x000000d2   Code   RO           47    .text.mpu_configure_fifo  inv_mpu.o
    0x0800725a   0x0800725a   0x00000002   PAD
    0x0800725c   0x0800725c   0x0000021a   Code   RO          133    .text.mpu_dmp_get_data  inv_mpu.o
    0x08007476   0x08007476   0x00000002   PAD
    0x08007478   0x08007478   0x00000120   Code   RO          131    .text.mpu_dmp_init  inv_mpu.o
    0x08007598   0x08007598   0x0000006c   Code   RO           71    .text.mpu_get_accel_fsr  inv_mpu.o
    0x08007604   0x08007604   0x00000074   Code   RO           83    .text.mpu_get_accel_sens  inv_mpu.o
    0x08007678   0x08007678   0x00000018   Code   RO           85    .text.mpu_get_fifo_config  inv_mpu.o
    0x08007690   0x08007690   0x00000054   Code   RO           69    .text.mpu_get_gyro_fsr  inv_mpu.o
    0x080076e4   0x080076e4   0x00000068   Code   RO           81    .text.mpu_get_gyro_sens  inv_mpu.o
    0x0800774c   0x0800774c   0x00000064   Code   RO           73    .text.mpu_get_lpf   inv_mpu.o
    0x080077b0   0x080077b0   0x00000038   Code   RO           75    .text.mpu_get_sample_rate  inv_mpu.o
    0x080077e8   0x080077e8   0x00000226   Code   RO           37    .text.mpu_init      inv_mpu.o
    0x08007a0e   0x08007a0e   0x00000002   PAD
    0x08007a10   0x08007a10   0x00000134   Code   RO          113    .text.mpu_load_firmware  inv_mpu.o
    0x08007b44   0x08007b44   0x0000012a   Code   RO           53    .text.mpu_lp_accel_mode  inv_mpu.o
    0x08007c6e   0x08007c6e   0x00000002   PAD
    0x08007c70   0x08007c70   0x00000128   Code   RO           95    .text.mpu_read_fifo_stream  inv_mpu.o
    0x08007d98   0x08007d98   0x000000be   Code   RO          111    .text.mpu_read_mem  inv_mpu.o
    0x08007e56   0x08007e56   0x00000002   PAD
    0x08007e58   0x08007e58   0x00000290   Code   RO           67    .text.mpu_reset_fifo  inv_mpu.o
    0x080080e8   0x080080e8   0x0000017a   Code   RO           99    .text.mpu_run_self_test  inv_mpu.o
    0x08008262   0x08008262   0x00000002   PAD
    0x08008264   0x08008264   0x000000c8   Code   RO           41    .text.mpu_set_accel_fsr  inv_mpu.o
    0x0800832c   0x0800832c   0x000001f2   Code   RO           49    .text.mpu_set_bypass  inv_mpu.o
    0x0800851e   0x0800851e   0x00000002   PAD
    0x08008520   0x08008520   0x000000d0   Code   RO          101    .text.mpu_set_dmp_state  inv_mpu.o
    0x080085f0   0x080085f0   0x000000d0   Code   RO           39    .text.mpu_set_gyro_fsr  inv_mpu.o
    0x080086c0   0x080086c0   0x000000b8   Code   RO           55    .text.mpu_set_int_latched  inv_mpu.o
    0x08008778   0x08008778   0x000000e2   Code   RO           43    .text.mpu_set_lpf   inv_mpu.o
    0x0800885a   0x0800885a   0x00000002   PAD
    0x0800885c   0x0800885c   0x000000fa   Code   RO           45    .text.mpu_set_sample_rate  inv_mpu.o
    0x08008956   0x08008956   0x00000002   PAD
    0x08008958   0x08008958   0x0000015a   Code   RO           51    .text.mpu_set_sensors  inv_mpu.o
    0x08008ab2   0x08008ab2   0x00000002   PAD
    0x08008ab4   0x08008ab4   0x000000be   Code   RO          109    .text.mpu_write_mem  inv_mpu.o
    0x08008b72   0x08008b72   0x00000002   PAD
    0x08008b74   0x08008b74   0x0000009c   Code   RO          125    .text.run_self_test  inv_mpu.o
    0x08008c10   0x08008c10   0x000000f2   Code   RO           87    .text.set_int_enable  inv_mpu.o
    0x08008d02   0x08008d02   0x00000002   PAD
    0x08008d04   0x08008d04   0x00000102   Code   RO         1412    .text.set_up        my_main.o
    0x08008e06   0x08008e06   0x00000002   PAD
    0x08008e08   0x08008e08   0x00000020   Code   RO         1506    i.__0printf         mc_w.l(printfa.o)
    0x08008e28   0x08008e28   0x00000028   Code   RO         1584    i.__ARM_fpclassify  m_ws.l(fpclassify.o)
    0x08008e50   0x08008e50   0x000000aa   Code   RO         1586    i.__kernel_poly     m_ws.l(poly.o)
    0x08008efa   0x08008efa   0x00000006   Code   RO         1571    i.__mathlib_dbl_infnan  m_ws.l(dunder.o)
    0x08008f00   0x08008f00   0x00000004   Code   RO         1572    i.__mathlib_dbl_infnan2  m_ws.l(dunder.o)
    0x08008f04   0x08008f04   0x0000000c   Code   RO         1573    i.__mathlib_dbl_invalid  m_ws.l(dunder.o)
    0x08008f10   0x08008f10   0x00000010   Code   RO         1576    i.__mathlib_dbl_underflow  m_ws.l(dunder.o)
    0x08008f20   0x08008f20   0x0000000e   Code   RO         1653    i.__scatterload_copy  mc_w.l(handlers.o)
    0x08008f2e   0x08008f2e   0x00000002   Code   RO         1654    i.__scatterload_null  mc_w.l(handlers.o)
    0x08008f30   0x08008f30   0x0000000e   Code   RO         1655    i.__scatterload_zeroinit  mc_w.l(handlers.o)
    0x08008f3e   0x08008f3e   0x00000002   PAD
    0x08008f40   0x08008f40   0x0000000c   Code   RO         1627    i.__set_errno       mc_w.l(errno.o)
    0x08008f4c   0x08008f4c   0x00000184   Code   RO         1513    i._fp_digits        mc_w.l(printfa.o)
    0x080090d0   0x080090d0   0x000006dc   Code   RO         1514    i._printf_core      mc_w.l(printfa.o)
    0x080097ac   0x080097ac   0x00000024   Code   RO         1515    i._printf_post_padding  mc_w.l(printfa.o)
    0x080097d0   0x080097d0   0x0000002e   Code   RO         1516    i._printf_pre_padding  mc_w.l(printfa.o)
    0x080097fe   0x080097fe   0x00000002   PAD
    0x08009800   0x08009800   0x00000270   Code   RO         1484    i.asin              m_ws.l(asin.o)
    0x08009a70   0x08009a70   0x00000220   Code   RO         1566    i.atan              m_ws.l(atan.o)
    0x08009c90   0x08009c90   0x0000019c   Code   RO         1489    i.atan2             m_ws.l(atan2.o)
    0x08009e2c   0x08009e2c   0x0000004c   Code   RO         1590    i.sqrt              m_ws.l(sqrt.o)
    0x08009e78   0x08009e78   0x00000050   Data   RO         1485    .constdata          m_ws.l(asin.o)
    0x08009ec8   0x08009ec8   0x00000098   Data   RO         1567    .constdata          m_ws.l(atan.o)
    0x08009f60   0x08009f60   0x00000008   Data   RO         1588    .constdata          m_ws.l(qnan.o)
    0x08009f68   0x08009f68   0x00000010   Data   RO         1387    .rodata.AHBPrescTable  system_stm32f1xx.o
    0x08009f78   0x08009f78   0x00000008   Data   RO         1388    .rodata.APBPrescTable  system_stm32f1xx.o
    0x08009f80   0x08009f80   0x00000bf6   Data   RO          206    .rodata.dmp_memory  inv_mpu_dmp_motion_driver.o
    0x0800ab76   0x0800ab76   0x0000000c   Data   RO          138    .rodata.hw          inv_mpu.o
    0x0800ab82   0x0800ab82   0x0000001b   Data   RO          137    .rodata.reg         inv_mpu.o
    0x0800ab9d   0x0800ab9d   0x00000092   Data   RO         1445    .rodata.str1.1      my_main.o
    0x0800ac2f   0x0800ac2f   0x00000001   PAD
    0x0800ac30   0x0800ac30   0x00000028   Data   RO          139    .rodata.test        inv_mpu.o
    0x0800ac58   0x0800ac58   0x00000020   Data   RO         1652    Region$$Table       anon$$obj.o


    Execution Region RW_IRAM1 (Exec base: 0x20000000, Load base: 0x0800ac78, Size: 0x00000670, Max: 0x00005000, ABSOLUTE)

    Exec Addr    Load Addr    Size         Type   Attr      Idx    E Section Name        Object

    0x20000000   0x0800ac78   0x00000004   Data   RW         1607    .data               mc_w.l(stdout.o)
    0x20000004   0x0800ac7c   0x00000004   Data   RW         1628    .data               mc_w.l(errno.o)
    0x20000008   0x0800ac80   0x00000004   Data   RW         1386    .data.SystemCoreClock  system_stm32f1xx.o
    0x2000000c   0x0800ac84   0x00000009   Data   RW          142    .data.gyro_orientation  inv_mpu.o
    0x20000015   0x0800ac8d   0x00000003   PAD
    0x20000018   0x0800ac90   0x0000002c   Data   RW          140    .data.st            inv_mpu.o
    0x20000044   0x0800acbc   0x00000001   Data   RW          581    .data.uwTickFreq    stm32f1xx_hal.o
    0x20000045   0x0800acbd   0x00000003   PAD
    0x20000048   0x0800acc0   0x00000004   Data   RW          580    .data.uwTickPrio    stm32f1xx_hal.o
    0x2000004c   0x0800acc4   0x00000004   PAD
    0x20000050        -       0x00000004   Zero   RW         1458    .bss.Moto1          my_main.o
    0x20000054        -       0x00000004   Zero   RW         1459    .bss.Moto2          my_main.o
    0x20000058        -       0x00000004   Zero   RW         1457    .bss.PWM_out        my_main.o
    0x2000005c        -       0x00000004   Zero   RW         1447    .bss.Pitch          my_main.o
    0x20000060        -       0x00000004   Zero   RW         1448    .bss.Roll           my_main.o
    0x20000064        -       0x00000001   Zero   RW         1438    .bss.Start_Flag     my_main.o
    0x20000065        -       0x00000001   Zero   RW         1446    .bss.Usart3_RX_Buf  my_main.o
    0x20000066   0x0800acc4   0x00000002   PAD
    0x20000068        -       0x00000004   Zero   RW         1456    .bss.Vertical_out   my_main.o
    0x2000006c        -       0x00000004   Zero   RW         1449    .bss.Yaw            my_main.o
    0x20000070        -       0x00000002   Zero   RW         1453    .bss.aacx           my_main.o
    0x20000072        -       0x00000002   Zero   RW         1454    .bss.aacy           my_main.o
    0x20000074        -       0x00000002   Zero   RW         1455    .bss.aacz           my_main.o
    0x20000076        -       0x00000018   Zero   RW         1402    .bss.bkey           key.o
    0x2000008e   0x0800acc4   0x00000002   PAD
    0x20000090        -       0x00000010   Zero   RW          211    .bss.dmp            inv_mpu_dmp_motion_driver.o
    0x200000a0        -       0x00000002   Zero   RW         1450    .bss.gyrox          my_main.o
    0x200000a2        -       0x00000002   Zero   RW         1451    .bss.gyroy          my_main.o
    0x200000a4        -       0x00000002   Zero   RW         1452    .bss.gyroz          my_main.o
    0x200000a6   0x0800acc4   0x00000002   PAD
    0x200000a8        -       0x00000054   Zero   RW          252    .bss.hi2c1          i2c.o
    0x200000fc        -       0x00000048   Zero   RW          284    .bss.htim1          tim.o
    0x20000144        -       0x00000048   Zero   RW          285    .bss.htim2          tim.o
    0x2000018c        -       0x00000048   Zero   RW          286    .bss.htim3          tim.o
    0x200001d4        -       0x00000048   Zero   RW          287    .bss.htim4          tim.o
    0x2000021c        -       0x00000044   Zero   RW          303    .bss.huart3         usart.o
    0x20000260        -       0x00000001   Zero   RW         1444    .bss.test111        my_main.o
    0x20000261   0x0800acc4   0x00000003   PAD
    0x20000264        -       0x00000004   Zero   RW          582    .bss.uwTick         stm32f1xx_hal.o
    0x20000268        -       0x00000004   Zero   RW         1436    .bss.uwTick_UART    my_main.o
    0x2000026c   0x0800acc4   0x00000004   PAD
    0x20000270        -       0x00000400   Zero   RW         1372    STACK               startup_stm32f10x_md.o


==============================================================================

Image component sizes


      Code (inc. data)   RO Data    RW Data    ZI Data      Debug   Object Name

       294          0          0          0          0       1607   gpio.o
       234          0          0          0         84       4527   i2c.o
      9464         40         79         53          0      21068   inv_mpu.o
      3878         16       3062          0         16       8643   inv_mpu_dmp_motion_driver.o
       310          0          0          0         24       1816   key.o
       178          0          0          0          0       1692   main.o
       340          0          0          0          0       2997   mpu6050.o
       966          0        146          0         47       8818   my_main.o
        36          8        236          0       1024        808   startup_stm32f10x_md.o
       254          0          0          5          4       5591   stm32f1xx_hal.o
       482          0          0          0          0       7542   stm32f1xx_hal_cortex.o
       408          0          0          0          0       6297   stm32f1xx_hal_dma.o
       890          0          0          0          0       4244   stm32f1xx_hal_gpio.o
      4280          0          0          0          0      37032   stm32f1xx_hal_i2c.o
       100          0          0          0          0       1229   stm32f1xx_hal_msp.o
      2622          0          0          0          0       7426   stm32f1xx_hal_rcc.o
      4162         14          0          0          0      34533   stm32f1xx_hal_tim.o
       414          0          0          0          0      14764   stm32f1xx_hal_tim_ex.o
      2608          0          0          0          0      17762   stm32f1xx_hal_uart.o
        66          0          0          0          0       1211   stm32f1xx_it.o
         2          0         24          4          0       1601   system_stm32f1xx.o
      1142          0          0          0        288       8824   tim.o
       278          0          0          0         68       5528   usart.o

    ----------------------------------------------------------------------
     33568         78       3580         68       1572     205560   Object Totals
         0          0         32          0          0          0   (incl. Generated)
       160          0          1          6         17          0   (incl. Padding)

    ----------------------------------------------------------------------

      Code (inc. data)   RO Data    RW Data    ZI Data      Debug   Library Member Name

       624         52         80          0          0        168   asin.o
       544         70        152          0          0        124   atan.o
       412         38          0          0          0        144   atan2.o
        38          6          0          0          0        272   dunder.o
        40          0          0          0          0         68   fpclassify.o
       170          0          0          0          0         96   poly.o
         0          0          8          0          0          0   qnan.o
        76          0          0          0          0         84   sqrt.o
         0          0          0          0          0          0   entry.o
         0          0          0          0          0          0   entry10a.o
         0          0          0          0          0          0   entry11a.o
         8          4          0          0          0          0   entry2.o
         4          0          0          0          0          0   entry5.o
         0          0          0          0          0          0   entry7b.o
         0          0          0          0          0          0   entry8b.o
         8          4          0          0          0          0   entry9a.o
        12          6          0          4          0         68   errno.o
        30          0          0          0          0          0   handlers.o
        36          8          0          0          0         68   init.o
         0          0          0          0          0          0   iusefp.o
        98          0          0          0          0         84   ldiv.o
        30          0          0          0          0         68   llshl.o
        36          0          0          0          0         68   llsshr.o
        32          0          0          0          0         68   llushr.o
        26          0          0          0          0         80   memcmp.o
        36          0          0          0          0        108   memseta.o
      2258         90          0          0          0        452   printfa.o
         8          0          0          0          0         68   slabs.o
         0          0          0          4          0          0   stdout.o
        44          0          0          0          0         80   uidiv.o
        98          0          0          0          0         92   uldiv.o
        48          0          0          0          0         68   cdcmple.o
        48          0          0          0          0         68   cdrcmple.o
        56          0          0          0          0         88   d2f.o
       334          0          0          0          0        148   dadd.o
       222          0          0          0          0        100   ddiv.o
       186          0          0          0          0        176   depilogue.o
        48          0          0          0          0         68   dfixul.o
       228          0          0          0          0         96   dmul.o
        46          0          0          0          0         80   dscalb.o
       162          0          0          0          0        100   dsqrt.o
        38          0          0          0          0         68   f2d.o
       176          0          0          0          0        140   fadd.o
        28          0          0          0          0         68   fcmpeq.o
        28          0          0          0          0         68   fcmple.o
        28          0          0          0          0         68   fcmplt.o
       124          0          0          0          0         88   fdiv.o
       110          0          0          0          0        168   fepilogue.o
        50          0          0          0          0         68   ffixi.o
        18          0          0          0          0         68   fflti.o
        10          0          0          0          0         68   ffltui.o
       100          0          0          0          0         76   fmul.o

    ----------------------------------------------------------------------
      6764        278        240          8          0       4200   Library Totals
         8          0          0          0          0          0   (incl. Padding)

    ----------------------------------------------------------------------

      Code (inc. data)   RO Data    RW Data    ZI Data      Debug   Library Name

      1904        166        240          0          0        956   m_ws.l
      2764        112          0          8          0       1304   mc_w.l
      2088          0          0          0          0       1940   mf_w.l

    ----------------------------------------------------------------------
      6764        278        240          8          0       4200   Library Totals

    ----------------------------------------------------------------------

==============================================================================


      Code (inc. data)   RO Data    RW Data    ZI Data      Debug   

     40332        356       3820         76       1572     207256   Grand Totals
     40332        356       3820         76       1572     207256   ELF Image Totals
     40332        356       3820         76          0          0   ROM Totals

==============================================================================

    Total RO  Size (Code + RO Data)                44152 (  43.12kB)
    Total RW  Size (RW Data + ZI Data)              1648 (   1.61kB)
    Total ROM Size (Code + RO Data + RW Data)      44228 (  43.19kB)

==============================================================================

