<html>
<body>
<pre>
<h1>礦ision Build Log</h1>
<h2>Tool Versions:</h2>
IDE-Version: μVision V5.38.0.0
Copyright (C) 2022 ARM Ltd and ARM Germany GmbH. All rights reserved.
License Information: aa a, aaa, LIC=SDA0P-MPDRZ-56PQ2-9H6IQ-E9BMZ-F4GW1
 
Tool Versions:
Toolchain:       MDK-ARM Plus  Version: 5.38.0.0
Toolchain Path:  D:\work_soft\KeilCubeMxVs\MDK\Core\ARM\ARMCC\Bin
C Compiler:      Armcc.exe V5.06 update 4 (build 422)
Assembler:       Armasm.exe V5.06 update 4 (build 422)
Linker/Locator:  ArmLink.exe V5.06 update 4 (build 422)
Library Manager: ArmAr.exe V5.06 update 4 (build 422)
Hex Converter:   FromElf.exe V5.06 update 4 (build 422)
CPU DLL:         SARMCM3.DLL V5.38.0.0
Dialog DLL:      DCM.DLL V1.17.5.0
Target DLL:      CMSIS_AGDI.dll V1.33.15.0
Dialog DLL:      TCM.DLL V1.56.4.0
 
<h2>Project:</h2>
D:\project\EleCon_project\balance_car\BalanceCar_Heiweilu\MDK-ARM\BalanceCar_Heiwelu.uvprojx
Project File Date:  05/09/2024

<h2>Output:</h2>
*** Using Compiler 'V5.06 update 4 (build 422)', folder: 'D:\work_soft\KeilCubeMxVs\MDK\Core\ARM\ARMCC\Bin'
Build target 'BalanceCar_Heiwelu'
compiling my_main.c...
..\bsp\my_main.c(261): warning:  #188-D: enumerated type mixed with another type
   HAL_GPIO_WritePin(
PIOC, 
PIO_PIN_13, 0); //打开PC13 LED
..\bsp\my_main.c(380): warning:  #177-D: variable "Bias"  was declared but never referenced
     float Turn_Target,Turn_PWM,Bias,Encoder_temp,Turn_Convert=70,Turn_Count; 
..\bsp\my_main.c(380): warning:  #177-D: variable "Encoder_temp"  was declared but never referenced
     float Turn_Target,Turn_PWM,Bias,Encoder_temp,Turn_Convert=70,Turn_Count; 
..\bsp\my_main.c(380): warning:  #177-D: variable "Turn_Count"  was declared but never referenced
     float Turn_Target,Turn_PWM,Bias,Encoder_temp,Turn_Convert=70,Turn_Count; 
..\bsp\my_main.c(416): warning:  #188-D: enumerated type mixed with another type
  	HAL_GPIO_WritePin(
PIOB, 
PIO_PIN_15, BIN1);
..\bsp\my_main.c(417): warning:  #188-D: enumerated type mixed with another type
  	HAL_GPIO_WritePin(
PIOB, 
PIO_PIN_14, BIN2);
..\bsp\my_main.c(419): warning:  #188-D: enumerated type mixed with another type
  	HAL_GPIO_WritePin(
PIOB, 
PIO_PIN_13, AIN1);
..\bsp\my_main.c(420): warning:  #188-D: enumerated type mixed with another type
  	HAL_GPIO_WritePin(
PIOB, 
PIO_PIN_12, AIN2);	
..\bsp\my_main.c(455): warning:  #177-D: variable "dead_zone"  was declared but never referenced
  	 int dead_zone = 3000 ;		//L298N控制死区 0 - 3000
..\bsp\my_main.c: 9 warnings, 0 errors
linking...
Program Size: Code=34016 RO-data=12400 RW-data=232 ZI-data=2656  
FromELF: creating hex file...
"MPU6050\BalanceCar_Heiweilu.axf" - 0 Error(s), 9 Warning(s).

<h2>Software Packages used:</h2>

Package Vendor: ARM
                http://www.keil.com/pack/ARM.CMSIS.5.9.0.pack
                ARM.CMSIS.5.9.0
                CMSIS (Common Microcontroller Software Interface Standard)
   * Component: CORE Version: 5.6.0

Package Vendor: Keil
                https://www.keil.com/pack/Keil.STM32F1xx_DFP.2.4.1.pack
                Keil.STM32F1xx_DFP.2.4.1
                STMicroelectronics STM32F1 Series Device Support, Drivers and Examples

<h2>Collection of Component include folders:</h2>
  ./RTE/_BalanceCar_Heiwelu
  D:/work_soft/KeilCubeMxVs/MDK/Packs/ARM/CMSIS/5.9.0/CMSIS/Core/Include
  D:/work_soft/KeilCubeMxVs/MDK/Packs/Keil/STM32F1xx_DFP/2.4.1/Device/Include

<h2>Collection of Component Files used:</h2>

   * Component: ARM::CMSIS:CORE:5.6.0
Build Time Elapsed:  00:00:01
</pre>
</body>
</html>
